Archive member included because of file (symbol)

contiki-mbxxx.a(nullmac.o)    stm-sensor.co (nullmac_driver)
contiki-mbxxx.a(sicslowmac.o)
                              contiki-mbxxx.a(nullmac.o) (sicslowmac_driver)
contiki-mbxxx.a(process.o)    stm-sensor.co (process_post)
contiki-mbxxx.a(etimer.o)     stm-sensor.co (etimer_set)
contiki-mbxxx.a(random.o)     contiki-mbxxx.a(sicslowmac.o) (random_rand)
contiki-mbxxx.a(packetbuf.o)  contiki-mbxxx.a(sicslowmac.o) (packetbuf_hdrreduce)
contiki-mbxxx.a(queuebuf.o)   contiki-mbxxx.a(sicslowmac.o) (queuebuf_to_packetbuf)
contiki-mbxxx.a(sicslowpan.o)
                              contiki-mbxxx.a(nullmac.o) (sicslowpan_driver)
contiki-mbxxx.a(tcpip.o)      contiki-mbxxx.a(sicslowpan.o) (tcpip_set_outputfunc)
contiki-mbxxx.a(uip-debug.o)  stm-sensor.co (uip_debug_ipaddr_print)
contiki-mbxxx.a(uip-ds6-route.o)
                              contiki-mbxxx.a(tcpip.o) (uip_ds6_route_nexthop)
contiki-mbxxx.a(uip-ds6-nbr.o)
                              contiki-mbxxx.a(tcpip.o) (uip_ds6_nbr_add)
contiki-mbxxx.a(uip-ds6.o)    contiki-mbxxx.a(tcpip.o) (uip_ds6_is_addr_onlink)
contiki-mbxxx.a(uip-nd6.o)    contiki-mbxxx.a(tcpip.o) (uip_nd6_ns_output)
contiki-mbxxx.a(uip-udp-packet.)
                              stm-sensor.co (uip_udp_packet_sendto)
contiki-mbxxx.a(uip6.o)       contiki-mbxxx.a(tcpip.o) (uip_conn)
contiki-mbxxx.a(button-sensor.o)
                              stm-sensor.co (button_sensor)
contiki-mbxxx.a(temperature-sen)
                              stm-sensor.co (temperature_sensor)
contiki-mbxxx.a(mems.o)       stm-sensor.co (Mems_Init)
contiki-mbxxx.a(board.o)      stm-sensor.co (boardPrintStringDescription)
contiki-mbxxx.a(leds.o)       stm-sensor.co (leds_on)
contiki-mbxxx.a(clock.o)      contiki-mbxxx.a(etimer.o) (clock_time)
contiki-mbxxx.a(watchdog.o)   contiki-mbxxx.a(sicslowpan.o) (watchdog_periodic)
contiki-mbxxx.a(uart1-putchar.o)
                              stm-sensor.co (putchar)
contiki-mbxxx.a(stm32w-radio.o)
                              contiki-mbxxx.a(sicslowmac.o) (stm32w_radio_driver)
contiki-mbxxx.a(stm32w-systick.)
                              contiki-mbxxx.a(clock.o) (SysTick_CLKSourceConfig)
contiki-mbxxx.a(uip-arch.o)   contiki-mbxxx.a(uip6.o) (uip_add32)
contiki-mbxxx.a(rtimer-arch.o)
                              contiki-mbxxx.a(stm32w-radio.o) (rtimer_arch_now)
contiki-mbxxx.a(adc.o)        contiki-mbxxx.a(temperature-sen) (halAdcSetRange)
contiki-mbxxx.a(micro.o)      contiki-mbxxx.a(watchdog.o) (halReboot)
contiki-mbxxx.a(sleep.o)      contiki-mbxxx.a(stm32w-radio.o) (halSleepWithOptions)
contiki-mbxxx.a(micro-common.o)
                              contiki-mbxxx.a(watchdog.o) (halInternalEnableWatchDog)
contiki-mbxxx.a(micro-common-in)
                              contiki-mbxxx.a(adc.o) (stCalibrateVref)
contiki-mbxxx.a(clocks.o)     contiki-mbxxx.a(micro-common.o) (halInternalCalibrateSlowRc)
contiki-mbxxx.a(mfg-token.o)  contiki-mbxxx.a(board.o) (halInternalGetMfgTokenData)
contiki-mbxxx.a(flash.o)      contiki-mbxxx.a(mfg-token.o) (halInternalFlashWrite)
contiki-mbxxx.a(rand.o)       contiki-mbxxx.a(random.o) (rand)
contiki-mbxxx.a(crt-stm32w108.o)
                              (Default_Handler)
contiki-mbxxx.a(spmr.o)       contiki-mbxxx.a(clock.o) (_writeBasePri)
contiki-mbxxx.a(context-switch.)
                              contiki-mbxxx.a(sleep.o) (halPendSvSaveContext)
contiki-mbxxx.a(rimeaddr.o)   contiki-mbxxx.a(sicslowmac.o) (rimeaddr_copy)
contiki-mbxxx.a(frame802154.o)
                              contiki-mbxxx.a(sicslowmac.o) (frame802154_hdrlen)
contiki-mbxxx.a(framer-802154.o)
                              contiki-mbxxx.a(sicslowpan.o) (framer_802154)
contiki-mbxxx.a(rpl.o)        contiki-mbxxx.a(uip-ds6-nbr.o) (rpl_link_neighbor_callback)
contiki-mbxxx.a(rpl-dag.o)    contiki-mbxxx.a(rpl.o) (rpl_dag_init)
contiki-mbxxx.a(rpl-icmp6.o)  contiki-mbxxx.a(rpl.o) (dao_output_target)
contiki-mbxxx.a(rpl-timers.o)
                              contiki-mbxxx.a(rpl.o) (rpl_reset_periodic_timer)
contiki-mbxxx.a(rpl-mrhof.o)  contiki-mbxxx.a(rpl-dag.o) (rpl_mrhof)
contiki-mbxxx.a(rpl-ext-header.)
                              contiki-mbxxx.a(uip6.o) (rpl_verify_header)
contiki-mbxxx.a(memb.o)       contiki-mbxxx.a(queuebuf.o) (memb_init)
contiki-mbxxx.a(timer.o)      contiki-mbxxx.a(etimer.o) (timer_set)
contiki-mbxxx.a(list.o)       contiki-mbxxx.a(uip-ds6-route.o) (list_init)
contiki-mbxxx.a(ctimer.o)     contiki-mbxxx.a(rpl-timers.o) (ctimer_set)
contiki-mbxxx.a(rtimer.o)     contiki-mbxxx.a(rtimer-arch.o) (rtimer_run_next)
contiki-mbxxx.a(stimer.o)     contiki-mbxxx.a(tcpip.o) (stimer_set)
contiki-mbxxx.a(nbr-table.o)  contiki-mbxxx.a(uip-ds6-route.o) (nbr_table_register)
contiki-mbxxx.a(uip-icmp6.o)  contiki-mbxxx.a(uip6.o) (uip_icmp6_echo_request_input)
contiki-mbxxx.a(sensors.o)    contiki-mbxxx.a(button-sensor.o) (sensors_changed)
contiki-mbxxx.a(contiki-main.o)
[...]
Memory Configuration

Name             Origin             Length             Attributes
RAM_region       0x20000000         0x00002000         xrw
ROM_region       0x08000000         0x00020000         xr
FIB_region       0x08040000         0x00000800         ar
*default*        0x00000000         0xffffffff

Linker script and memory map

                0x00003000                _BOOTLOADER_SIZE = 0x3000
                0x00000800                _NVM_size = 0x800
                0x00000500                __Stack_Size = 0x500
                0x00000500                PROVIDE (_Stack_Size, __Stack_Size)
                0x20000000                __Stack_Init = 0x20000000
                0x20000500                _estack = (__Stack_Init + __Stack_Size)
                0x20000000                PROVIDE (_Stack_Init, __Stack_Init)

.isr_vector     0x08000000       0x84
                0x08000000                . = ALIGN (0x4)
                0x08000000                __ApplicationFlashStart = .
 *(.isr_vector)
 .isr_vector    0x08000000       0x84 contiki-mbxxx.a(crt-stm32w108.o)
                0x08000000                g_pfnVectors
                0x08000084                . = ALIGN (0x4)

.flashtext      0x08000084        0x0
                0x08000084                . = ALIGN (0x4)
 *(.flashtext)
                0x08000084                . = ALIGN (0x4)

.text           0x08000084     0xc9f8
                0x08000084                . = ALIGN (0x4)
 *(.text)
 .text          0x08000084       0x50 contiki-mbxxx.a(spmr.o)
                0x08000084                _readBasePri
                0x0800008a                _writeBasePri
                0x08000090                _disableBasePri
                0x0800009c                _basePriIsDisabled
                0x080000aa                _enableBasePri
                0x080000b2                _setPriMask
                0x080000b6                _clearPriMask
                0x080000ba                _executeBarrierInstructions
 .text          0x080000d4       0x48 contiki-mbxxx.a(context-switch.)
                0x080000d4                PendSV_Handler
                0x080000d4                halPendSvIsr
                0x08000102                halTriggerContextRestore
                0x0800010e                halInternalIdleSleep
 .text          0x0800011c       0x8c /home/prabha/Sourcery_G++_Lite/bin/../lib/gcc/arm-none-eabi/4.5.2/../../../../arm-none-eabi/lib/thumb2/libc.a(lib_a-memchr.o)
                0x0800011c                memchr
 .text          0x080001a8       0x64 /home/prabha/Sourcery_G++_Lite/bin/../lib/gcc/arm-none-eabi/4.5.2/../../../../arm-none-eabi/lib/thumb2/libc.a(lib_a-memcmp.o)
                0x080001a8                memcmp
 .text          0x0800020c      0x150 /home/prabha/Sourcery_G++_Lite/bin/../lib/gcc/arm-none-eabi/4.5.2/../../../../arm-none-eabi/lib/thumb2/libc.a(lib_a-memcpy.o)
                0x0800020c                memcpy
 .text          0x0800035c       0xb4 /home/prabha/Sourcery_G++_Lite/bin/../lib/gcc/arm-none-eabi/4.5.2/../../../../arm-none-eabi/lib/thumb2/libc.a(lib_a-memmove.o)
                0x0800035c                memmove
 .text          0x08000410       0xb4 /home/prabha/Sourcery_G++_Lite/bin/../lib/gcc/arm-none-eabi/4.5.2/../../../../arm-none-eabi/lib/thumb2/libc.a(lib_a-memset.o)
                0x08000410                memset
 .text          0x080004c4      0x1dc /home/prabha/Sourcery_G++_Lite/bin/../lib/gcc/arm-none-eabi/4.5.2/../../../../arm-none-eabi/lib/thumb2/libc.a(lib_a-strcmp.o)
                0x080004c4                strcmp
 .text          0x080006a0       0x60 /home/prabha/Sourcery_G++_Lite/bin/../lib/gcc/arm-none-eabi/4.5.2/../../../../arm-none-eabi/lib/thumb2/libc.a(lib_a-strlen.o)
                0x080006a0                strlen
 *(.text.*)
 .text.status   0x08000700       0x24 stm-sensor.co
 .text.configure
                0x08000724       0x5e stm-sensor.co
 .text.value    0x08000782       0x44 stm-sensor.co
 *fill*         0x080007c6        0x2 00
 .text.send_packet.clone.0
                0x080007c8       0xa0 stm-sensor.co
 .text.read_temperature
                0x08000868       0x18 stm-sensor.co
                0x08000868                read_temperature
 .text.request_discovery
                0x08000880       0x24 stm-sensor.co
                0x08000880                request_discovery
 .text.process_thread_discovery_process
                0x080008a4       0x60 stm-sensor.co
 .text.request_sensors
                0x08000904       0x2c stm-sensor.co
                0x08000904                request_sensors
 .text.get_temperature
                0x08000930       0x40 stm-sensor.co
                0x08000930                get_temperature
 .text.get_accel
                0x08000970       0x80 stm-sensor.co
                0x08000970                get_accel
 .text.get_all_sensors
                0x080009f0       0x9c stm-sensor.co
                0x080009f0                get_all_sensors
 .text.process_thread_wsn_driver_process
                0x08000a8c      0x2a4 stm-sensor.co
 .text.send_packet
                0x08000d30       0x10 contiki-mbxxx.a(nullmac.o)
 .text.packet_input
                0x08000d40       0x10 contiki-mbxxx.a(nullmac.o)
 .text.on       0x08000d50       0x10 contiki-mbxxx.a(nullmac.o)
 .text.off      0x08000d60       0x10 contiki-mbxxx.a(nullmac.o)
 .text.channel_check_interval
                0x08000d70        0x4 contiki-mbxxx.a(nullmac.o)
 .text.init     0x08000d74        0x2 contiki-mbxxx.a(nullmac.o)
 *fill*         0x08000d76        0x2 00
 .text.on       0x08000d78       0x10 contiki-mbxxx.a(sicslowmac.o)
 .text.off      0x08000d88       0x18 contiki-mbxxx.a(sicslowmac.o)
 .text.channel_check_interval
                0x08000da0        0x4 contiki-mbxxx.a(sicslowmac.o)
 .text.input_packet
                0x08000da4       0x90 contiki-mbxxx.a(sicslowmac.o)
 .text.send_packet
                0x08000e34       0xf8 contiki-mbxxx.a(sicslowmac.o)
 .text.init     0x08000f2c       0x1c contiki-mbxxx.a(sicslowmac.o)
 .text.send_list
                0x08000f48       0x1c contiki-mbxxx.a(sicslowmac.o)
                0x08000f48                send_list
 .text.process_alloc_event
                0x08000f64       0x10 contiki-mbxxx.a(process.o)
                0x08000f64                process_alloc_event
 .text.process_init
                0x08000f74       0x18 contiki-mbxxx.a(process.o)
                0x08000f74                process_init
 .text.process_post
                0x08000f8c       0x30 contiki-mbxxx.a(process.o)
                0x08000f8c                process_post
 .text.process_poll
                0x08000fbc       0x1c contiki-mbxxx.a(process.o)
                0x08000fbc                process_poll
 .text.process_is_running
                0x08000fd8        0xa contiki-mbxxx.a(process.o)
                0x08000fd8                process_is_running
 *fill*         0x08000fe2        0x2 00
 .text.exit_process
                0x08000fe4       0x84 contiki-mbxxx.a(process.o)
 .text.call_process
                0x08001068       0x40 contiki-mbxxx.a(process.o)
 .text.process_post_synch
                0x080010a8       0x14 contiki-mbxxx.a(process.o)
                0x080010a8                process_post_synch
 .text.process_start
                0x080010bc       0x34 contiki-mbxxx.a(process.o)
                0x080010bc                process_start
 .text.do_poll  0x080010f0       0x2c contiki-mbxxx.a(process.o)
 .text.process_run
                0x0800111c       0x8c contiki-mbxxx.a(process.o)
                0x0800111c                process_run
 .text.process_exit
                0x080011a8        0xc contiki-mbxxx.a(process.o)
                0x080011a8                process_exit
 .text.update_time
                0x080011b4       0x3c contiki-mbxxx.a(etimer.o)
 .text.etimer_request_poll
                0x080011f0        0xc contiki-mbxxx.a(etimer.o)
                0x080011f0                etimer_request_poll
 .text.process_thread_etimer_process
                0x080011fc       0x9c contiki-mbxxx.a(etimer.o)
 .text.add_timer
                0x08001298       0x40 contiki-mbxxx.a(etimer.o)
 .text.etimer_set
                0x080012d8       0x12 contiki-mbxxx.a(etimer.o)
                0x080012d8                etimer_set
 .text.etimer_reset
                0x080012ea       0x12 contiki-mbxxx.a(etimer.o)
                0x080012ea                etimer_reset
 .text.etimer_restart
                0x080012fc       0x12 contiki-mbxxx.a(etimer.o)
                0x080012fc                etimer_restart
 .text.etimer_expired
                0x0800130e        0xc contiki-mbxxx.a(etimer.o)
                0x0800130e                etimer_expired
 .text.etimer_expiration_time
                0x0800131a        0x8 contiki-mbxxx.a(etimer.o)
                0x0800131a                etimer_expiration_time
 *fill*         0x08001322        0x2 00
 .text.etimer_pending
                0x08001324       0x10 contiki-mbxxx.a(etimer.o)
                0x08001324                etimer_pending
 .text.etimer_stop
                0x08001334       0x34 contiki-mbxxx.a(etimer.o)
                0x08001334                etimer_stop
 .text.random_rand
                0x08001368        0xa contiki-mbxxx.a(random.o)
                0x08001368                random_rand
 *fill*         0x08001372        0x2 00
 .text.packetbuf_copyto_hdr
                0x08001374       0x1c contiki-mbxxx.a(packetbuf.o)
                0x08001374                packetbuf_copyto_hdr
 .text.packetbuf_copyto
                0x08001390       0x44 contiki-mbxxx.a(packetbuf.o)
                0x08001390                packetbuf_copyto
 .text.packetbuf_hdrreduce
                0x080013d4       0x28 contiki-mbxxx.a(packetbuf.o)
                0x080013d4                packetbuf_hdrreduce
 .text.packetbuf_set_datalen
                0x080013fc        0xc contiki-mbxxx.a(packetbuf.o)
                0x080013fc                packetbuf_set_datalen
 .text.packetbuf_dataptr
                0x08001408       0x14 contiki-mbxxx.a(packetbuf.o)
                0x08001408                packetbuf_dataptr
 .text.packetbuf_hdrptr
                0x0800141c       0x10 contiki-mbxxx.a(packetbuf.o)
                0x0800141c                packetbuf_hdrptr
 .text.packetbuf_is_reference
                0x0800142c       0x18 contiki-mbxxx.a(packetbuf.o)
                0x0800142c                packetbuf_is_reference
 .text.packetbuf_reference_ptr
                0x08001444        0xc contiki-mbxxx.a(packetbuf.o)
                0x08001444                packetbuf_reference_ptr
 .text.packetbuf_datalen
                0x08001450        0xc contiki-mbxxx.a(packetbuf.o)
                0x08001450                packetbuf_datalen
 .text.packetbuf_hdrlen
                0x0800145c       0x10 contiki-mbxxx.a(packetbuf.o)
                0x0800145c                packetbuf_hdrlen
 .text.packetbuf_totlen
                0x0800146c       0x12 contiki-mbxxx.a(packetbuf.o)
                0x0800146c                packetbuf_totlen
 *fill*         0x0800147e        0x2 00
 .text.packetbuf_hdralloc
                0x08001480       0x2c contiki-mbxxx.a(packetbuf.o)
                0x08001480                packetbuf_hdralloc
 .text.packetbuf_attr_clear
                0x080014ac       0x34 contiki-mbxxx.a(packetbuf.o)
                0x080014ac                packetbuf_attr_clear
 .text.packetbuf_clear
                0x080014e0       0x20 contiki-mbxxx.a(packetbuf.o)
                0x080014e0                packetbuf_clear
 .text.packetbuf_copyfrom
                0x08001500       0x2c contiki-mbxxx.a(packetbuf.o)
                0x08001500                packetbuf_copyfrom
 .text.packetbuf_attr_copyto
                0x0800152c       0x30 contiki-mbxxx.a(packetbuf.o)
                0x0800152c                packetbuf_attr_copyto
 .text.packetbuf_attr_copyfrom
                0x0800155c       0x30 contiki-mbxxx.a(packetbuf.o)
                0x0800155c                packetbuf_attr_copyfrom
 .text.packetbuf_set_attr
                0x0800158c       0x10 contiki-mbxxx.a(packetbuf.o)
                0x0800158c                packetbuf_set_attr
 .text.packetbuf_attr
                0x0800159c        0xc contiki-mbxxx.a(packetbuf.o)
                0x0800159c                packetbuf_attr
 .text.packetbuf_set_addr
                0x080015a8       0x18 contiki-mbxxx.a(packetbuf.o)
                0x080015a8                packetbuf_set_addr
 .text.packetbuf_addr
                0x080015c0       0x10 contiki-mbxxx.a(packetbuf.o)
                0x080015c0                packetbuf_addr
 .text.queuebuf_load_to_ram
                0x080015d0        0x4 contiki-mbxxx.a(queuebuf.o)
 .text.queuebuf_new_from_packetbuf
                0x080015d4       0x6c contiki-mbxxx.a(queuebuf.o)
                0x080015d4                queuebuf_new_from_packetbuf
 .text.queuebuf_free
                0x08001640       0x40 contiki-mbxxx.a(queuebuf.o)
                0x08001640                queuebuf_free
 .text.queuebuf_to_packetbuf
                0x08001680       0x6c contiki-mbxxx.a(queuebuf.o)
                0x08001680                queuebuf_to_packetbuf
 .text.addr_context_lookup_by_number
                0x080016ec       0x38 contiki-mbxxx.a(sicslowpan.o)
 .text.compress_addr_64
                0x08001724       0x90 contiki-mbxxx.a(sicslowpan.o)
 .text.uncompress_addr
                0x080017b4       0x78 contiki-mbxxx.a(sicslowpan.o)
 .text.set_packet_attrs
                0x0800182c       0x44 contiki-mbxxx.a(sicslowpan.o)
 .text.input    0x08001870      0x548 contiki-mbxxx.a(sicslowpan.o)
 .text.sicslowpan_init
                0x08001db8       0x24 contiki-mbxxx.a(sicslowpan.o)
                0x08001db8                sicslowpan_init
 .text.addr_context_lookup_by_prefix
                0x08001ddc       0x48 contiki-mbxxx.a(sicslowpan.o)
 .text.send_packet
                0x08001e24       0x24 contiki-mbxxx.a(sicslowpan.o)
 .text.packet_sent
                0x08001e48       0x24 contiki-mbxxx.a(sicslowpan.o)
 .text.output   0x08001e6c      0x648 contiki-mbxxx.a(sicslowpan.o)
 .text.start_periodic_tcp_timer
                0x080024b4       0x1c contiki-mbxxx.a(tcpip.o)
 .text.tcpip_output
                0x080024d0       0x14 contiki-mbxxx.a(tcpip.o)
                0x080024d0                tcpip_output
 .text.tcpip_set_outputfunc
                0x080024e4        0xc contiki-mbxxx.a(tcpip.o)
                0x080024e4                tcpip_set_outputfunc
 .text.udp_new  0x080024f0       0x18 contiki-mbxxx.a(tcpip.o)
                0x080024f0                udp_new
 .text.tcpip_input
                0x08002508       0x28 contiki-mbxxx.a(tcpip.o)
                0x08002508                tcpip_input
 .text.tcpip_ipv6_output
                0x08002530      0x144 contiki-mbxxx.a(tcpip.o)
                0x08002530                tcpip_ipv6_output
 .text.process_thread_tcpip_process
                0x08002674      0x1ec contiki-mbxxx.a(tcpip.o)
 .text.tcpip_uipcall
                0x08002860       0x80 contiki-mbxxx.a(tcpip.o)
                0x08002860                tcpip_uipcall
 .text.uip_debug_ipaddr_print
                0x080028e0       0x68 contiki-mbxxx.a(uip-debug.o)
                0x080028e0                uip_debug_ipaddr_print
 .text.uip_debug_lladdr_print
                0x08002948       0x24 contiki-mbxxx.a(uip-debug.o)
                0x08002948                uip_debug_lladdr_print
 .text.call_route_callback
                0x0800296c       0x48 contiki-mbxxx.a(uip-ds6-route.o)
 .text.uip_ds6_route_init
                0x080029b4       0x3c contiki-mbxxx.a(uip-ds6-route.o)
                0x080029b4                uip_ds6_route_init
 .text.uip_ds6_route_nexthop
                0x080029f0       0x1c contiki-mbxxx.a(uip-ds6-route.o)
                0x080029f0                uip_ds6_route_nexthop
 .text.uip_ds6_route_head
                0x08002a0c       0x24 contiki-mbxxx.a(uip-ds6-route.o)
                0x08002a0c                uip_ds6_route_head
 .text.uip_ds6_route_next
                0x08002a30       0x2c contiki-mbxxx.a(uip-ds6-route.o)
                0x08002a30                uip_ds6_route_next
 .text.uip_ds6_route_lookup
                0x08002a5c       0x42 contiki-mbxxx.a(uip-ds6-route.o)
                0x08002a5c                uip_ds6_route_lookup
 *fill*         0x08002a9e        0x2 00
 .text.uip_ds6_route_add
                0x08002aa0       0xac contiki-mbxxx.a(uip-ds6-route.o)
                0x08002aa0                uip_ds6_route_add
 .text.uip_ds6_route_rm
                0x08002b4c       0x60 contiki-mbxxx.a(uip-ds6-route.o)
                0x08002b4c                uip_ds6_route_rm
 .text.rm_routelist
                0x08002bac       0x2c contiki-mbxxx.a(uip-ds6-route.o)
 .text.rm_routelist_callback
                0x08002bd8        0x4 contiki-mbxxx.a(uip-ds6-route.o)
 .text.uip_ds6_defrt_rm
                0x08002bdc       0x44 contiki-mbxxx.a(uip-ds6-route.o)
                0x08002bdc                uip_ds6_defrt_rm
 .text.uip_ds6_defrt_lookup
                0x08002c20       0x2c contiki-mbxxx.a(uip-ds6-route.o)
                0x08002c20                uip_ds6_defrt_lookup
 .text.uip_ds6_defrt_add
                0x08002c4c       0x60 contiki-mbxxx.a(uip-ds6-route.o)
                0x08002c4c                uip_ds6_defrt_add
 .text.uip_ds6_defrt_choose
                0x08002cac       0x34 contiki-mbxxx.a(uip-ds6-route.o)
                0x08002cac                uip_ds6_defrt_choose
 .text.uip_ds6_defrt_periodic
                0x08002ce0       0x34 contiki-mbxxx.a(uip-ds6-route.o)
                0x08002ce0                uip_ds6_defrt_periodic
 .text.uip_ds6_nbr_rm
                0x08002d14       0x20 contiki-mbxxx.a(uip-ds6-nbr.o)
                0x08002d14                uip_ds6_nbr_rm
 .text.uip_ds6_neighbors_init
                0x08002d34       0x14 contiki-mbxxx.a(uip-ds6-nbr.o)
                0x08002d34                uip_ds6_neighbors_init
 .text.uip_ds6_nbr_add
                0x08002d48       0x58 contiki-mbxxx.a(uip-ds6-nbr.o)
                0x08002d48                uip_ds6_nbr_add
 .text.uip_ds6_nbr_get_ll
                0x08002da0       0x10 contiki-mbxxx.a(uip-ds6-nbr.o)
                0x08002da0                uip_ds6_nbr_get_ll
 .text.uip_ds6_nbr_lookup
                0x08002db0       0x38 contiki-mbxxx.a(uip-ds6-nbr.o)
                0x08002db0                uip_ds6_nbr_lookup
 .text.uip_ds6_nbr_ll_lookup
                0x08002de8       0x10 contiki-mbxxx.a(uip-ds6-nbr.o)
                0x08002de8                uip_ds6_nbr_ll_lookup
 .text.uip_ds6_nbr_ipaddr_from_lladdr
                0x08002df8        0x8 contiki-mbxxx.a(uip-ds6-nbr.o)
                0x08002df8                uip_ds6_nbr_ipaddr_from_lladdr
 .text.uip_ds6_nbr_lladdr_from_ipaddr
                0x08002e00       0x12 contiki-mbxxx.a(uip-ds6-nbr.o)
                0x08002e00                uip_ds6_nbr_lladdr_from_ipaddr
 *fill*         0x08002e12        0x2 00
 .text.uip_ds6_link_neighbor_callback
                0x08002e14       0x2c contiki-mbxxx.a(uip-ds6-nbr.o)
                0x08002e14                uip_ds6_link_neighbor_callback
 .text.uip_ds6_neighbor_periodic
                0x08002e40       0xf0 contiki-mbxxx.a(uip-ds6-nbr.o)
                0x08002e40                uip_ds6_neighbor_periodic
 .text.uip_ds6_list_loop
                0x08002f30       0x48 contiki-mbxxx.a(uip-ds6.o)
                0x08002f30                uip_ds6_list_loop
 .text.uip_ds6_prefix_add
                0x08002f78       0x5c contiki-mbxxx.a(uip-ds6.o)
                0x08002f78                uip_ds6_prefix_add
 .text.uip_ds6_is_addr_onlink
                0x08002fd4       0x40 contiki-mbxxx.a(uip-ds6.o)
                0x08002fd4                uip_ds6_is_addr_onlink
 .text.uip_ds6_addr_lookup
                0x08003014       0x2c contiki-mbxxx.a(uip-ds6.o)
                0x08003014                uip_ds6_addr_lookup
 .text.uip_ds6_get_link_local
                0x08003040       0x48 contiki-mbxxx.a(uip-ds6.o)
                0x08003040                uip_ds6_get_link_local
 .text.uip_ds6_maddr_add
                0x08003088       0x48 contiki-mbxxx.a(uip-ds6.o)
                0x08003088                uip_ds6_maddr_add
 .text.uip_ds6_addr_add
                0x080030d0       0x94 contiki-mbxxx.a(uip-ds6.o)
                0x080030d0                uip_ds6_addr_add
 .text.uip_ds6_maddr_rm
                0x08003164        0x8 contiki-mbxxx.a(uip-ds6.o)
                0x08003164                uip_ds6_maddr_rm
 .text.uip_ds6_maddr_lookup
                0x0800316c       0x2c contiki-mbxxx.a(uip-ds6.o)
                0x0800316c                uip_ds6_maddr_lookup
 .text.uip_ds6_addr_rm
                0x08003198       0x44 contiki-mbxxx.a(uip-ds6.o)
                0x08003198                uip_ds6_addr_rm
 .text.uip_ds6_periodic
                0x080031dc       0x50 contiki-mbxxx.a(uip-ds6.o)
                0x080031dc                uip_ds6_periodic
 .text.uip_ds6_set_addr_iid
                0x0800322c       0x12 contiki-mbxxx.a(uip-ds6.o)
                0x0800322c                uip_ds6_set_addr_iid
 .text.get_match_length
                0x0800323e       0x3a contiki-mbxxx.a(uip-ds6.o)
                0x0800323e                get_match_length
 .text.uip_ds6_select_src
                0x08003278       0x9c contiki-mbxxx.a(uip-ds6.o)
                0x08003278                uip_ds6_select_src
 .text.uip_ds6_compute_reachable_time
                0x08003314       0x28 contiki-mbxxx.a(uip-ds6.o)
                0x08003314                uip_ds6_compute_reachable_time
 .text.uip_ds6_init
                0x0800333c       0xe4 contiki-mbxxx.a(uip-ds6.o)
                0x0800333c                uip_ds6_init
 .text.create_llao
                0x08003420       0x24 contiki-mbxxx.a(uip-nd6.o)
 .text.uip_nd6_ns_input
                0x08003444      0x278 contiki-mbxxx.a(uip-nd6.o)
                0x08003444                uip_nd6_ns_input
 .text.uip_nd6_ns_output
                0x080036bc      0x164 contiki-mbxxx.a(uip-nd6.o)
                0x080036bc                uip_nd6_ns_output
 .text.uip_nd6_na_input
                0x08003820      0x1b0 contiki-mbxxx.a(uip-nd6.o)
                0x08003820                uip_nd6_na_input
 .text.uip_udp_packet_send
                0x080039d0       0x34 contiki-mbxxx.a(uip-udp-packet.)
                0x080039d0                uip_udp_packet_send
 .text.uip_udp_packet_sendto
                0x08003a04       0x4e contiki-mbxxx.a(uip-udp-packet.)
                0x08003a04                uip_udp_packet_sendto
 .text.chksum   0x08003a52       0x38 contiki-mbxxx.a(uip6.o)
 *fill*         0x08003a8a        0x2 00
 .text.uip_add_rcv_nxt
                0x08003a8c       0x2c contiki-mbxxx.a(uip6.o)
 .text.ext_hdr_options_process
                0x08003ab8       0xa8 contiki-mbxxx.a(uip6.o)
 .text.uip_init
                0x08003b60       0x68 contiki-mbxxx.a(uip6.o)
                0x08003b60                uip_init
 .text.remove_ext_hdr
                0x08003bc8       0x5c contiki-mbxxx.a(uip6.o)
                0x08003bc8                remove_ext_hdr
 .text.uip_unlisten
                0x08003c24       0x30 contiki-mbxxx.a(uip6.o)
                0x08003c24                uip_unlisten
 .text.uip_htons
                0x08003c54        0xa contiki-mbxxx.a(uip6.o)
                0x08003c54                uip_htons
 *fill*         0x08003c5e        0x2 00
 .text.uip_udp_new
                0x08003c60       0xb0 contiki-mbxxx.a(uip6.o)
                0x08003c60                uip_udp_new
 .text.upper_layer_chksum
                0x08003d10       0x54 contiki-mbxxx.a(uip6.o)
 .text.uip_udpchksum
                0x08003d64        0x6 contiki-mbxxx.a(uip6.o)
                0x08003d64                uip_udpchksum
 .text.uip_tcpchksum
                0x08003d6a        0x6 contiki-mbxxx.a(uip6.o)
                0x08003d6a                uip_tcpchksum
 .text.uip_icmp6chksum
                0x08003d70        0x6 contiki-mbxxx.a(uip6.o)
                0x08003d70                uip_icmp6chksum
 *fill*         0x08003d76        0x2 00
 .text.uip_process
                0x08003d78      0xd54 contiki-mbxxx.a(uip6.o)
                0x08003d78                uip_process
 .text.uip_htonl
                0x08004acc       0x18 contiki-mbxxx.a(uip6.o)
                0x08004acc                uip_htonl
 .text.status   0x08004ae4       0x18 contiki-mbxxx.a(button-sensor.o)
 .text.configure
                0x08004afc       0x84 contiki-mbxxx.a(button-sensor.o)
 .text.value    0x08004b80       0x3c contiki-mbxxx.a(button-sensor.o)
 .text.halIrqCIsr
                0x08004bbc       0x38 contiki-mbxxx.a(button-sensor.o)
                0x08004bbc                halIrqCIsr
 .text.status   0x08004bf4        0xc contiki-mbxxx.a(temperature-sen)
 .text.configure
                0x08004c00       0x20 contiki-mbxxx.a(temperature-sen)
 .text.value    0x08004c20       0x64 contiki-mbxxx.a(temperature-sen)
 .text.I2C_Send_Frame
                0x08004c84       0xd4 contiki-mbxxx.a(mems.o)
 .text.i2c_write_reg.clone.0
                0x08004d58       0x16 contiki-mbxxx.a(mems.o)
 *fill*         0x08004d6e        0x2 00
 .text.Mems_Init
                0x08004d70       0x9c contiki-mbxxx.a(mems.o)
                0x08004d70                Mems_Init
 .text.i2c_write_reg
                0x08004e0c       0x14 contiki-mbxxx.a(mems.o)
                0x08004e0c                i2c_write_reg
 .text.i2c_read_reg
                0x08004e20      0x180 contiki-mbxxx.a(mems.o)
                0x08004e20                i2c_read_reg
 .text.MEMS_On  0x08004fa0        0x8 contiki-mbxxx.a(mems.o)
                0x08004fa0                MEMS_On
 .text.MEMS_Off
                0x08004fa8        0x8 contiki-mbxxx.a(mems.o)
                0x08004fa8                MEMS_Off
 .text.MEMS_SetFullScale
                0x08004fb0       0x40 contiki-mbxxx.a(mems.o)
                0x08004fb0                MEMS_SetFullScale
 .text.MEMS_GetFullScale
                0x08004ff0        0xc contiki-mbxxx.a(mems.o)
                0x08004ff0                MEMS_GetFullScale
 .text.halBoardInit
                0x08004ffc       0x68 contiki-mbxxx.a(board.o)
                0x08004ffc                halBoardInit
 .text.halBoardPowerUp
                0x08005064      0x10c contiki-mbxxx.a(board.o)
                0x08005064                halBoardPowerUp
 .text.printLeds
                0x08005170       0x60 contiki-mbxxx.a(board.o)
                0x08005170                printLeds
 .text.printButtons
                0x080051d0       0x60 contiki-mbxxx.a(board.o)
                0x080051d0                printButtons
 .text.boardPrintStringDescription
                0x08005230      0x124 contiki-mbxxx.a(board.o)
                0x08005230                boardPrintStringDescription
 .text.show_leds.clone.0
                0x08005354       0x10 contiki-mbxxx.a(leds.o)
 .text.leds_init
                0x08005364       0x14 contiki-mbxxx.a(leds.o)
                0x08005364                leds_init
 .text.leds_on  0x08005378       0x14 contiki-mbxxx.a(leds.o)
                0x08005378                leds_on
 .text.leds_off
                0x0800538c       0x14 contiki-mbxxx.a(leds.o)
                0x0800538c                leds_off
 .text.SysTick_Handler
                0x080053a0       0x34 contiki-mbxxx.a(clock.o)
                0x080053a0                SysTick_Handler
 .text.clock_init
                0x080053d4       0x38 contiki-mbxxx.a(clock.o)
                0x080053d4                clock_init
 .text.clock_time
                0x0800540c        0xc contiki-mbxxx.a(clock.o)
                0x0800540c                clock_time
 .text.clock_wait
                0x08005418       0x16 contiki-mbxxx.a(clock.o)
                0x08005418                clock_wait
 *fill*         0x0800542e        0x2 00
 .text.clock_seconds
                0x08005430        0xc contiki-mbxxx.a(clock.o)
                0x08005430                clock_seconds
 .text.watchdog_start
                0x0800543c        0x4 contiki-mbxxx.a(watchdog.o)
                0x0800543c                watchdog_start
 .text.watchdog_periodic
                0x08005440        0x4 contiki-mbxxx.a(watchdog.o)
                0x08005440                watchdog_periodic
 .text.putchar  0x08005444        0xe contiki-mbxxx.a(uart1-putchar.o)
                0x08005444                putchar
 .text.__io_putchar
                0x08005452        0x4 contiki-mbxxx.a(uart1-putchar.o)
                0x08005452                __io_putchar
 *fill*         0x08005456        0x2 00
 .text.RELEASE_LOCK
                0x08005458       0x10 contiki-mbxxx.a(stm32w-radio.o)
 .text.stm32w_radio_receiving_packet
                0x08005468        0xc contiki-mbxxx.a(stm32w-radio.o)
 .text.stm32w_radio_pending_packet
                0x08005474       0x14 contiki-mbxxx.a(stm32w-radio.o)
 .text.stm32w_radio_off
                0x08005488       0x48 contiki-mbxxx.a(stm32w-radio.o)
 .text.stm32w_radio_on
                0x080054d0       0x20 contiki-mbxxx.a(stm32w-radio.o)
 .text.stm32w_radio_channel_clear
                0x080054f0        0x8 contiki-mbxxx.a(stm32w-radio.o)
 .text.stm32w_radio_prepare
                0x080054f8       0x24 contiki-mbxxx.a(stm32w-radio.o)
 .text.stm32w_radio_read
                0x0800551c       0x9c contiki-mbxxx.a(stm32w-radio.o)
 .text.stm32w_radio_transmit
                0x080055b8       0xe8 contiki-mbxxx.a(stm32w-radio.o)
 .text.stm32w_radio_send
                0x080056a0       0x18 contiki-mbxxx.a(stm32w-radio.o)
 .text.stm32w_radio_init
                0x080056b8       0x50 contiki-mbxxx.a(stm32w-radio.o)
 .text.process_thread_stm32w_radio_process
                0x08005708       0x68 contiki-mbxxx.a(stm32w-radio.o)
 .text.RXBUFS_FULL
                0x08005770       0x1c contiki-mbxxx.a(stm32w-radio.o)
                0x08005770                RXBUFS_FULL
 .text.ST_RadioReceiveIsrCallback
                0x0800578c       0xac contiki-mbxxx.a(stm32w-radio.o)
                0x0800578c                ST_RadioReceiveIsrCallback
 .text.ST_RadioTransmitCompleteIsrCallback
                0x08005838       0x5c contiki-mbxxx.a(stm32w-radio.o)
                0x08005838                ST_RadioTransmitCompleteIsrCallback
 .text.ST_RadioDataPendingShortIdIsrCallback
                0x08005894       0x10 contiki-mbxxx.a(stm32w-radio.o)
                0x08005894                ST_RadioDataPendingShortIdIsrCallback
 .text.ST_RadioDataPendingLongIdIsrCallback
                0x080058a4       0x10 contiki-mbxxx.a(stm32w-radio.o)
                0x080058a4                ST_RadioDataPendingLongIdIsrCallback
 .text.ST_RadioOverflowIsrCallback
                0x080058b4        0x2 contiki-mbxxx.a(stm32w-radio.o)
                0x080058b4                ST_RadioOverflowIsrCallback
 .text.ST_RadioSfdSentIsrCallback
                0x080058b6        0x2 contiki-mbxxx.a(stm32w-radio.o)
                0x080058b6                ST_RadioSfdSentIsrCallback
 .text.ST_RadioMacTimerCompareIsrCallback
                0x080058b8        0x2 contiki-mbxxx.a(stm32w-radio.o)
                0x080058b8                ST_RadioMacTimerCompareIsrCallback
 *fill*         0x080058ba        0x2 00
 .text.SysTick_CLKSourceConfig
                0x080058bc       0x18 contiki-mbxxx.a(stm32w-systick.)
                0x080058bc                SysTick_CLKSourceConfig
 .text.SysTick_SetReload
                0x080058d4        0xc contiki-mbxxx.a(stm32w-systick.)
                0x080058d4                SysTick_SetReload
 .text.SysTick_CounterCmd
                0x080058e0       0x28 contiki-mbxxx.a(stm32w-systick.)
                0x080058e0                SysTick_CounterCmd
 .text.SysTick_ITConfig
                0x08005908       0x1c contiki-mbxxx.a(stm32w-systick.)
                0x08005908                SysTick_ITConfig
 .text.uip_add32
                0x08005924       0x2c contiki-mbxxx.a(uip-arch.o)
                0x08005924                uip_add32
 .text.halTimer1Isr
                0x08005950       0x74 contiki-mbxxx.a(rtimer-arch.o)
                0x08005950                halTimer1Isr
 .text.rtimer_arch_init
                0x080059c4       0x40 contiki-mbxxx.a(rtimer-arch.o)
                0x080059c4                rtimer_arch_init
 .text.rtimer_arch_now
                0x08005a04       0x24 contiki-mbxxx.a(rtimer-arch.o)
                0x08005a04                rtimer_arch_now
 .text.rtimer_arch_schedule
                0x08005a28       0x3c contiki-mbxxx.a(rtimer-arch.o)
                0x08005a28                rtimer_arch_schedule
 .text.halAdcSetRange
                0x08005a64       0x1c contiki-mbxxx.a(adc.o)
                0x08005a64                halAdcSetRange
 .text.halAdcGetRange
                0x08005a80       0x14 contiki-mbxxx.a(adc.o)
                0x08005a80                halAdcGetRange
 .text.halAdcIsr
                0x08005a94       0x80 contiki-mbxxx.a(adc.o)
                0x08005a94                halAdcIsr
 .text.startNextConversion
                0x08005b14       0x70 contiki-mbxxx.a(adc.o)
                0x08005b14                startNextConversion
 .text.halInternalInitAdc
                0x08005b84       0x68 contiki-mbxxx.a(adc.o)
                0x08005b84                halInternalInitAdc
 .text.halStartAdcConversion
                0x08005bec       0x5c contiki-mbxxx.a(adc.o)
                0x08005bec                halStartAdcConversion
 .text.halRequestAdcData
                0x08005c48       0x9c contiki-mbxxx.a(adc.o)
                0x08005c48                halRequestAdcData
 .text.halReadAdcBlocking
                0x08005ce4       0x18 contiki-mbxxx.a(adc.o)
                0x08005ce4                halReadAdcBlocking
 .text.halAdcCalibrate
                0x08005cfc       0x98 contiki-mbxxx.a(adc.o)
                0x08005cfc                halAdcCalibrate
 .text.halConvertValueToVolts
                0x08005d94       0x84 contiki-mbxxx.a(adc.o)
                0x08005d94                halConvertValueToVolts
 .text.halGetADCChannelFromGPIO
                0x08005e18       0x18 contiki-mbxxx.a(adc.o)
                0x08005e18                halGetADCChannelFromGPIO
 .text.shift    0x08005e30       0x12 contiki-mbxxx.a(micro.o)
 .text.halPowerUp
                0x08005e42       0x16 contiki-mbxxx.a(micro.o)
                0x08005e42                halPowerUp
 .text.halInit  0x08005e58       0x2c contiki-mbxxx.a(micro.o)
                0x08005e58                halInit
 .text.halCommonGetRandom
                0x08005e84       0x24 contiki-mbxxx.a(micro.o)
                0x08005e84                halCommonGetRandom
 .text.halCommonMemCopy
                0x08005ea8        0x4 contiki-mbxxx.a(micro.o)
                0x08005ea8                halCommonMemCopy
 .text.halCommonMemCompare
                0x08005eac        0xa contiki-mbxxx.a(micro.o)
                0x08005eac                halCommonMemCompare
 *fill*         0x08005eb6        0x2 00
 .text.halInternalSleep
                0x08005eb8      0x60c contiki-mbxxx.a(sleep.o)
                0x08005eb8                halInternalSleep
 .text.halSleepWithOptions
                0x080064c4       0x6c contiki-mbxxx.a(sleep.o)
                0x080064c4                halSleepWithOptions
 .text.halInternalEnableWatchDog
                0x08006530       0x18 contiki-mbxxx.a(micro-common.o)
                0x08006530                halInternalEnableWatchDog
 .text.halInternalResetWatchDog
                0x08006548        0xc contiki-mbxxx.a(micro-common.o)
                0x08006548                halInternalResetWatchDog
 .text.halInternalDisableWatchDog
                0x08006554       0x18 contiki-mbxxx.a(micro-common.o)
                0x08006554                halInternalDisableWatchDog
 .text.halInternalWatchDogEnabled
                0x0800656c       0x10 contiki-mbxxx.a(micro-common.o)
                0x0800656c                halInternalWatchDogEnabled
 .text.halGpioConfig
                0x0800657c       0x28 contiki-mbxxx.a(micro-common.o)
                0x0800657c                halGpioConfig
 .text.halGpioSet
                0x080065a4       0x30 contiki-mbxxx.a(micro-common.o)
                0x080065a4                halGpioSet
 .text.halInternalStartSystemTimer
                0x080065d4       0x40 contiki-mbxxx.a(micro-common.o)
                0x080065d4                halInternalStartSystemTimer
 .text.stCalibrateVref
                0x08006614       0x6c contiki-mbxxx.a(micro-common-in)
                0x08006614                stCalibrateVref
 .text.calDisableAdc
                0x08006680       0x10 contiki-mbxxx.a(micro-common-in)
                0x08006680                calDisableAdc
 .text.calStartAdcConversion
                0x08006690       0x44 contiki-mbxxx.a(micro-common-in)
                0x08006690                calStartAdcConversion
 .text.calReadAdcBlocking
                0x080066d4       0x20 contiki-mbxxx.a(micro-common-in)
                0x080066d4                calReadAdcBlocking
 .text.stMeasureVddFast
                0x080066f4       0xa4 contiki-mbxxx.a(micro-common-in)
                0x080066f4                stMeasureVddFast
 .text.halCommonCalibratePads
                0x08006798       0x24 contiki-mbxxx.a(micro-common-in)
                0x08006798                halCommonCalibratePads
 .text.halInternalSetRegTrim
                0x080067bc       0x4c contiki-mbxxx.a(micro-common-in)
                0x080067bc                halInternalSetRegTrim
 .text.halCommonDelayMicroseconds
                0x08006808       0x40 contiki-mbxxx.a(micro-common-in)
                0x08006808                halCommonDelayMicroseconds
 .text.setBiasCheckLow
                0x08006848       0x28 contiki-mbxxx.a(clocks.o)
 .text.halInternalCalibrateSlowRc
                0x08006870       0x98 contiki-mbxxx.a(clocks.o)
                0x08006870                halInternalCalibrateSlowRc
 .text.halInternalCalibrateFastRc
                0x08006908       0x34 contiki-mbxxx.a(clocks.o)
                0x08006908                halInternalCalibrateFastRc
 .text.halInternalSearchForBiasTrim
                0x0800693c       0x5c contiki-mbxxx.a(clocks.o)
                0x0800693c                halInternalSearchForBiasTrim
 .text.halInternalSwitchToXtal
                0x08006998       0xb4 contiki-mbxxx.a(clocks.o)
                0x08006998                halInternalSwitchToXtal
 .text.halInternalGetMfgTokenData
                0x08006a4c       0x58 contiki-mbxxx.a(mfg-token.o)
                0x08006a4c                halInternalGetMfgTokenData
 .text.verifyFib
                0x08006aa4       0x2c contiki-mbxxx.a(flash.o)
 .text.halInternalFlashErase
                0x08006ad0       0x60 contiki-mbxxx.a(flash.o)
                0x08006ad0                halInternalFlashErase
 .text.halInternalFlashWrite
                0x08006b30       0x5c contiki-mbxxx.a(flash.o)
                0x08006b30                halInternalFlashWrite
 .text.rand     0x08006b8c       0x12 contiki-mbxxx.a(rand.o)
                0x08006b8c                rand
 .text.setStackPointer.clone.0
                0x08006b9e        0x4 contiki-mbxxx.a(crt-stm32w108.o)
 *fill*         0x08006ba2        0x2 00
 .text.Reset_Handler
                0x08006ba4      0x15c contiki-mbxxx.a(crt-stm32w108.o)
                0x08006ba4                Reset_Handler
 .text.Default_Handler
                0x08006d00        0x2 contiki-mbxxx.a(crt-stm32w108.o)
                0x08006d00                halSleepTimerIsr
                0x08006d00                HardFault_Handler
                0x08006d00                NMI_Handler
                0x08006d00                UsageFault_Handler
                0x08006d00                Default_Handler
                0x08006d00                halTimer2Isr
                0x08006d00                MemManage_Handler
                0x08006d00                halManagementIsr
                0x08006d00                SVC_Handler
                0x08006d00                halSc2Isr
                0x08006d00                halDebugIsr
                0x08006d00                halIrqBIsr
                0x08006d00                halSecurityIsr
                0x08006d00                halBaseBandIsr
                0x08006d00                BusFault_Handler
                0x08006d00                halIrqDIsr
                0x08006d00                DebugMonitor_Handler
 .text.rimeaddr_copy
                0x08006d02        0xa contiki-mbxxx.a(rimeaddr.o)
                0x08006d02                rimeaddr_copy
 .text.rimeaddr_cmp
                0x08006d0c       0x12 contiki-mbxxx.a(rimeaddr.o)
                0x08006d0c                rimeaddr_cmp
 *fill*         0x08006d1e        0x2 00
 .text.rimeaddr_set_node_addr
                0x08006d20        0xc contiki-mbxxx.a(rimeaddr.o)
                0x08006d20                rimeaddr_set_node_addr
 .text.addr_len
                0x08006d2c       0x14 contiki-mbxxx.a(frame802154.o)
 .text.field_len
                0x08006d40       0x68 contiki-mbxxx.a(frame802154.o)
 .text.frame802154_hdrlen
                0x08006da8       0x28 contiki-mbxxx.a(frame802154.o)
                0x08006da8                frame802154_hdrlen
 .text.frame802154_create
                0x08006dd0       0xe8 contiki-mbxxx.a(frame802154.o)
                0x08006dd0                frame802154_create
 .text.frame802154_parse
                0x08006eb8      0x138 contiki-mbxxx.a(frame802154.o)
                0x08006eb8                frame802154_parse
 .text.parse    0x08006ff0       0x94 contiki-mbxxx.a(framer-802154.o)
 .text.create   0x08007084      0x114 contiki-mbxxx.a(framer-802154.o)
 .text.rpl_purge_routes
                0x08007198       0x68 contiki-mbxxx.a(rpl.o)
                0x08007198                rpl_purge_routes
 .text.rpl_remove_routes
                0x08007200       0x20 contiki-mbxxx.a(rpl.o)
                0x08007200                rpl_remove_routes
 .text.rpl_remove_routes_by_nexthop
                0x08007220       0x38 contiki-mbxxx.a(rpl.o)
                0x08007220                rpl_remove_routes_by_nexthop
 .text.rpl_add_route
                0x08007258       0x28 contiki-mbxxx.a(rpl.o)
                0x08007258                rpl_add_route
 .text.rpl_link_neighbor_callback
                0x08007280       0x64 contiki-mbxxx.a(rpl.o)
                0x08007280                rpl_link_neighbor_callback
 .text.rpl_ipv6_neighbor_callback
                0x080072e4       0x24 contiki-mbxxx.a(rpl.o)
                0x080072e4                rpl_ipv6_neighbor_callback
 .text.rpl_init
                0x08007308       0x44 contiki-mbxxx.a(rpl.o)
                0x08007308                rpl_init
 .text.lollipop_greater_than
                0x0800734c       0x34 contiki-mbxxx.a(rpl-dag.o)
 .text.acceptable_rank
                0x08007380       0x32 contiki-mbxxx.a(rpl-dag.o)
 *fill*         0x080073b2        0x2 00
 .text.find_parent_any_dag_any_instance
                0x080073b4       0x1c contiki-mbxxx.a(rpl-dag.o)
 .text.rpl_set_preferred_parent
                0x080073d0       0x24 contiki-mbxxx.a(rpl-dag.o)
 .text.set_ip_from_prefix
                0x080073f4       0x2c contiki-mbxxx.a(rpl-dag.o)
 .text.check_prefix
                0x08007420       0x58 contiki-mbxxx.a(rpl-dag.o)
 .text.find_parent_dag.clone.1
                0x08007478        0xc contiki-mbxxx.a(rpl-dag.o)
 .text.rpl_dag_init
                0x08007484       0x10 contiki-mbxxx.a(rpl-dag.o)
                0x08007484                rpl_dag_init
 .text.rpl_get_parent_ipaddr
                0x08007494       0x18 contiki-mbxxx.a(rpl-dag.o)
                0x08007494                rpl_get_parent_ipaddr
 .text.rpl_set_prefix
                0x080074ac       0x6a contiki-mbxxx.a(rpl-dag.o)
                0x080074ac                rpl_set_prefix
 .text.rpl_set_default_route
                0x08007516       0x3e contiki-mbxxx.a(rpl-dag.o)
                0x08007516                rpl_set_default_route
 .text.rpl_alloc_instance
                0x08007554       0x2c contiki-mbxxx.a(rpl-dag.o)
                0x08007554                rpl_alloc_instance
 .text.rpl_add_parent
                0x08007580       0x30 contiki-mbxxx.a(rpl-dag.o)
                0x08007580                rpl_add_parent
 .text.rpl_find_parent
                0x080075b0       0x16 contiki-mbxxx.a(rpl-dag.o)
                0x080075b0                rpl_find_parent
 .text.rpl_find_parent_any_dag
                0x080075c6       0x1e contiki-mbxxx.a(rpl-dag.o)
                0x080075c6                rpl_find_parent_any_dag
 .text.rpl_select_parent
                0x080075e4       0x50 contiki-mbxxx.a(rpl-dag.o)
                0x080075e4                rpl_select_parent
 .text.rpl_select_dag
                0x08007634      0x138 contiki-mbxxx.a(rpl-dag.o)
                0x08007634                rpl_select_dag
 .text.rpl_nullify_parent
                0x0800776c       0x3e contiki-mbxxx.a(rpl-dag.o)
                0x0800776c                rpl_nullify_parent
 *fill*         0x080077aa        0x2 00
 .text.rpl_remove_parent
                0x080077ac       0x18 contiki-mbxxx.a(rpl-dag.o)
                0x080077ac                rpl_remove_parent
 .text.remove_parents.clone.3
                0x080077c4       0x2c contiki-mbxxx.a(rpl-dag.o)
 .text.rpl_free_dag
                0x080077f0       0x30 contiki-mbxxx.a(rpl-dag.o)
                0x080077f0                rpl_free_dag
 .text.rpl_free_instance
                0x08007820       0x50 contiki-mbxxx.a(rpl-dag.o)
                0x08007820                rpl_free_instance
 .text.rpl_move_parent
                0x08007870       0x56 contiki-mbxxx.a(rpl-dag.o)
                0x08007870                rpl_move_parent
 *fill*         0x080078c6        0x2 00
 .text.rpl_get_any_dag
                0x080078c8       0x18 contiki-mbxxx.a(rpl-dag.o)
                0x080078c8                rpl_get_any_dag
 .text.rpl_get_instance
                0x080078e0       0x20 contiki-mbxxx.a(rpl-dag.o)
                0x080078e0                rpl_get_instance
 .text.get_dag  0x08007900       0x2c contiki-mbxxx.a(rpl-dag.o)
 .text.rpl_alloc_dag
                0x0800792c       0x52 contiki-mbxxx.a(rpl-dag.o)
                0x0800792c                rpl_alloc_dag
 .text.rpl_repair_root
                0x0800797e       0x48 contiki-mbxxx.a(rpl-dag.o)
                0x0800797e                rpl_repair_root
 *fill*         0x080079c6        0x2 00
 .text.rpl_find_of
                0x080079c8       0x14 contiki-mbxxx.a(rpl-dag.o)
                0x080079c8                rpl_find_of
 .text.rpl_join_instance
                0x080079dc      0x140 contiki-mbxxx.a(rpl-dag.o)
                0x080079dc                rpl_join_instance
 .text.rpl_local_repair
                0x08007b1c       0x48 contiki-mbxxx.a(rpl-dag.o)
                0x08007b1c                rpl_local_repair
 .text.rpl_process_parent_event
                0x08007b64       0x3c contiki-mbxxx.a(rpl-dag.o)
                0x08007b64                rpl_process_parent_event
 .text.rpl_recalculate_ranks
                0x08007ba0       0x38 contiki-mbxxx.a(rpl-dag.o)
                0x08007ba0                rpl_recalculate_ranks
 .text.rpl_add_dag
                0x08007bd8       0xf4 contiki-mbxxx.a(rpl-dag.o)
                0x08007bd8                rpl_add_dag
 .text.rpl_process_dio
                0x08007ccc      0x22a contiki-mbxxx.a(rpl-dag.o)
                0x08007ccc                rpl_process_dio
 .text.get32    0x08007ef6       0x18 contiki-mbxxx.a(rpl-icmp6.o)
 .text.set32    0x08007f0e       0x16 contiki-mbxxx.a(rpl-icmp6.o)
 .text.get16    0x08007f24        0xc contiki-mbxxx.a(rpl-icmp6.o)
 .text.set16    0x08007f30        0xa contiki-mbxxx.a(rpl-icmp6.o)
 *fill*         0x08007f3a        0x2 00
 .text.dis_output
                0x08007f3c       0x54 contiki-mbxxx.a(rpl-icmp6.o)
                0x08007f3c                dis_output
 .text.dio_output
                0x08007f90      0x22c contiki-mbxxx.a(rpl-icmp6.o)
                0x08007f90                dio_output
 .text.dao_output_target
                0x080081bc       0xb0 contiki-mbxxx.a(rpl-icmp6.o)
                0x080081bc                dao_output_target
 .text.dao_output
                0x0800826c       0x54 contiki-mbxxx.a(rpl-icmp6.o)
                0x0800826c                dao_output
 .text.dao_ack_output
                0x080082c0       0x34 contiki-mbxxx.a(rpl-icmp6.o)
                0x080082c0                dao_ack_output
 .text.uip_rpl_input
                0x080082f4      0x46c contiki-mbxxx.a(rpl-icmp6.o)
                0x080082f4                uip_rpl_input
 .text.new_dio_interval
                0x08008760       0x54 contiki-mbxxx.a(rpl-timers.o)
 .text.handle_dao_timer
                0x080087b4       0x48 contiki-mbxxx.a(rpl-timers.o)
 .text.handle_dio_timer
                0x080087fc       0x80 contiki-mbxxx.a(rpl-timers.o)
 .text.handle_periodic_timer
                0x0800887c       0x38 contiki-mbxxx.a(rpl-timers.o)
 .text.rpl_reset_periodic_timer
                0x080088b4       0x34 contiki-mbxxx.a(rpl-timers.o)
                0x080088b4                rpl_reset_periodic_timer
 .text.rpl_reset_dio_timer
                0x080088e8       0x1c contiki-mbxxx.a(rpl-timers.o)
                0x080088e8                rpl_reset_dio_timer
 .text.rpl_schedule_dao
                0x08008904       0x44 contiki-mbxxx.a(rpl-timers.o)
                0x08008904                rpl_schedule_dao
 .text.calculate_path_metric
                0x08008948       0x12 contiki-mbxxx.a(rpl-mrhof.o)
 .text.reset    0x0800895a        0x2 contiki-mbxxx.a(rpl-mrhof.o)
 .text.neighbor_link_callback
                0x0800895c       0x26 contiki-mbxxx.a(rpl-mrhof.o)
 .text.calculate_rank
                0x08008982       0x2c contiki-mbxxx.a(rpl-mrhof.o)
 .text.best_dag
                0x080089ae       0x2c contiki-mbxxx.a(rpl-mrhof.o)
 .text.best_parent
                0x080089da       0x3a contiki-mbxxx.a(rpl-mrhof.o)
 .text.update_metric_container
                0x08008a14        0x6 contiki-mbxxx.a(rpl-mrhof.o)
 *fill*         0x08008a1a        0x2 00
 .text.rpl_verify_header
                0x08008a1c       0xa4 contiki-mbxxx.a(rpl-ext-header.)
                0x08008a1c                rpl_verify_header
 .text.rpl_update_header_empty
                0x08008ac0      0x11c contiki-mbxxx.a(rpl-ext-header.)
                0x08008ac0                rpl_update_header_empty
 .text.rpl_update_header_final
                0x08008bdc       0x8c contiki-mbxxx.a(rpl-ext-header.)
                0x08008bdc                rpl_update_header_final
 .text.rpl_invert_header
                0x08008c68       0x50 contiki-mbxxx.a(rpl-ext-header.)
                0x08008c68                rpl_invert_header
 .text.rpl_insert_header
                0x08008cb8       0x24 contiki-mbxxx.a(rpl-ext-header.)
                0x08008cb8                rpl_insert_header
 .text.memb_init
                0x08008cdc       0x20 contiki-mbxxx.a(memb.o)
                0x08008cdc                memb_init
 .text.memb_alloc
                0x08008cfc       0x28 contiki-mbxxx.a(memb.o)
                0x08008cfc                memb_alloc
 .text.memb_free
                0x08008d24       0x2c contiki-mbxxx.a(memb.o)
                0x08008d24                memb_free
 .text.memb_inmemb
                0x08008d50       0x1c contiki-mbxxx.a(memb.o)
                0x08008d50                memb_inmemb
 .text.timer_set
                0x08008d6c        0xe contiki-mbxxx.a(timer.o)
                0x08008d6c                timer_set
 .text.timer_reset
                0x08008d7a        0xa contiki-mbxxx.a(timer.o)
                0x08008d7a                timer_reset
 .text.timer_restart
                0x08008d84        0xc contiki-mbxxx.a(timer.o)
                0x08008d84                timer_restart
 .text.timer_expired
                0x08008d90       0x1c contiki-mbxxx.a(timer.o)
                0x08008d90                timer_expired
 .text.list_init
                0x08008dac        0x6 contiki-mbxxx.a(list.o)
                0x08008dac                list_init
 .text.list_head
                0x08008db2        0x4 contiki-mbxxx.a(list.o)
                0x08008db2                list_head
 .text.list_tail
                0x08008db6       0x10 contiki-mbxxx.a(list.o)
                0x08008db6                list_tail
 .text.list_remove
                0x08008dc6       0x26 contiki-mbxxx.a(list.o)
                0x08008dc6                list_remove
 .text.list_push
                0x08008dec       0x12 contiki-mbxxx.a(list.o)
                0x08008dec                list_push
 .text.list_add
                0x08008dfe       0x1e contiki-mbxxx.a(list.o)
                0x08008dfe                list_add
 .text.list_length
                0x08008e1c       0x10 contiki-mbxxx.a(list.o)
                0x08008e1c                list_length
 .text.list_item_next
                0x08008e2c        0x6 contiki-mbxxx.a(list.o)
                0x08008e2c                list_item_next
 *fill*         0x08008e32        0x2 00
 .text.process_thread_ctimer_process
                0x08008e34       0x84 contiki-mbxxx.a(ctimer.o)
 .text.ctimer_init
                0x08008eb8       0x20 contiki-mbxxx.a(ctimer.o)
                0x08008eb8                ctimer_init
 .text.ctimer_set
                0x08008ed8       0x44 contiki-mbxxx.a(ctimer.o)
                0x08008ed8                ctimer_set
 .text.ctimer_reset
                0x08008f1c       0x3c contiki-mbxxx.a(ctimer.o)
                0x08008f1c                ctimer_reset
 .text.ctimer_stop
                0x08008f58       0x28 contiki-mbxxx.a(ctimer.o)
                0x08008f58                ctimer_stop
 .text.rtimer_init
                0x08008f80        0x4 contiki-mbxxx.a(rtimer.o)
                0x08008f80                rtimer_init
 .text.rtimer_run_next
                0x08008f84       0x28 contiki-mbxxx.a(rtimer.o)
                0x08008f84                rtimer_run_next
 .text.stimer_set
                0x08008fac        0xe contiki-mbxxx.a(stimer.o)
                0x08008fac                stimer_set
 *fill*         0x08008fba        0x2 00
 .text.stimer_expired
                0x08008fbc       0x20 contiki-mbxxx.a(stimer.o)
                0x08008fbc                stimer_expired
 .text.item_from_index
                0x08008fdc       0x16 contiki-mbxxx.a(nbr-table.o)
 *fill*         0x08008ff2        0x2 00
 .text.index_from_key
                0x08008ff4       0x20 contiki-mbxxx.a(nbr-table.o)
 .text.index_from_item
                0x08009014       0x1c contiki-mbxxx.a(nbr-table.o)
 .text.item_from_key
                0x08009030       0x16 contiki-mbxxx.a(nbr-table.o)
 *fill*         0x08009046        0x2 00
 .text.key_from_item
                0x08009048       0x20 contiki-mbxxx.a(nbr-table.o)
 .text.nbr_set_bit
                0x08009068       0x3e contiki-mbxxx.a(nbr-table.o)
 *fill*         0x080090a6        0x2 00
 .text.index_from_lladdr
                0x080090a8       0x40 contiki-mbxxx.a(nbr-table.o)
 .text.nbr_get_bit.clone.0
                0x080090e8       0x2c contiki-mbxxx.a(nbr-table.o)
 .text.nbr_table_register
                0x08009114       0x24 contiki-mbxxx.a(nbr-table.o)
                0x08009114                nbr_table_register
 .text.nbr_table_next
                0x08009138       0x2e contiki-mbxxx.a(nbr-table.o)
                0x08009138                nbr_table_next
 *fill*         0x08009166        0x2 00
 .text.nbr_table_head
                0x08009168       0x34 contiki-mbxxx.a(nbr-table.o)
                0x08009168                nbr_table_head
 .text.nbr_table_add_lladdr
                0x0800919c      0x118 contiki-mbxxx.a(nbr-table.o)
                0x0800919c                nbr_table_add_lladdr
 .text.nbr_table_get_from_lladdr
                0x080092b4       0x26 contiki-mbxxx.a(nbr-table.o)
                0x080092b4                nbr_table_get_from_lladdr
 *fill*         0x080092da        0x2 00
 .text.nbr_table_remove
                0x080092dc       0x2c contiki-mbxxx.a(nbr-table.o)
                0x080092dc                nbr_table_remove
 .text.nbr_table_lock
                0x08009308       0x14 contiki-mbxxx.a(nbr-table.o)
                0x08009308                nbr_table_lock
 .text.nbr_table_unlock
                0x0800931c       0x14 contiki-mbxxx.a(nbr-table.o)
                0x0800931c                nbr_table_unlock
 .text.nbr_table_get_lladdr
                0x08009330        0xc contiki-mbxxx.a(nbr-table.o)
                0x08009330                nbr_table_get_lladdr
 .text.uip_icmp6_echo_request_input
                0x0800933c      0x118 contiki-mbxxx.a(uip-icmp6.o)
                0x0800933c                uip_icmp6_echo_request_input
 .text.uip_icmp6_error_output
                0x08009454      0x164 contiki-mbxxx.a(uip-icmp6.o)
                0x08009454                uip_icmp6_error_output
 .text.uip_icmp6_send
                0x080095b8       0x8c contiki-mbxxx.a(uip-icmp6.o)
                0x080095b8                uip_icmp6_send
 .text.get_sensor_index
                0x08009644       0x28 contiki-mbxxx.a(sensors.o)
 .text.process_thread_sensors_process
                0x0800966c       0xc8 contiki-mbxxx.a(sensors.o)
 .text.sensors_changed
                0x08009734       0x24 contiki-mbxxx.a(sensors.o)
                0x08009734                sensors_changed
 .text.main     0x08009758      0x198 contiki-mbxxx.a(contiki-main.o)
                0x08009758                main
 .text.leds_arch_init
                0x080098f0       0x60 contiki-mbxxx.a(leds-arch.o)
                0x080098f0                leds_arch_init
 .text.leds_arch_set
                0x08009950       0x50 contiki-mbxxx.a(leds-arch.o)
                0x08009950                leds_arch_set
 .text.uart1_set_input
                0x080099a0        0xc contiki-mbxxx.a(uart1.o)
                0x080099a0                uart1_set_input
 .text.uart1_writeb
                0x080099ac       0x24 contiki-mbxxx.a(uart1.o)
                0x080099ac                uart1_writeb
 .text.uart1_init
                0x080099d0       0xa8 contiki-mbxxx.a(uart1.o)
                0x080099d0                uart1_init
 .text.uart1_rx_interrupt
                0x08009a78       0x1c contiki-mbxxx.a(uart1.o)
                0x08009a78                uart1_rx_interrupt
 .text.halSc1Isr
                0x08009a94       0x1c contiki-mbxxx.a(uart1.o)
                0x08009a94                halSc1Isr
 .text.procinit_init
                0x08009ab0       0x1c contiki-mbxxx.a(procinit.o)
                0x08009ab0                procinit_init
 .text.autostart_start
                0x08009acc       0x16 contiki-mbxxx.a(autostart.o)
                0x08009acc                autostart_start
 *fill*         0x08009ae2        0x2 00
 .text.process_thread_serial_line_process
                0x08009ae4       0x9c contiki-mbxxx.a(serial-line.o)
 .text.serial_line_input_byte
                0x08009b80       0x44 contiki-mbxxx.a(serial-line.o)
                0x08009b80                serial_line_input_byte
 .text.serial_line_init
                0x08009bc4       0x24 contiki-mbxxx.a(serial-line.o)
                0x08009bc4                serial_line_init
 .text.energest_init
                0x08009be8        0x2 contiki-mbxxx.a(energest.o)
                0x08009be8                energest_init
 .text.ringbuf_init
                0x08009bea        0xe contiki-mbxxx.a(ringbuf.o)
                0x08009bea                ringbuf_init
 .text.ringbuf_put
                0x08009bf8       0x26 contiki-mbxxx.a(ringbuf.o)
                0x08009bf8                ringbuf_put
 .text.ringbuf_get
                0x08009c1e       0x22 contiki-mbxxx.a(ringbuf.o)
                0x08009c1e                ringbuf_get
 .text.netstack_init
                0x08009c40       0x2c contiki-mbxxx.a(netstack.o)
                0x08009c40                netstack_init
 .text.value    0x08009c6c       0x10 contiki-mbxxx.a(contact-sensor.)
 .text.status   0x08009c7c        0xc contiki-mbxxx.a(contact-sensor.)
 .text.halIrqAIsr
                0x08009c88       0x34 contiki-mbxxx.a(contact-sensor.)
                0x08009c88                halIrqAIsr
 .text.configure
                0x08009cbc       0x60 contiki-mbxxx.a(contact-sensor.)
 .text.ST_RadioGetEui64
                0x08009d1c        0x8 ../../../cpu/stm32w108/simplemac/library/simplemac-library-gnu.a(phy-library-min.o)
                0x08009d1c                ST_RadioGetEui64
 .text.stmPacketReceivedInternalIsrCallback
                0x08009d24       0x48 ../../../cpu/stm32w108/simplemac/library/simplemac-library-gnu.a(phy-library-min.o)
                0x08009d24                stmPacketReceivedInternalIsrCallback
 .text.halStackMacTimerIsr
                0x08009d6c       0x24 ../../../cpu/stm32w108/simplemac/library/simplemac-library-gnu.a(phy-library-min.o)
                0x08009d6c                halStackMacTimerIsr
 .text.ST_RadioChannelIsClear
                0x08009d90       0x10 ../../../cpu/stm32w108/simplemac/library/simplemac-library-gnu.a(phy-library-min.o)
                0x08009d90                ST_RadioChannelIsClear
 .text.ST_RadioGetRandomNumbers
                0x08009da0        0x4 ../../../cpu/stm32w108/simplemac/library/simplemac-library-gnu.a(phy-library-min.o)
                0x08009da0                ST_RadioGetRandomNumbers
 .text.stmLongIdDataPendingForDevice
                0x08009da4        0x4 ../../../cpu/stm32w108/simplemac/library/simplemac-library-gnu.a(phy-library-min.o)
                0x08009da4                stmLongIdDataPendingForDevice
 .text.ST_RadioSetPanId
                0x08009da8        0x4 ../../../cpu/stm32w108/simplemac/library/simplemac-library-gnu.a(phy-library-min.o)
                0x08009da8                ST_RadioSetPanId
 .text.ST_RadioEnableAutoAck
                0x08009dac        0x4 ../../../cpu/stm32w108/simplemac/library/simplemac-library-gnu.a(phy-library-min.o)
                0x08009dac                ST_RadioEnableAutoAck
 .text.ST_RadioEnableAddressFiltering
                0x08009db0        0x4 ../../../cpu/stm32w108/simplemac/library/simplemac-library-gnu.a(phy-library-min.o)
                0x08009db0                ST_RadioEnableAddressFiltering
 .text.ST_RadioSetEdCcaThreshold
                0x08009db4        0x4 ../../../cpu/stm32w108/simplemac/library/simplemac-library-gnu.a(phy-library-min.o)
                0x08009db4                ST_RadioSetEdCcaThreshold
 .text.stmRadioTransmitCompleteCallback
                0x08009db8        0x4 ../../../cpu/stm32w108/simplemac/library/simplemac-library-gnu.a(phy-library-min.o)
                0x08009db8                stmRadioTransmitCompleteCallback
 .text.ST_RadioTransmit
                0x08009dbc        0x4 ../../../cpu/stm32w108/simplemac/library/simplemac-library-gnu.a(phy-library-min.o)
                0x08009dbc                ST_RadioTransmit
 .text.ST_RadioSetChannel
                0x08009dc0        0x4 ../../../cpu/stm32w108/simplemac/library/simplemac-library-gnu.a(phy-library-min.o)
                0x08009dc0                ST_RadioSetChannel
 .text.ST_RadioSleep
                0x08009dc4        0x4 ../../../cpu/stm32w108/simplemac/library/simplemac-library-gnu.a(phy-library-min.o)
                0x08009dc4                ST_RadioSleep
 .text.ST_RadioWake
                0x08009dc8        0x4 ../../../cpu/stm32w108/simplemac/library/simplemac-library-gnu.a(phy-library-min.o)
                0x08009dc8                ST_RadioWake
 .text.ST_RadioInit
                0x08009dcc       0x1c ../../../cpu/stm32w108/simplemac/library/simplemac-library-gnu.a(phy-library-min.o)
                0x08009dcc                ST_RadioInit
 .text.stmLoadKeyIntoCore
                0x08009de8       0x4c ../../../cpu/stm32w108/simplemac/library/simplemac-library-gnu.a(aes-min.o)
                0x08009de8                stmLoadKeyIntoCore
 .text.stmStandAloneEncryptBlock
                0x08009e34       0x68 ../../../cpu/stm32w108/simplemac/library/simplemac-library-gnu.a(aes-min.o)
                0x08009e34                stmStandAloneEncryptBlock
 .text.stmGetKeyFromCore
                0x08009e9c       0x4c ../../../cpu/stm32w108/simplemac/library/simplemac-library-gnu.a(aes-min.o)
                0x08009e9c                stmGetKeyFromCore
 .text.stmAesEncrypt
                0x08009ee8       0x32 ../../../cpu/stm32w108/simplemac/library/simplemac-library-gnu.a(aes-min.o)
                0x08009ee8                stmAesEncrypt
 *fill*         0x08009f1a        0x2 00
 .text.stmInitEui64
                0x08009f1c       0x18 ../../../cpu/stm32w108/simplemac/library/simplemac-library-gnu.a(eui64-min.o)
                0x08009f1c                stmInitEui64
 .text.stmStoreInt32u
                0x08009f34       0x22 ../../../cpu/stm32w108/simplemac/library/simplemac-library-gnu.a(misc-min.o)
                0x08009f34                stmStoreInt32u
 .text.stmFetchInt32u
                0x08009f56       0x2a ../../../cpu/stm32w108/simplemac/library/simplemac-library-gnu.a(misc-min.o)
                0x08009f56                stmFetchInt32u
 .text.stmRadioResetAndEnableReceive
                0x08009f80       0x48 ../../../cpu/stm32w108/simplemac/library/simplemac-library-gnu.a(phy-min.o)
                0x08009f80                stmRadioResetAndEnableReceive
 .text.stmGetMacTimer
                0x08009fc8        0xc ../../../cpu/stm32w108/simplemac/library/simplemac-library-gnu.a(phy-min.o)
                0x08009fc8                stmGetMacTimer
 .text.readAdcTemperatureChannel
                0x08009fd4       0x28 ../../../cpu/stm32w108/simplemac/library/simplemac-library-gnu.a(phy-min.o)
 .text.stmRadioBootPhySpecific
                0x08009ffc       0x90 ../../../cpu/stm32w108/simplemac/library/simplemac-library-gnu.a(phy-min.o)
                0x08009ffc                stmRadioBootPhySpecific
 .text.stmRadioGetRandomNumbers
                0x0800a08c       0x86 ../../../cpu/stm32w108/simplemac/library/simplemac-library-gnu.a(phy-min.o)
                0x0800a08c                stmRadioGetRandomNumbers
 *fill*         0x0800a112        0x2 00
 .text.processRxAddressReceiveCompleteIsr
                0x0800a114       0xec ../../../cpu/stm32w108/simplemac/library/simplemac-library-gnu.a(phy-min.o)
 .text.processRxPacketCompleteIsr
                0x0800a200      0x170 ../../../cpu/stm32w108/simplemac/library/simplemac-library-gnu.a(phy-min.o)
 .text.stmRadioReceiveIsr
                0x0800a370       0xf8 ../../../cpu/stm32w108/simplemac/library/simplemac-library-gnu.a(phy-min.o)
                0x0800a370                stmRadioReceiveIsr
 .text.stmRadioReadSerialReg
                0x0800a468       0x34 ../../../cpu/stm32w108/simplemac/library/simplemac-library-gnu.a(analogue-min.o)
                0x0800a468                stmRadioReadSerialReg
 .text.stmRadioWriteSerialReg
                0x0800a49c       0x50 ../../../cpu/stm32w108/simplemac/library/simplemac-library-gnu.a(analogue-min.o)
                0x0800a49c                stmRadioWriteSerialReg
 .text.setTxStepTime
                0x0800a4ec       0x4c ../../../cpu/stm32w108/simplemac/library/simplemac-library-gnu.a(analogue-min.o)
 .text.stGetTxPowerMode
                0x0800a538        0xc ../../../cpu/stm32w108/simplemac/library/simplemac-library-gnu.a(analogue-min.o)
                0x0800a538                stGetTxPowerMode
 .text.stSetRadioPower
                0x0800a544       0xfc ../../../cpu/stm32w108/simplemac/library/simplemac-library-gnu.a(analogue-min.o)
                0x0800a544                stSetRadioPower
 .text.stmRadioSetChannel
                0x0800a640      0x1b0 ../../../cpu/stm32w108/simplemac/library/simplemac-library-gnu.a(analogue-min.o)
                0x0800a640                stmRadioSetChannel
 .text.stSetTxPowerMode
                0x0800a7f0       0xc4 ../../../cpu/stm32w108/simplemac/library/simplemac-library-gnu.a(analogue-min.o)
                0x0800a7f0                stSetTxPowerMode
 .text.stmRadioCalibrateCellBias
                0x0800a8b4       0xbc ../../../cpu/stm32w108/simplemac/library/simplemac-library-gnu.a(analogue-cell-bias-min.o)
                0x0800a8b4                stmRadioCalibrateCellBias
 .text.stmRadioCalibrateChannelFilter
                0x0800a970       0x2c ../../../cpu/stm32w108/simplemac/library/simplemac-library-gnu.a(analogue-filter-min.o)
                0x0800a970                stmRadioCalibrateChannelFilter
 .text.adjustLna
                0x0800a99c       0x12 ../../../cpu/stm32w108/simplemac/library/simplemac-library-gnu.a(analogue-lna-min.o)
 *fill*         0x0800a9ae        0x2 00
 .text.stmRadioCalibrateLna
                0x0800a9b0      0x2fc ../../../cpu/stm32w108/simplemac/library/simplemac-library-gnu.a(analogue-lna-min.o)
                0x0800a9b0                stmRadioCalibrateLna
 .text.vcoTuneModDacError
                0x0800acac       0x6c ../../../cpu/stm32w108/simplemac/library/simplemac-library-gnu.a(analogue-mod-dac-min.o)
 .text.adjustModulationDac
                0x0800ad18       0x14 ../../../cpu/stm32w108/simplemac/library/simplemac-library-gnu.a(analogue-mod-dac-min.o)
                0x0800ad18                adjustModulationDac
 .text.stmRadioCalibrateModulationDac
                0x0800ad2c      0x128 ../../../cpu/stm32w108/simplemac/library/simplemac-library-gnu.a(analogue-mod-dac-min.o)
                0x0800ad2c                stmRadioCalibrateModulationDac
 .text.adjustVco
                0x0800ae54       0x28 ../../../cpu/stm32w108/simplemac/library/simplemac-library-gnu.a(analogue-vco-min.o)
 .text.stmRadioCalibrateVco
                0x0800ae7c       0x98 ../../../cpu/stm32w108/simplemac/library/simplemac-library-gnu.a(analogue-vco-min.o)
                0x0800ae7c                stmRadioCalibrateVco
 .text.getTxSfdTime
                0x0800af14       0x14 ../../../cpu/stm32w108/simplemac/library/simplemac-library-gnu.a(phy-common-min.o)
 .text.stmRadioUnpackChipErrors
                0x0800af28       0x12 ../../../cpu/stm32w108/simplemac/library/simplemac-library-gnu.a(phy-common-min.o)
                0x0800af28                stmRadioUnpackChipErrors
 *fill*         0x0800af3a        0x2 00
 .text.stmRadioGetPowerStatus
                0x0800af3c        0xc ../../../cpu/stm32w108/simplemac/library/simplemac-library-gnu.a(phy-common-min.o)
                0x0800af3c                stmRadioGetPowerStatus
 .text.stmRadioEnableAddressMatching
                0x0800af48       0x28 ../../../cpu/stm32w108/simplemac/library/simplemac-library-gnu.a(phy-common-min.o)
                0x0800af48                stmRadioEnableAddressMatching
 .text.stmRadioEnableAutoAck
                0x0800af70       0x28 ../../../cpu/stm32w108/simplemac/library/simplemac-library-gnu.a(phy-common-min.o)
                0x0800af70                stmRadioEnableAutoAck
 .text.stmPhySetEui64
                0x0800af98       0x48 ../../../cpu/stm32w108/simplemac/library/simplemac-library-gnu.a(phy-common-min.o)
                0x0800af98                stmPhySetEui64
 .text.stmPhySetCoordinator
                0x0800afe0       0x28 ../../../cpu/stm32w108/simplemac/library/simplemac-library-gnu.a(phy-common-min.o)
                0x0800afe0                stmPhySetCoordinator
 .text.stmSetNodeId
                0x0800b008       0x14 ../../../cpu/stm32w108/simplemac/library/simplemac-library-gnu.a(phy-common-min.o)
                0x0800b008                stmSetNodeId
 .text.stmSetPanId
                0x0800b01c       0x14 ../../../cpu/stm32w108/simplemac/library/simplemac-library-gnu.a(phy-common-min.o)
                0x0800b01c                stmSetPanId
 .text.stmRadioEnableReceiveCrc
                0x0800b030        0xc ../../../cpu/stm32w108/simplemac/library/simplemac-library-gnu.a(phy-common-min.o)
                0x0800b030                stmRadioEnableReceiveCrc
 .text.stmRadioReceiveCrcEnabled
                0x0800b03c        0xc ../../../cpu/stm32w108/simplemac/library/simplemac-library-gnu.a(phy-common-min.o)
                0x0800b03c                stmRadioReceiveCrcEnabled
 .text.stmRadioEnableOverflowNotification
                0x0800b048       0x28 ../../../cpu/stm32w108/simplemac/library/simplemac-library-gnu.a(phy-common-min.o)
                0x0800b048                stmRadioEnableOverflowNotification
 .text.stmRadioEnableSfdSentNotification
                0x0800b070       0x30 ../../../cpu/stm32w108/simplemac/library/simplemac-library-gnu.a(phy-common-min.o)
                0x0800b070                stmRadioEnableSfdSentNotification
 .text.stmRadioEnablePacketTrace
                0x0800b0a0       0x28 ../../../cpu/stm32w108/simplemac/library/simplemac-library-gnu.a(phy-common-min.o)
                0x0800b0a0                stmRadioEnablePacketTrace
 .text.stmRadioSetEdCcaThreshold
                0x0800b0c8       0x1c ../../../cpu/stm32w108/simplemac/library/simplemac-library-gnu.a(phy-common-min.o)
                0x0800b0c8                stmRadioSetEdCcaThreshold
 .text.stmRadioGetCca
                0x0800b0e4       0x44 ../../../cpu/stm32w108/simplemac/library/simplemac-library-gnu.a(phy-common-min.o)
                0x0800b0e4                stmRadioGetCca
 .text.stmRadioWakeUp
                0x0800b128       0x78 ../../../cpu/stm32w108/simplemac/library/simplemac-library-gnu.a(phy-common-min.o)
                0x0800b128                stmRadioWakeUp
 .text.stmRadioSleep
                0x0800b1a0       0x94 ../../../cpu/stm32w108/simplemac/library/simplemac-library-gnu.a(phy-common-min.o)
                0x0800b1a0                stmRadioSleep
 .text.stmRadioInit
                0x0800b234      0x148 ../../../cpu/stm32w108/simplemac/library/simplemac-library-gnu.a(phy-common-min.o)
                0x0800b234                stmRadioInit
 .text.stmDroppedAckStallWorkaround
                0x0800b37c       0x3c ../../../cpu/stm32w108/simplemac/library/simplemac-library-gnu.a(phy-common-min.o)
                0x0800b37c                stmDroppedAckStallWorkaround
 .text.getRandomBackoff
                0x0800b3b8       0x3c ../../../cpu/stm32w108/simplemac/library/simplemac-library-gnu.a(phy-common-min.o)
                0x0800b3b8                getRandomBackoff
 .text.stmRadioTransmitIsr
                0x0800b3f4      0x154 ../../../cpu/stm32w108/simplemac/library/simplemac-library-gnu.a(phy-common-min.o)
                0x0800b3f4                stmRadioTransmitIsr
 .text.stmRadioTransmit
                0x0800b548       0xd8 ../../../cpu/stm32w108/simplemac/library/simplemac-library-gnu.a(phy-common-min.o)
                0x0800b548                stmRadioTransmit
 .text.printf   0x0800b620       0x1c ../../../cpu/stm32w108/lib/e_stdio_intonly_thumb2.a(_SP_printf.o)
                0x0800b620                printf
 .text._vfiprintf_r
                0x0800b63c      0x678 ../../../cpu/stm32w108/lib/e_stdio_intonly_thumb2.a(_SP_vfprintf.o)
                0x0800b63c                _vfiprintf_r
 .text.vfiprintf
                0x0800bcb4       0x1c ../../../cpu/stm32w108/lib/e_stdio_intonly_thumb2.a(_SP_vfprintf.o)
                0x0800bcb4                vfiprintf
 .text.puts     0x0800bcd0       0x24 ../../../cpu/stm32w108/lib/e_stdio_intonly_thumb2.a(_SP_puts.o)
                0x0800bcd0                puts
 .text._SMALL_PRINTF_puts
                0x0800bcf4       0x4c ../../../cpu/stm32w108/lib/e_stdio_intonly_thumb2.a(_SP_puts.o)
                0x0800bcf4                _SMALL_PRINTF_puts
 .text._wcsrtombs_r
                0x0800bd40       0x5c ../../../cpu/stm32w108/lib/e_stdio_intonly_thumb2.a(small_wcsrtombs.o)
                0x0800bd40                _wcsrtombs_r
 .text._wcrtomb_r
                0x0800bd9c        0x4 ../../../cpu/stm32w108/lib/e_stdio_intonly_thumb2.a(small_wcrtomb.o)
                0x0800bd9c                _wcrtomb_r
 .text.determineState
                0x0800bda0       0x8c contiki-mbxxx.a(nvm.o)
 .text.erasePage
                0x0800be2c       0x2a contiki-mbxxx.a(nvm.o)
 *fill*         0x0800be56        0x2 00
 .text.halCommonReadFromNvm
                0x0800be58       0xb4 contiki-mbxxx.a(nvm.o)
                0x0800be58                halCommonReadFromNvm
 .text.halCommonWriteToNvm
                0x0800bf0c      0x288 contiki-mbxxx.a(nvm.o)
                0x0800bf0c                halCommonWriteToNvm
 *(.rodata)
 .rodata        0x0800c194       0x18 stm-sensor.co
                0x0800c194                acc_sensor
                0x0800c1a4                autostart_processes
 .rodata        0x0800c1ac       0x1c contiki-mbxxx.a(nullmac.o)
                0x0800c1ac                nullmac_driver
 .rodata        0x0800c1c8       0x20 contiki-mbxxx.a(sicslowmac.o)
                0x0800c1c8                sicslowmac_driver
 .rodata        0x0800c1e8       0x20 contiki-mbxxx.a(sicslowpan.o)
                0x0800c1ec                unc_ctxconf
                0x0800c1f0                unc_llconf
                0x0800c1f4                llprefix
                0x0800c1f8                unc_mxconf
                0x0800c1fc                sicslowpan_driver
 .rodata        0x0800c208       0x10 contiki-mbxxx.a(button-sensor.o)
                0x0800c208                button_sensor
 .rodata        0x0800c218       0x10 contiki-mbxxx.a(temperature-sen)
                0x0800c218                temperature_sensor
 .rodata        0x0800c228      0x1f8 contiki-mbxxx.a(board.o)
                0x0800c250                IDZ401V1
                0x0800c26c                LedsMB851A
                0x0800c27c                infraRedLedMB851A
                0x0800c284                LedsMB954A
                0x0800c294                LedsIDZ401V1
                0x0800c29c                ButtonsMB851A
                0x0800c2a4                ButtonsMB954A
                0x0800c2ac                ButtonsMB950A
                0x0800c2d4                ButtonsMB951A
                0x0800c2dc                stlm20PB7noDiv
                0x0800c2dc                ButtonsIDZ401V1
                0x0800c2e4                stlm20PA4noDiv
                0x0800c2ec                stlm20PA4withDiv
                0x0800c2f4                memsSensor
                0x0800c2fc                ioMB851A
                0x0800c304                ioMB954A
                0x0800c30c                ioMB950A
                0x0800c314                ioMB951A
                0x0800c31c                ioIDZ401V1
                0x0800c324                MB851A
                0x0800c340                MB851B
                0x0800c35c                MB851C
                0x0800c378                MB851D
                0x0800c394                MB954A
                0x0800c3b0                MB954B
                0x0800c3cc                MB954C
                0x0800c3e8                MB950A
                0x0800c404                MB951A
 .rodata        0x0800c420       0x30 contiki-mbxxx.a(stm32w-radio.o)
                0x0800c420                radioTransmitConfig
                0x0800c428                stm32w_radio_driver
 .rodata        0x0800c450        0xe contiki-mbxxx.a(adc.o)
 *fill*         0x0800c45e        0x2 00
 .rodata        0x0800c460       0x18 contiki-mbxxx.a(micro-common.o)
 .rodata        0x0800c478       0x40 contiki-mbxxx.a(mfg-token.o)
                0x0800c480                TOKEN_MFG_CHIP_DATA
                0x0800c482                TOKEN_MFG_PART_DATA
                0x0800c484                TOKEN_MFG_TESTER_DATA
                0x0800c486                TOKEN_MFG_ST_EUI_64
                0x0800c488                TOKEN_MFG_ANALOG_TRIM_NORMAL
                0x0800c48a                TOKEN_MFG_ANALOG_TRIM_BOOST
                0x0800c48c                TOKEN_MFG_ANALOG_TRIM_BOTH
                0x0800c48e                TOKEN_MFG_REG_TRIM
                0x0800c490                TOKEN_MFG_1V8_REG_VOLTAGE
                0x0800c492                TOKEN_MFG_VREF_VOLTAGE
                0x0800c494                TOKEN_MFG_TEMP_CAL
                0x0800c496                TOKEN_MFG_FIB_VERSION
                0x0800c498                TOKEN_MFG_FIB_CHECKSUM
                0x0800c49a                TOKEN_MFG_FIB_OBS
                0x0800c49c                TOKEN_MFG_CIB_OBS
                0x0800c49e                TOKEN_MFG_CUSTOM_VERSION
                0x0800c4a0                TOKEN_MFG_CUSTOM_EUI_64
                0x0800c4a2                TOKEN_MFG_STRING
                0x0800c4a4                TOKEN_MFG_BOARD_NAME
                0x0800c4a6                TOKEN_MFG_MANUF_ID
                0x0800c4a8                TOKEN_MFG_PHY_CONFIG
                0x0800c4aa                TOKEN_MFG_BOOTLOAD_AES_KEY
                0x0800c4ac                TOKEN_MFG_EZSP_STORAGE
                0x0800c4ae                TOKEN_MFG_ASH_CONFIG
                0x0800c4b0                TOKEN_MFG_CBKE_DATA
                0x0800c4b2                TOKEN_MFG_INSTALLATION_CODE
                0x0800c4b4                TOKEN_MFG_OSC24M_BIAS_TRIM
                0x0800c4b6                TOKEN_MFG_EUI_64
 .rodata        0x0800c4b8        0x8 contiki-mbxxx.a(flash.o)
 .rodata        0x0800c4c0        0x4 contiki-mbxxx.a(crt-stm32w108.o)
 .rodata        0x0800c4c4        0x8 contiki-mbxxx.a(rimeaddr.o)
                0x0800c4c4                rimeaddr_null
 .rodata        0x0800c4cc        0x2 contiki-mbxxx.a(frame802154.o)
 *fill*         0x0800c4ce        0x2 00
 .rodata        0x0800c4d0        0x8 contiki-mbxxx.a(framer-802154.o)
                0x0800c4d0                framer_802154
 .rodata        0x0800c4d8       0x10 contiki-mbxxx.a(contact-sensor.)
                0x0800c4d8                contact_sensor
 .rodata        0x0800c4e8       0x20 ../../../cpu/stm32w108/lib/e_stdio_intonly_thumb2.a(_SP_vfprintf.o)
 *(.rodata*)
 .rodata.str1.1
                0x0800c508      0x189 stm-sensor.co
                                0x18b (size before relaxing)
 .rodata.str1.1
                0x0800c691        0x8 contiki-mbxxx.a(nullmac.o)
 .rodata.str1.1
                0x0800c699        0xb contiki-mbxxx.a(sicslowmac.o)
 .rodata.str1.1
                0x0800c6a4        0xc contiki-mbxxx.a(etimer.o)
 .rodata.str1.1
                0x0800c6b0        0xb contiki-mbxxx.a(sicslowpan.o)
 .rodata.str1.1
                0x0800c6bb        0xd contiki-mbxxx.a(tcpip.o)
 .rodata.str1.1
                0x0800c6c8       0x1a contiki-mbxxx.a(uip-debug.o)
 .rodata.str1.1
                0x0800c6e2        0x7 contiki-mbxxx.a(button-sensor.o)
 .rodata.str1.1
                0x0800c6e9        0xc contiki-mbxxx.a(temperature-sen)
 .rodata.str1.1
                0x0800c6f5      0x1b6 contiki-mbxxx.a(board.o)
                                0x1bc (size before relaxing)
 .rodata.str1.1
                0x0800c8ab       0x14 contiki-mbxxx.a(stm32w-radio.o)
 .rodata.str1.1
                0x0800c8bf        0xf contiki-mbxxx.a(ctimer.o)
 .rodata.str1.1
                0x0800c8ce        0x8 contiki-mbxxx.a(sensors.o)
 .rodata.str1.1
                0x0800c8d6       0xcb contiki-mbxxx.a(contiki-main.o)
                                 0xd1 (size before relaxing)
 .rodata.str1.1
                0x0800c9a1        0xe contiki-mbxxx.a(serial-line.o)
 .rodata.str1.1
                0x0800c9af        0x8 contiki-mbxxx.a(contact-sensor.)
 *fill*         0x0800c9b7        0x1 00
 .rodata.stmPowerLevel
                0x0800c9b8       0x20 ../../../cpu/stm32w108/simplemac/library/simplemac-library-gnu.a(analogue-min.o)
                0x0800c9b8                stmPowerLevel
 .rodata.powerLevelSettings
                0x0800c9d8        0x8 ../../../cpu/stm32w108/simplemac/library/simplemac-library-gnu.a(analogue-min.o)
                0x0800c9d8                powerLevelSettings
 .rodata.stmChannelSettings
                0x0800c9e0       0x40 ../../../cpu/stm32w108/simplemac/library/simplemac-library-gnu.a(analogue-min.o)
                0x0800c9e0                stmChannelSettings
 .rodata.bothTokSerialRegAddress
                0x0800ca20        0x8 ../../../cpu/stm32w108/simplemac/library/simplemac-library-gnu.a(analogue-cell-bias-min.o)
                0x0800ca20                bothTokSerialRegAddress
 .rodata.normalOrBoostTokSerialRegAddress
                0x0800ca28        0xc ../../../cpu/stm32w108/simplemac/library/simplemac-library-gnu.a(analogue-cell-bias-min.o)
                0x0800ca28                normalOrBoostTokSerialRegAddress
 .rodata.str1.1
                0x0800ca34       0x43 ../../../cpu/stm32w108/lib/e_stdio_intonly_thumb2.a(_SP_vfprintf.o)
 *fill*         0x0800ca77        0x1 00
 .rodata.str1.4
                0x0800ca78        0x4 /home/prabha/Sourcery_G++_Lite/bin/../lib/gcc/arm-none-eabi/4.5.2/../../../../arm-none-eabi/lib/thumb2/libc.a(lib_a-impure.o)
 *(.glue_7)
 .glue_7        0x00000000        0x0 linker stubs
 *(.glue_7t)
 .glue_7t       0x00000000        0x0 linker stubs
                0x0800ca7c                . = ALIGN (0x4)
                0x0800ca7c                _etext = .
                0x0800ca7c                _sidata = _etext

.vfp11_veneer   0x0800ca7c        0x0
 .vfp11_veneer  0x00000000        0x0 linker stubs

.v4_bx          0x0800ca7c        0x0
 .v4_bx         0x00000000        0x0 linker stubs

NVM             0x0801f800      0x800
 *(NVM)
 NVM            0x0801f800      0x800 contiki-mbxxx.a(nvm.o)
                0x0801f800                nvmStorageLeft
                0x0801fc00                nvmStorageRight

FAT             0x08040000       0x2c
                0x08040000                . = ALIGN (0x4)
 *(FAT)
 FAT            0x08040000       0x2c contiki-mbxxx.a(crt-stm32w108.o)
                0x08040000                halFixedAddressTable
                0x0804002c                . = ALIGN (0x4)

.data           0x20000500      0x25c load address 0x0800ca7c
                0x20000500                . = ALIGN (0x4)
                0x20000500                _sdata = .
 *(.data)
 .data          0x20000500       0x20 stm-sensor.co
                0x20000500                discovery_process
                0x20000510                wsn_driver_process
 .data          0x20000520       0x10 contiki-mbxxx.a(etimer.o)
                0x20000520                etimer_process
 .data          0x20000530       0x24 contiki-mbxxx.a(queuebuf.o)
 .data          0x20000554       0x10 contiki-mbxxx.a(tcpip.o)
                0x20000554                tcpip_process
 .data          0x20000564       0x28 contiki-mbxxx.a(uip-ds6-route.o)
 .data          0x2000058c       0x14 contiki-mbxxx.a(uip-ds6-nbr.o)
                0x2000058c                ds6_neighbors
 .data          0x200005a0        0x4 contiki-mbxxx.a(clock.o)
 .data          0x200005a4       0x14 contiki-mbxxx.a(stm32w-radio.o)
                0x200005a8                stm32w_radio_process
 .data          0x200005b8        0x4 contiki-mbxxx.a(micro.o)
 .data          0x200005bc        0x2 contiki-mbxxx.a(clocks.o)
                0x200005bc                biasTrim
 *fill*         0x200005be        0x2 00
 .data          0x200005c0       0x10 contiki-mbxxx.a(rpl-dag.o)
 .data          0x200005d0        0x1 contiki-mbxxx.a(rpl-icmp6.o)
 *fill*         0x200005d1        0x3 00
 .data          0x200005d4       0x1c contiki-mbxxx.a(rpl-mrhof.o)
                0x200005d4                rpl_mrhof
 .data          0x200005f0       0x10 contiki-mbxxx.a(ctimer.o)
                0x200005f0                ctimer_process
 .data          0x20000600        0xc contiki-mbxxx.a(nbr-table.o)
 .data          0x2000060c       0x10 contiki-mbxxx.a(sensors.o)
                0x2000060c                sensors_process
 .data          0x2000061c       0x20 contiki-mbxxx.a(contiki-main.o)
                0x2000061c                procinit
                0x20000628                sensors
 .data          0x2000063c       0x10 contiki-mbxxx.a(serial-line.o)
                0x2000063c                serial_line_process
 .data          0x2000064c       0xf4 /home/prabha/Sourcery_G++_Lite/bin/../lib/gcc/arm-none-eabi/4.5.2/../../../../arm-none-eabi/lib/thumb2/libc.a(lib_a-impure.o)
                0x2000064c                _impure_ptr
 *(.data.*)
 .data.stmRadioPower
                0x20000740        0x1 ../../../cpu/stm32w108/simplemac/library/simplemac-library-gnu.a(analogue-min.o)
                0x20000740                stmRadioPower
 *fill*         0x20000741        0x1 00
 .data.stmRadioTxPowerMode
                0x20000742        0x2 ../../../cpu/stm32w108/simplemac/library/simplemac-library-gnu.a(analogue-min.o)
                0x20000742                stmRadioTxPowerMode
 .data.stmRadioChannel
                0x20000744        0x1 ../../../cpu/stm32w108/simplemac/library/simplemac-library-gnu.a(analogue-min.o)
                0x20000744                stmRadioChannel
 .data.stmVcoAutoTuneEnabled
                0x20000745        0x1 ../../../cpu/stm32w108/simplemac/library/simplemac-library-gnu.a(analogue-min.o)
                0x20000745                stmVcoAutoTuneEnabled
 *fill*         0x20000746        0x2 00
 .data.boostTxPowerMax
                0x20000748        0x8 ../../../cpu/stm32w108/simplemac/library/simplemac-library-gnu.a(analogue-min.o)
                0x20000748                boostTxPowerMax
 .data.stmTxStepTimeAltRfPath
                0x20000750        0x1 ../../../cpu/stm32w108/simplemac/library/simplemac-library-gnu.a(analogue-min.o)
                0x20000750                stmTxStepTimeAltRfPath
 .data.edCcaThreshold
                0x20000751        0x1 ../../../cpu/stm32w108/simplemac/library/simplemac-library-gnu.a(phy-common-min.o)
 .data.stmLocalPanId
                0x20000752        0x2 ../../../cpu/stm32w108/simplemac/library/simplemac-library-gnu.a(phy-common-min.o)
 .data.autoAckEnabled
                0x20000754        0x1 ../../../cpu/stm32w108/simplemac/library/simplemac-library-gnu.a(phy-common-min.o)
 .data.radioCheckCrc
                0x20000755        0x1 ../../../cpu/stm32w108/simplemac/library/simplemac-library-gnu.a(phy-common-min.o)
                0x20000755                radioCheckCrc
 .data.addressMatchingEnabled
                0x20000756        0x1 ../../../cpu/stm32w108/simplemac/library/simplemac-library-gnu.a(phy-common-min.o)
 *fill*         0x20000757        0x1 00
 .data.stmLocalNodeId
                0x20000758        0x2 ../../../cpu/stm32w108/simplemac/library/simplemac-library-gnu.a(phy-common-min.o)
 .data.ptiEnabled
                0x2000075a        0x1 ../../../cpu/stm32w108/simplemac/library/simplemac-library-gnu.a(phy-common-min.o)
 .data.radioCurrentPowerStatus
                0x2000075b        0x1 ../../../cpu/stm32w108/simplemac/library/simplemac-library-gnu.a(phy-common-min.o)
                0x2000075b                radioCurrentPowerStatus
                0x2000075c                . = ALIGN (0x4)
                0x2000075c                _edata = .

.bss            0x2000075c     0x14d0 load address 0x0800ccd8
                0x2000075c                . = ALIGN (0x4)
                0x2000075c                _sbss = .
 *(.bss)
 .bss           0x2000075c      0x1e0 stm-sensor.co
 .bss           0x2000093c        0x1 contiki-mbxxx.a(sicslowmac.o)
 *fill*         0x2000093d        0x3 00
 .bss           0x20000940       0xe0 contiki-mbxxx.a(process.o)
                0x20000944                process_list
                0x20000948                process_current
 .bss           0x20000a20        0x8 contiki-mbxxx.a(etimer.o)
 .bss           0x20000a28       0xc0 contiki-mbxxx.a(packetbuf.o)
 .bss           0x20000ae8      0x1b4 contiki-mbxxx.a(queuebuf.o)
 .bss           0x20000c9c       0xd0 contiki-mbxxx.a(sicslowpan.o)
 .bss           0x20000d6c       0x60 contiki-mbxxx.a(tcpip.o)
 .bss           0x20000dcc      0x3a4 contiki-mbxxx.a(uip-ds6-route.o)
 .bss           0x20001170       0x90 contiki-mbxxx.a(uip-ds6-nbr.o)
 .bss           0x20001200       0x20 contiki-mbxxx.a(uip-ds6.o)
 .bss           0x20001220       0x14 contiki-mbxxx.a(uip-nd6.o)
 .bss           0x20001234       0x10 contiki-mbxxx.a(uip6.o)
                0x20001234                uip_ext_opt_offset
                0x20001235                uip_ext_len
                0x2000123e                uip_ext_bitmap
 .bss           0x20001244        0x8 contiki-mbxxx.a(button-sensor.o)
 .bss           0x2000124c        0x4 contiki-mbxxx.a(temperature-sen)
 .bss           0x20001250        0x1 contiki-mbxxx.a(mems.o)
 *fill*         0x20001251        0x3 00
 .bss           0x20001254        0x4 contiki-mbxxx.a(board.o)
                0x20001254                boardDescription
 .bss           0x20001258        0x2 contiki-mbxxx.a(leds.o)
 *fill*         0x2000125a        0x2 00
 .bss           0x2000125c        0x8 contiki-mbxxx.a(clock.o)
 .bss           0x20001264      0x186 contiki-mbxxx.a(stm32w-radio.o)
 *fill*         0x200013ea        0x2 00
 .bss           0x200013ec        0xc contiki-mbxxx.a(rtimer-arch.o)
 .bss           0x200013f8       0x1e contiki-mbxxx.a(adc.o)
 *fill*         0x20001416        0x2 00
 .bss           0x20001418        0x4 contiki-mbxxx.a(sleep.o)
 .bss           0x2000141c        0x1 contiki-mbxxx.a(flash.o)
                0x2000141c                flashEraseIsActive
 .bss           0x2000141d        0x5 contiki-mbxxx.a(context-switch.)
                0x2000141d                halPendSvSaveContext
                0x2000141e                savedMSP
 .bss           0x20001422        0x2 contiki-mbxxx.a(framer-802154.o)
 .bss           0x20001424       0x40 contiki-mbxxx.a(rpl-dag.o)
 .bss           0x20001464       0x24 contiki-mbxxx.a(rpl-timers.o)
 .bss           0x20001488        0x8 contiki-mbxxx.a(ctimer.o)
 .bss           0x20001490        0x4 contiki-mbxxx.a(rtimer.o)
 .bss           0x20001494       0x64 contiki-mbxxx.a(nbr-table.o)
 .bss           0x200014f8       0x10 contiki-mbxxx.a(uip-icmp6.o)
 .bss           0x20001508        0xc contiki-mbxxx.a(sensors.o)
 .bss           0x20001514        0x8 contiki-mbxxx.a(uart1.o)
 .bss           0x2000151c      0x110 contiki-mbxxx.a(serial-line.o)