Archive member included because of file (symbol)

contiki-mbxxx.a(nullmac.o)    border-router.co (nullmac_driver)
contiki-mbxxx.a(sicslowmac.o)
                              contiki-mbxxx.a(nullmac.o) (sicslowmac_driver)
contiki-mbxxx.a(rpl-dag.o)    border-router.co (rpl_set_prefix)
contiki-mbxxx.a(rpl-icmp6.o)  contiki-mbxxx.a(rpl-dag.o) (dao_output)
contiki-mbxxx.a(rpl-timers.o)
                              contiki-mbxxx.a(rpl-dag.o) (rpl_reset_dio_timer)
contiki-mbxxx.a(rpl-mrhof.o)  contiki-mbxxx.a(rpl-dag.o) (rpl_mrhof)
contiki-mbxxx.a(process.o)    border-router.co (process_post)
contiki-mbxxx.a(memb.o)       obj_mbxxx/httpd-simple.o (memb_init)
contiki-mbxxx.a(timer.o)      obj_mbxxx/httpd-simple.o (timer_set)
contiki-mbxxx.a(list.o)       contiki-mbxxx.a(rpl-dag.o) (list_remove)
contiki-mbxxx.a(etimer.o)     border-router.co (etimer_set)
contiki-mbxxx.a(ctimer.o)     contiki-mbxxx.a(rpl-timers.o) (ctimer_set)
contiki-mbxxx.a(stimer.o)     contiki-mbxxx.a(rpl-icmp6.o) (stimer_set)
contiki-mbxxx.a(random.o)     contiki-mbxxx.a(sicslowmac.o) (random_rand)
contiki-mbxxx.a(nbr-table.o)  contiki-mbxxx.a(rpl-dag.o) (nbr_table_register)
contiki-mbxxx.a(packetbuf.o)  contiki-mbxxx.a(sicslowmac.o) (packetbuf_hdrreduce)
contiki-mbxxx.a(psock.o)      border-router.co (psock_send)
contiki-mbxxx.a(queuebuf.o)   contiki-mbxxx.a(sicslowmac.o) (queuebuf_to_packetbuf)
contiki-mbxxx.a(sicslowpan.o)
                              contiki-mbxxx.a(nullmac.o) (sicslowpan_driver)
contiki-mbxxx.a(tcpip.o)      contiki-mbxxx.a(sicslowpan.o) (tcpip_set_outputfunc)
contiki-mbxxx.a(uip-debug.o)  border-router.co (uip_debug_ipaddr_print)
contiki-mbxxx.a(uip-ds6-route.o)
                              border-router.co (uip_ds6_route_nexthop)
contiki-mbxxx.a(uip-ds6-nbr.o)
                              contiki-mbxxx.a(rpl-icmp6.o) (uip_ds6_nbr_add)
contiki-mbxxx.a(uip-ds6.o)    contiki-mbxxx.a(tcpip.o) (uip_ds6_is_addr_onlink)
contiki-mbxxx.a(uip-icmp6.o)  contiki-mbxxx.a(rpl-icmp6.o) (uip_icmp6_send)
contiki-mbxxx.a(uip-nd6.o)    contiki-mbxxx.a(tcpip.o) (uip_nd6_ns_output)
contiki-mbxxx.a(uip6.o)       obj_mbxxx/httpd-simple.o (uip_conn)
contiki-mbxxx.a(sensors.o)    border-router.co (sensors_event)
contiki-mbxxx.a(button-sensor.o)
                              border-router.co (button_sensor)
contiki-mbxxx.a(contiki-main.o)
                              contiki-mbxxx.a(sensors.o) (sensors)
contiki-mbxxx.a(board.o)      contiki-mbxxx.a(contiki-main.o) (boardPrintStringDescription)
contiki-mbxxx.a(leds.o)       contiki-mbxxx.a(contiki-main.o) (leds_init)
contiki-mbxxx.a(clock.o)      contiki-mbxxx.a(contiki-main.o) (clock_init)
contiki-mbxxx.a(watchdog.o)   contiki-mbxxx.a(contiki-main.o) (watchdog_start)
contiki-mbxxx.a(uart1.o)      contiki-mbxxx.a(contiki-main.o) (uart1_set_input)
contiki-mbxxx.a(slip-uart1.o)
                              obj_mbxxx/slip-bridge.o (slip_arch_init)
contiki-mbxxx.a(slip.o)       obj_mbxxx/slip-bridge.o (slip_set_input_callback)
contiki-mbxxx.a(stm32w-radio.o)
                              contiki-mbxxx.a(sicslowmac.o) (stm32w_radio_driver)
contiki-mbxxx.a(stm32w-systick.)
                              contiki-mbxxx.a(clock.o) (SysTick_CLKSourceConfig)
contiki-mbxxx.a(uip-arch.o)   contiki-mbxxx.a(uip6.o) (uip_add32)
contiki-mbxxx.a(rtimer-arch.o)
                              contiki-mbxxx.a(stm32w-radio.o) (rtimer_arch_now)
contiki-mbxxx.a(micro.o)      contiki-mbxxx.a(watchdog.o) (halReboot)
contiki-mbxxx.a(sleep.o)      contiki-mbxxx.a(contiki-main.o) (halSleepWithOptions)
contiki-mbxxx.a(micro-common.o)
                              contiki-mbxxx.a(watchdog.o) (halInternalEnableWatchDog)
contiki-mbxxx.a(micro-common-in)
                              contiki-mbxxx.a(micro.o) (halCommonCalibratePads)
contiki-mbxxx.a(clocks.o)     contiki-mbxxx.a(micro-common.o) (halInternalCalibrateSlowRc)
contiki-mbxxx.a(mfg-token.o)  contiki-mbxxx.a(board.o) (halInternalGetMfgTokenData)
contiki-mbxxx.a(flash.o)      contiki-mbxxx.a(mfg-token.o) (halInternalFlashWrite)
contiki-mbxxx.a(rand.o)       contiki-mbxxx.a(random.o) (rand)
contiki-mbxxx.a(crt-stm32w108.o)
                              (Default_Handler)
contiki-mbxxx.a(spmr.o)       contiki-mbxxx.a(clock.o) (_writeBasePri)
contiki-mbxxx.a(context-switch.)
                              contiki-mbxxx.a(sleep.o) (halPendSvSaveContext)
contiki-mbxxx.a(rimeaddr.o)   contiki-mbxxx.a(sicslowmac.o) (rimeaddr_copy)
contiki-mbxxx.a(frame802154.o)
                              contiki-mbxxx.a(sicslowmac.o) (frame802154_hdrlen)
contiki-mbxxx.a(framer-802154.o)
                              contiki-mbxxx.a(sicslowpan.o) (framer_802154)
contiki-mbxxx.a(rpl.o)        contiki-mbxxx.a(rpl-timers.o) (rpl_purge_routes)
contiki-mbxxx.a(rpl-ext-header.)
                              contiki-mbxxx.a(uip6.o) (rpl_verify_header)
contiki-mbxxx.a(procinit.o)   contiki-mbxxx.a(contiki-main.o) (procinit_init)
[...]
Memory Configuration

Name             Origin             Length             Attributes
RAM_region       0x20000000         0x00002000         xrw
ROM_region       0x08000000         0x00020000         xr
FIB_region       0x08040000         0x00000800         ar
*default*        0x00000000         0xffffffff

Linker script and memory map

                0x00003000                _BOOTLOADER_SIZE = 0x3000
                0x00000800                _NVM_size = 0x800
                0x00000500                __Stack_Size = 0x500
                0x00000500                PROVIDE (_Stack_Size, __Stack_Size)
                0x20000000                __Stack_Init = 0x20000000
                0x20000500                _estack = (__Stack_Init + __Stack_Size)
                0x20000000                PROVIDE (_Stack_Init, __Stack_Init)

.isr_vector     0x08000000       0x84
                0x08000000                . = ALIGN (0x4)
                0x08000000                __ApplicationFlashStart = .
 *(.isr_vector)
 .isr_vector    0x08000000       0x84 contiki-mbxxx.a(crt-stm32w108.o)
                0x08000000                g_pfnVectors
                0x08000084                . = ALIGN (0x4)

.flashtext      0x08000084        0x0
                0x08000084                . = ALIGN (0x4)
 *(.flashtext)
                0x08000084                . = ALIGN (0x4)

.text           0x08000084     0xd418
                0x08000084                . = ALIGN (0x4)
 *(.text)
 .text          0x08000084       0x50 contiki-mbxxx.a(spmr.o)
                0x08000084                _readBasePri
                0x0800008a                _writeBasePri
                0x08000090                _disableBasePri
                0x0800009c                _basePriIsDisabled
                0x080000aa                _enableBasePri
                0x080000b2                _setPriMask
                0x080000b6                _clearPriMask
                0x080000ba                _executeBarrierInstructions
 .text          0x080000d4       0x48 contiki-mbxxx.a(context-switch.)
                0x080000d4                PendSV_Handler
                0x080000d4                halPendSvIsr
                0x08000102                halTriggerContextRestore
                0x0800010e                halInternalIdleSleep
 .text          0x0800011c       0x8c /home/prabha/Sourcery_G++_Lite/bin/../lib/gcc/arm-none-eabi/4.5.2/../../../../arm-none-eabi/lib/thumb2/libc.a(lib_a-memchr.o)
                0x0800011c                memchr
 .text          0x080001a8       0x64 /home/prabha/Sourcery_G++_Lite/bin/../lib/gcc/arm-none-eabi/4.5.2/../../../../arm-none-eabi/lib/thumb2/libc.a(lib_a-memcmp.o)
                0x080001a8                memcmp
 .text          0x0800020c      0x150 /home/prabha/Sourcery_G++_Lite/bin/../lib/gcc/arm-none-eabi/4.5.2/../../../../arm-none-eabi/lib/thumb2/libc.a(lib_a-memcpy.o)
                0x0800020c                memcpy
 .text          0x0800035c       0xb4 /home/prabha/Sourcery_G++_Lite/bin/../lib/gcc/arm-none-eabi/4.5.2/../../../../arm-none-eabi/lib/thumb2/libc.a(lib_a-memmove.o)
                0x0800035c                memmove
 .text          0x08000410       0xb4 /home/prabha/Sourcery_G++_Lite/bin/../lib/gcc/arm-none-eabi/4.5.2/../../../../arm-none-eabi/lib/thumb2/libc.a(lib_a-memset.o)
                0x08000410                memset
 .text          0x080004c4      0x1dc /home/prabha/Sourcery_G++_Lite/bin/../lib/gcc/arm-none-eabi/4.5.2/../../../../arm-none-eabi/lib/thumb2/libc.a(lib_a-strcmp.o)
                0x080004c4                strcmp
 .text          0x080006a0       0x60 /home/prabha/Sourcery_G++_Lite/bin/../lib/gcc/arm-none-eabi/4.5.2/../../../../arm-none-eabi/lib/thumb2/libc.a(lib_a-strlen.o)
                0x080006a0                strlen
 .text          0x08000700       0xac /home/prabha/Sourcery_G++_Lite/bin/../lib/gcc/arm-none-eabi/4.5.2/../../../../arm-none-eabi/lib/thumb2/libc.a(lib_a-strncmp.o)
                0x08000700                strncmp
 .text          0x080007ac       0x78 /home/prabha/Sourcery_G++_Lite/bin/../lib/gcc/arm-none-eabi/4.5.2/../../../../arm-none-eabi/lib/thumb2/libc.a(lib_a-strncpy.o)
                0x080007ac                strncpy
 *(.text.*)
 .text.process_thread_webserver_nogui_process
                0x08000824       0x3c border-router.co
 .text.ipaddr_add
                0x08000860       0x9c border-router.co
 .text.generate_routes
                0x080008fc      0x208 border-router.co
 .text.httpd_simple_get_script
                0x08000b04        0x8 border-router.co
                0x08000b04                httpd_simple_get_script
 .text.request_prefix
                0x08000b0c       0x24 border-router.co
                0x08000b0c                request_prefix
 .text.process_thread_border_router_process
                0x08000b30      0x120 border-router.co
 .text.set_prefix_64
                0x08000c50       0x54 border-router.co
                0x08000c50                set_prefix_64
 .text.output   0x08000ca4       0x4c obj_mbxxx/slip-bridge.o
 .text.init     0x08000cf0       0x24 obj_mbxxx/slip-bridge.o
 .text.slip_input_callback
                0x08000d14       0xd0 obj_mbxxx/slip-bridge.o
 .text.putchar  0x08000de4       0x38 obj_mbxxx/slip-bridge.o
                0x08000de4                putchar
 .text.send_headers
                0x08000e1c       0x54 obj_mbxxx/httpd-simple.o
 .text.handle_connection
                0x08000e70      0x174 obj_mbxxx/httpd-simple.o
 .text.httpd_appcall
                0x08000fe4       0xc0 obj_mbxxx/httpd-simple.o
                0x08000fe4                httpd_appcall
 .text.httpd_init
                0x080010a4       0x18 obj_mbxxx/httpd-simple.o
                0x080010a4                httpd_init
 .text.send_packet
                0x080010bc       0x10 contiki-mbxxx.a(nullmac.o)
 .text.packet_input
                0x080010cc       0x10 contiki-mbxxx.a(nullmac.o)
 .text.on       0x080010dc       0x10 contiki-mbxxx.a(nullmac.o)
 .text.off      0x080010ec       0x10 contiki-mbxxx.a(nullmac.o)
 .text.channel_check_interval
                0x080010fc        0x4 contiki-mbxxx.a(nullmac.o)
 .text.init     0x08001100        0x2 contiki-mbxxx.a(nullmac.o)
 *fill*         0x08001102        0x2 00
 .text.on       0x08001104       0x10 contiki-mbxxx.a(sicslowmac.o)
 .text.off      0x08001114       0x18 contiki-mbxxx.a(sicslowmac.o)
 .text.channel_check_interval
                0x0800112c        0x4 contiki-mbxxx.a(sicslowmac.o)
 .text.input_packet
                0x08001130       0x90 contiki-mbxxx.a(sicslowmac.o)
 .text.send_packet
                0x080011c0       0xf8 contiki-mbxxx.a(sicslowmac.o)
 .text.init     0x080012b8       0x1c contiki-mbxxx.a(sicslowmac.o)
 .text.send_list
                0x080012d4       0x1c contiki-mbxxx.a(sicslowmac.o)
                0x080012d4                send_list
 .text.lollipop_greater_than
                0x080012f0       0x34 contiki-mbxxx.a(rpl-dag.o)
 .text.acceptable_rank
                0x08001324       0x32 contiki-mbxxx.a(rpl-dag.o)
 *fill*         0x08001356        0x2 00
 .text.find_parent_any_dag_any_instance
                0x08001358       0x1c contiki-mbxxx.a(rpl-dag.o)
 .text.rpl_set_preferred_parent
                0x08001374       0x24 contiki-mbxxx.a(rpl-dag.o)
 .text.set_ip_from_prefix
                0x08001398       0x2c contiki-mbxxx.a(rpl-dag.o)
 .text.check_prefix
                0x080013c4       0x58 contiki-mbxxx.a(rpl-dag.o)
 .text.find_parent_dag.clone.1
                0x0800141c        0xc contiki-mbxxx.a(rpl-dag.o)
 .text.rpl_dag_init
                0x08001428       0x10 contiki-mbxxx.a(rpl-dag.o)
                0x08001428                rpl_dag_init
 .text.rpl_get_parent_ipaddr
                0x08001438       0x18 contiki-mbxxx.a(rpl-dag.o)
                0x08001438                rpl_get_parent_ipaddr
 .text.rpl_set_prefix
                0x08001450       0x6a contiki-mbxxx.a(rpl-dag.o)
                0x08001450                rpl_set_prefix
 .text.rpl_set_default_route
                0x080014ba       0x3e contiki-mbxxx.a(rpl-dag.o)
                0x080014ba                rpl_set_default_route
 .text.rpl_alloc_instance
                0x080014f8       0x2c contiki-mbxxx.a(rpl-dag.o)
                0x080014f8                rpl_alloc_instance
 .text.rpl_add_parent
                0x08001524       0x30 contiki-mbxxx.a(rpl-dag.o)
                0x08001524                rpl_add_parent
 .text.rpl_find_parent
                0x08001554       0x16 contiki-mbxxx.a(rpl-dag.o)
                0x08001554                rpl_find_parent
 .text.rpl_find_parent_any_dag
                0x0800156a       0x1e contiki-mbxxx.a(rpl-dag.o)
                0x0800156a                rpl_find_parent_any_dag
 .text.rpl_select_parent
                0x08001588       0x50 contiki-mbxxx.a(rpl-dag.o)
                0x08001588                rpl_select_parent
 .text.rpl_select_dag
                0x080015d8      0x138 contiki-mbxxx.a(rpl-dag.o)
                0x080015d8                rpl_select_dag
 .text.rpl_nullify_parent
                0x08001710       0x3e contiki-mbxxx.a(rpl-dag.o)
                0x08001710                rpl_nullify_parent
 *fill*         0x0800174e        0x2 00
 .text.rpl_remove_parent
                0x08001750       0x18 contiki-mbxxx.a(rpl-dag.o)
                0x08001750                rpl_remove_parent
 .text.remove_parents.clone.3
                0x08001768       0x2c contiki-mbxxx.a(rpl-dag.o)
 .text.rpl_free_dag
                0x08001794       0x30 contiki-mbxxx.a(rpl-dag.o)
                0x08001794                rpl_free_dag
 .text.rpl_free_instance
                0x080017c4       0x50 contiki-mbxxx.a(rpl-dag.o)
                0x080017c4                rpl_free_instance
 .text.rpl_move_parent
                0x08001814       0x56 contiki-mbxxx.a(rpl-dag.o)
                0x08001814                rpl_move_parent
 *fill*         0x0800186a        0x2 00
 .text.rpl_get_any_dag
                0x0800186c       0x18 contiki-mbxxx.a(rpl-dag.o)
                0x0800186c                rpl_get_any_dag
 .text.rpl_get_instance
                0x08001884       0x20 contiki-mbxxx.a(rpl-dag.o)
                0x08001884                rpl_get_instance
 .text.get_dag  0x080018a4       0x2c contiki-mbxxx.a(rpl-dag.o)
 .text.rpl_alloc_dag
                0x080018d0       0x52 contiki-mbxxx.a(rpl-dag.o)
                0x080018d0                rpl_alloc_dag
 *fill*         0x08001922        0x2 00
 .text.rpl_set_root
                0x08001924       0xe0 contiki-mbxxx.a(rpl-dag.o)
                0x08001924                rpl_set_root
 .text.rpl_repair_root
                0x08001a04       0x48 contiki-mbxxx.a(rpl-dag.o)
                0x08001a04                rpl_repair_root
 .text.rpl_find_of
                0x08001a4c       0x14 contiki-mbxxx.a(rpl-dag.o)
                0x08001a4c                rpl_find_of
 .text.rpl_join_instance
                0x08001a60      0x140 contiki-mbxxx.a(rpl-dag.o)
                0x08001a60                rpl_join_instance
 .text.rpl_local_repair
                0x08001ba0       0x48 contiki-mbxxx.a(rpl-dag.o)
                0x08001ba0                rpl_local_repair
 .text.rpl_process_parent_event
                0x08001be8       0x3c contiki-mbxxx.a(rpl-dag.o)
                0x08001be8                rpl_process_parent_event
 .text.rpl_recalculate_ranks
                0x08001c24       0x38 contiki-mbxxx.a(rpl-dag.o)
                0x08001c24                rpl_recalculate_ranks
 .text.rpl_add_dag
                0x08001c5c       0xf4 contiki-mbxxx.a(rpl-dag.o)
                0x08001c5c                rpl_add_dag
 .text.rpl_process_dio
                0x08001d50      0x22a contiki-mbxxx.a(rpl-dag.o)
                0x08001d50                rpl_process_dio
 .text.get32    0x08001f7a       0x18 contiki-mbxxx.a(rpl-icmp6.o)
 .text.set32    0x08001f92       0x16 contiki-mbxxx.a(rpl-icmp6.o)
 .text.get16    0x08001fa8        0xc contiki-mbxxx.a(rpl-icmp6.o)
 .text.set16    0x08001fb4        0xa contiki-mbxxx.a(rpl-icmp6.o)
 *fill*         0x08001fbe        0x2 00
 .text.dis_output
                0x08001fc0       0x54 contiki-mbxxx.a(rpl-icmp6.o)
                0x08001fc0                dis_output
 .text.dio_output
                0x08002014      0x22c contiki-mbxxx.a(rpl-icmp6.o)
                0x08002014                dio_output
 .text.dao_output_target
                0x08002240       0xb0 contiki-mbxxx.a(rpl-icmp6.o)
                0x08002240                dao_output_target
 .text.dao_output
                0x080022f0       0x54 contiki-mbxxx.a(rpl-icmp6.o)
                0x080022f0                dao_output
 .text.dao_ack_output
                0x08002344       0x34 contiki-mbxxx.a(rpl-icmp6.o)
                0x08002344                dao_ack_output
 .text.uip_rpl_input
                0x08002378      0x46c contiki-mbxxx.a(rpl-icmp6.o)
                0x08002378                uip_rpl_input
 .text.new_dio_interval
                0x080027e4       0x54 contiki-mbxxx.a(rpl-timers.o)
 .text.handle_dao_timer
                0x08002838       0x48 contiki-mbxxx.a(rpl-timers.o)
 .text.handle_dio_timer
                0x08002880       0x80 contiki-mbxxx.a(rpl-timers.o)
 .text.handle_periodic_timer
                0x08002900       0x38 contiki-mbxxx.a(rpl-timers.o)
 .text.rpl_reset_periodic_timer
                0x08002938       0x34 contiki-mbxxx.a(rpl-timers.o)
                0x08002938                rpl_reset_periodic_timer
 .text.rpl_reset_dio_timer
                0x0800296c       0x1c contiki-mbxxx.a(rpl-timers.o)
                0x0800296c                rpl_reset_dio_timer
 .text.rpl_schedule_dao
                0x08002988       0x44 contiki-mbxxx.a(rpl-timers.o)
                0x08002988                rpl_schedule_dao
 .text.calculate_path_metric
                0x080029cc       0x12 contiki-mbxxx.a(rpl-mrhof.o)
 .text.reset    0x080029de        0x2 contiki-mbxxx.a(rpl-mrhof.o)
 .text.neighbor_link_callback
                0x080029e0       0x26 contiki-mbxxx.a(rpl-mrhof.o)
 .text.calculate_rank
                0x08002a06       0x2c contiki-mbxxx.a(rpl-mrhof.o)
 .text.best_dag
                0x08002a32       0x2c contiki-mbxxx.a(rpl-mrhof.o)
 .text.best_parent
                0x08002a5e       0x3a contiki-mbxxx.a(rpl-mrhof.o)
 .text.update_metric_container
                0x08002a98        0x6 contiki-mbxxx.a(rpl-mrhof.o)
 *fill*         0x08002a9e        0x2 00
 .text.process_alloc_event
                0x08002aa0       0x10 contiki-mbxxx.a(process.o)
                0x08002aa0                process_alloc_event
 .text.process_init
                0x08002ab0       0x18 contiki-mbxxx.a(process.o)
                0x08002ab0                process_init
 .text.process_post
                0x08002ac8       0x30 contiki-mbxxx.a(process.o)
                0x08002ac8                process_post
 .text.process_poll
                0x08002af8       0x1c contiki-mbxxx.a(process.o)
                0x08002af8                process_poll
 .text.process_is_running
                0x08002b14        0xa contiki-mbxxx.a(process.o)
                0x08002b14                process_is_running
 *fill*         0x08002b1e        0x2 00
 .text.exit_process
                0x08002b20       0x84 contiki-mbxxx.a(process.o)
 .text.call_process
                0x08002ba4       0x40 contiki-mbxxx.a(process.o)
 .text.process_post_synch
                0x08002be4       0x14 contiki-mbxxx.a(process.o)
                0x08002be4                process_post_synch
 .text.process_start
                0x08002bf8       0x34 contiki-mbxxx.a(process.o)
                0x08002bf8                process_start
 .text.do_poll  0x08002c2c       0x2c contiki-mbxxx.a(process.o)
 .text.process_run
                0x08002c58       0x8c contiki-mbxxx.a(process.o)
                0x08002c58                process_run
 .text.memb_init
                0x08002ce4       0x20 contiki-mbxxx.a(memb.o)
                0x08002ce4                memb_init
 .text.memb_alloc
                0x08002d04       0x28 contiki-mbxxx.a(memb.o)
                0x08002d04                memb_alloc
 .text.memb_free
                0x08002d2c       0x2c contiki-mbxxx.a(memb.o)
                0x08002d2c                memb_free
 .text.memb_inmemb
                0x08002d58       0x1c contiki-mbxxx.a(memb.o)
                0x08002d58                memb_inmemb
 .text.timer_set
                0x08002d74        0xe contiki-mbxxx.a(timer.o)
                0x08002d74                timer_set
 .text.timer_reset
                0x08002d82        0xa contiki-mbxxx.a(timer.o)
                0x08002d82                timer_reset
 .text.timer_restart
                0x08002d8c        0xc contiki-mbxxx.a(timer.o)
                0x08002d8c                timer_restart
 .text.timer_expired
                0x08002d98       0x1c contiki-mbxxx.a(timer.o)
                0x08002d98                timer_expired
 .text.list_init
                0x08002db4        0x6 contiki-mbxxx.a(list.o)
                0x08002db4                list_init
 .text.list_head
                0x08002dba        0x4 contiki-mbxxx.a(list.o)
                0x08002dba                list_head
 .text.list_tail
                0x08002dbe       0x10 contiki-mbxxx.a(list.o)
                0x08002dbe                list_tail
 .text.list_remove
                0x08002dce       0x26 contiki-mbxxx.a(list.o)
                0x08002dce                list_remove
 .text.list_push
                0x08002df4       0x12 contiki-mbxxx.a(list.o)
                0x08002df4                list_push
 .text.list_add
                0x08002e06       0x1e contiki-mbxxx.a(list.o)
                0x08002e06                list_add
 .text.list_length
                0x08002e24       0x10 contiki-mbxxx.a(list.o)
                0x08002e24                list_length
 .text.list_item_next
                0x08002e34        0x6 contiki-mbxxx.a(list.o)
                0x08002e34                list_item_next
 *fill*         0x08002e3a        0x2 00
 .text.update_time
                0x08002e3c       0x3c contiki-mbxxx.a(etimer.o)
 .text.etimer_request_poll
                0x08002e78        0xc contiki-mbxxx.a(etimer.o)
                0x08002e78                etimer_request_poll
 .text.process_thread_etimer_process
                0x08002e84       0x9c contiki-mbxxx.a(etimer.o)
 .text.add_timer
                0x08002f20       0x40 contiki-mbxxx.a(etimer.o)
 .text.etimer_set
                0x08002f60       0x12 contiki-mbxxx.a(etimer.o)
                0x08002f60                etimer_set
 .text.etimer_reset
                0x08002f72       0x12 contiki-mbxxx.a(etimer.o)
                0x08002f72                etimer_reset
 .text.etimer_restart
                0x08002f84       0x12 contiki-mbxxx.a(etimer.o)
                0x08002f84                etimer_restart
 .text.etimer_expired
                0x08002f96        0xc contiki-mbxxx.a(etimer.o)
                0x08002f96                etimer_expired
 .text.etimer_expiration_time
                0x08002fa2        0x8 contiki-mbxxx.a(etimer.o)
                0x08002fa2                etimer_expiration_time
 *fill*         0x08002faa        0x2 00
 .text.etimer_pending
                0x08002fac       0x10 contiki-mbxxx.a(etimer.o)
                0x08002fac                etimer_pending
 .text.etimer_stop
                0x08002fbc       0x34 contiki-mbxxx.a(etimer.o)
                0x08002fbc                etimer_stop
 .text.process_thread_ctimer_process
                0x08002ff0       0x84 contiki-mbxxx.a(ctimer.o)
 .text.ctimer_init
                0x08003074       0x20 contiki-mbxxx.a(ctimer.o)
                0x08003074                ctimer_init
 .text.ctimer_set
                0x08003094       0x44 contiki-mbxxx.a(ctimer.o)
                0x08003094                ctimer_set
 .text.ctimer_reset
                0x080030d8       0x3c contiki-mbxxx.a(ctimer.o)
                0x080030d8                ctimer_reset
 .text.ctimer_stop
                0x08003114       0x28 contiki-mbxxx.a(ctimer.o)
                0x08003114                ctimer_stop
 .text.stimer_set
                0x0800313c        0xe contiki-mbxxx.a(stimer.o)
                0x0800313c                stimer_set
 *fill*         0x0800314a        0x2 00
 .text.stimer_expired
                0x0800314c       0x20 contiki-mbxxx.a(stimer.o)
                0x0800314c                stimer_expired
 .text.random_rand
                0x0800316c        0xa contiki-mbxxx.a(random.o)
                0x0800316c                random_rand
 .text.item_from_index
                0x08003176       0x16 contiki-mbxxx.a(nbr-table.o)
 .text.index_from_key
                0x0800318c       0x20 contiki-mbxxx.a(nbr-table.o)
 .text.index_from_item
                0x080031ac       0x1c contiki-mbxxx.a(nbr-table.o)
 .text.item_from_key
                0x080031c8       0x16 contiki-mbxxx.a(nbr-table.o)
 *fill*         0x080031de        0x2 00
 .text.key_from_item
                0x080031e0       0x20 contiki-mbxxx.a(nbr-table.o)
 .text.nbr_set_bit
                0x08003200       0x3e contiki-mbxxx.a(nbr-table.o)
 *fill*         0x0800323e        0x2 00
 .text.index_from_lladdr
                0x08003240       0x40 contiki-mbxxx.a(nbr-table.o)
 .text.nbr_get_bit.clone.0
                0x08003280       0x2c contiki-mbxxx.a(nbr-table.o)
 .text.nbr_table_register
                0x080032ac       0x24 contiki-mbxxx.a(nbr-table.o)
                0x080032ac                nbr_table_register
 .text.nbr_table_next
                0x080032d0       0x2e contiki-mbxxx.a(nbr-table.o)
                0x080032d0                nbr_table_next
 *fill*         0x080032fe        0x2 00
 .text.nbr_table_head
                0x08003300       0x34 contiki-mbxxx.a(nbr-table.o)
                0x08003300                nbr_table_head
 .text.nbr_table_add_lladdr
                0x08003334      0x118 contiki-mbxxx.a(nbr-table.o)
                0x08003334                nbr_table_add_lladdr
 .text.nbr_table_get_from_lladdr
                0x0800344c       0x26 contiki-mbxxx.a(nbr-table.o)
                0x0800344c                nbr_table_get_from_lladdr
 *fill*         0x08003472        0x2 00
 .text.nbr_table_remove
                0x08003474       0x2c contiki-mbxxx.a(nbr-table.o)
                0x08003474                nbr_table_remove
 .text.nbr_table_lock
                0x080034a0       0x14 contiki-mbxxx.a(nbr-table.o)
                0x080034a0                nbr_table_lock
 .text.nbr_table_unlock
                0x080034b4       0x14 contiki-mbxxx.a(nbr-table.o)
                0x080034b4                nbr_table_unlock
 .text.nbr_table_get_lladdr
                0x080034c8        0xc contiki-mbxxx.a(nbr-table.o)
                0x080034c8                nbr_table_get_lladdr
 .text.packetbuf_copyto_hdr
                0x080034d4       0x1c contiki-mbxxx.a(packetbuf.o)
                0x080034d4                packetbuf_copyto_hdr
 .text.packetbuf_copyto
                0x080034f0       0x44 contiki-mbxxx.a(packetbuf.o)
                0x080034f0                packetbuf_copyto
 .text.packetbuf_hdrreduce
                0x08003534       0x28 contiki-mbxxx.a(packetbuf.o)
                0x08003534                packetbuf_hdrreduce
 .text.packetbuf_set_datalen
                0x0800355c        0xc contiki-mbxxx.a(packetbuf.o)
                0x0800355c                packetbuf_set_datalen
 .text.packetbuf_dataptr
                0x08003568       0x14 contiki-mbxxx.a(packetbuf.o)
                0x08003568                packetbuf_dataptr
 .text.packetbuf_hdrptr
                0x0800357c       0x10 contiki-mbxxx.a(packetbuf.o)
                0x0800357c                packetbuf_hdrptr
 .text.packetbuf_is_reference
                0x0800358c       0x18 contiki-mbxxx.a(packetbuf.o)
                0x0800358c                packetbuf_is_reference
 .text.packetbuf_reference_ptr
                0x080035a4        0xc contiki-mbxxx.a(packetbuf.o)
                0x080035a4                packetbuf_reference_ptr
 .text.packetbuf_datalen
                0x080035b0        0xc contiki-mbxxx.a(packetbuf.o)
                0x080035b0                packetbuf_datalen
 .text.packetbuf_hdrlen
                0x080035bc       0x10 contiki-mbxxx.a(packetbuf.o)
                0x080035bc                packetbuf_hdrlen
 .text.packetbuf_totlen
                0x080035cc       0x12 contiki-mbxxx.a(packetbuf.o)
                0x080035cc                packetbuf_totlen
 *fill*         0x080035de        0x2 00
 .text.packetbuf_hdralloc
                0x080035e0       0x2c contiki-mbxxx.a(packetbuf.o)
                0x080035e0                packetbuf_hdralloc
 .text.packetbuf_attr_clear
                0x0800360c       0x34 contiki-mbxxx.a(packetbuf.o)
                0x0800360c                packetbuf_attr_clear
 .text.packetbuf_clear
                0x08003640       0x20 contiki-mbxxx.a(packetbuf.o)
                0x08003640                packetbuf_clear
 .text.packetbuf_copyfrom
                0x08003660       0x2c contiki-mbxxx.a(packetbuf.o)
                0x08003660                packetbuf_copyfrom
 .text.packetbuf_attr_copyto
                0x0800368c       0x30 contiki-mbxxx.a(packetbuf.o)
                0x0800368c                packetbuf_attr_copyto
 .text.packetbuf_attr_copyfrom
                0x080036bc       0x30 contiki-mbxxx.a(packetbuf.o)
                0x080036bc                packetbuf_attr_copyfrom
 .text.packetbuf_set_attr
                0x080036ec       0x10 contiki-mbxxx.a(packetbuf.o)
                0x080036ec                packetbuf_set_attr
 .text.packetbuf_attr
                0x080036fc        0xc contiki-mbxxx.a(packetbuf.o)
                0x080036fc                packetbuf_attr
 .text.packetbuf_set_addr
                0x08003708       0x18 contiki-mbxxx.a(packetbuf.o)
                0x08003708                packetbuf_set_addr
 .text.packetbuf_addr
                0x08003720       0x10 contiki-mbxxx.a(packetbuf.o)
                0x08003720                packetbuf_addr
 .text.buf_setup
                0x08003730        0x6 contiki-mbxxx.a(psock.o)
 *fill*         0x08003736        0x2 00
 .text.psock_send
                0x08003738       0x98 contiki-mbxxx.a(psock.o)
                0x08003738                psock_send
 .text.psock_datalen
                0x080037d0        0xa contiki-mbxxx.a(psock.o)
                0x080037d0                psock_datalen
 *fill*         0x080037da        0x2 00
 .text.psock_newdata
                0x080037dc       0x28 contiki-mbxxx.a(psock.o)
                0x080037dc                psock_newdata
 .text.psock_readto
                0x08003804       0xa4 contiki-mbxxx.a(psock.o)
                0x08003804                psock_readto
 .text.psock_init
                0x080038a8       0x1e contiki-mbxxx.a(psock.o)
                0x080038a8                psock_init
 .text.queuebuf_load_to_ram
                0x080038c6        0x4 contiki-mbxxx.a(queuebuf.o)
 *fill*         0x080038ca        0x2 00
 .text.queuebuf_new_from_packetbuf
                0x080038cc       0x6c contiki-mbxxx.a(queuebuf.o)
                0x080038cc                queuebuf_new_from_packetbuf
 .text.queuebuf_free
                0x08003938       0x40 contiki-mbxxx.a(queuebuf.o)
                0x08003938                queuebuf_free
 .text.queuebuf_to_packetbuf
                0x08003978       0x6c contiki-mbxxx.a(queuebuf.o)
                0x08003978                queuebuf_to_packetbuf
 .text.addr_context_lookup_by_number
                0x080039e4       0x38 contiki-mbxxx.a(sicslowpan.o)
 .text.compress_addr_64
                0x08003a1c       0x90 contiki-mbxxx.a(sicslowpan.o)
 .text.uncompress_addr
                0x08003aac       0x78 contiki-mbxxx.a(sicslowpan.o)
 .text.set_packet_attrs
                0x08003b24       0x44 contiki-mbxxx.a(sicslowpan.o)
 .text.input    0x08003b68      0x548 contiki-mbxxx.a(sicslowpan.o)
 .text.sicslowpan_init
                0x080040b0       0x24 contiki-mbxxx.a(sicslowpan.o)
                0x080040b0                sicslowpan_init
 .text.addr_context_lookup_by_prefix
                0x080040d4       0x48 contiki-mbxxx.a(sicslowpan.o)
 .text.send_packet
                0x0800411c       0x24 contiki-mbxxx.a(sicslowpan.o)
 .text.packet_sent
                0x08004140       0x24 contiki-mbxxx.a(sicslowpan.o)
 .text.output   0x08004164      0x648 contiki-mbxxx.a(sicslowpan.o)
 .text.start_periodic_tcp_timer
                0x080047ac       0x1c contiki-mbxxx.a(tcpip.o)
 .text.tcpip_output
                0x080047c8       0x14 contiki-mbxxx.a(tcpip.o)
                0x080047c8                tcpip_output
 .text.tcpip_set_outputfunc
                0x080047dc        0xc contiki-mbxxx.a(tcpip.o)
                0x080047dc                tcpip_set_outputfunc
 .text.tcp_listen
                0x080047e8       0x40 contiki-mbxxx.a(tcpip.o)
                0x080047e8                tcp_listen
 .text.tcp_attach
                0x08004828       0x10 contiki-mbxxx.a(tcpip.o)
                0x08004828                tcp_attach
 .text.tcpip_input
                0x08004838       0x28 contiki-mbxxx.a(tcpip.o)
                0x08004838                tcpip_input
 .text.tcpip_ipv6_output
                0x08004860      0x164 contiki-mbxxx.a(tcpip.o)
                0x08004860                tcpip_ipv6_output
 .text.process_thread_tcpip_process
                0x080049c4      0x1f4 contiki-mbxxx.a(tcpip.o)
 .text.tcpip_uipcall
                0x08004bb8       0x80 contiki-mbxxx.a(tcpip.o)
                0x08004bb8                tcpip_uipcall
 .text.uip_debug_ipaddr_print
                0x08004c38       0x68 contiki-mbxxx.a(uip-debug.o)
                0x08004c38                uip_debug_ipaddr_print
 .text.uip_debug_lladdr_print
                0x08004ca0       0x24 contiki-mbxxx.a(uip-debug.o)
                0x08004ca0                uip_debug_lladdr_print
 .text.call_route_callback
                0x08004cc4       0x48 contiki-mbxxx.a(uip-ds6-route.o)
 .text.uip_ds6_route_init
                0x08004d0c       0x3c contiki-mbxxx.a(uip-ds6-route.o)
                0x08004d0c                uip_ds6_route_init
 .text.uip_ds6_route_nexthop
                0x08004d48       0x1c contiki-mbxxx.a(uip-ds6-route.o)
                0x08004d48                uip_ds6_route_nexthop
 .text.uip_ds6_route_head
                0x08004d64       0x24 contiki-mbxxx.a(uip-ds6-route.o)
                0x08004d64                uip_ds6_route_head
 .text.uip_ds6_route_next
                0x08004d88       0x2c contiki-mbxxx.a(uip-ds6-route.o)
                0x08004d88                uip_ds6_route_next
 .text.uip_ds6_route_lookup
                0x08004db4       0x42 contiki-mbxxx.a(uip-ds6-route.o)
                0x08004db4                uip_ds6_route_lookup
 *fill*         0x08004df6        0x2 00
 .text.uip_ds6_route_add
                0x08004df8       0xac contiki-mbxxx.a(uip-ds6-route.o)
                0x08004df8                uip_ds6_route_add
 .text.uip_ds6_route_rm
                0x08004ea4       0x60 contiki-mbxxx.a(uip-ds6-route.o)
                0x08004ea4                uip_ds6_route_rm
 .text.rm_routelist
                0x08004f04       0x2c contiki-mbxxx.a(uip-ds6-route.o)
 .text.rm_routelist_callback
                0x08004f30        0x4 contiki-mbxxx.a(uip-ds6-route.o)
 .text.uip_ds6_defrt_rm
                0x08004f34       0x44 contiki-mbxxx.a(uip-ds6-route.o)
                0x08004f34                uip_ds6_defrt_rm
 .text.uip_ds6_defrt_lookup
                0x08004f78       0x2c contiki-mbxxx.a(uip-ds6-route.o)
                0x08004f78                uip_ds6_defrt_lookup
 .text.uip_ds6_defrt_add
                0x08004fa4       0x60 contiki-mbxxx.a(uip-ds6-route.o)
                0x08004fa4                uip_ds6_defrt_add
 .text.uip_ds6_defrt_choose
                0x08005004       0x34 contiki-mbxxx.a(uip-ds6-route.o)
                0x08005004                uip_ds6_defrt_choose
 .text.uip_ds6_defrt_periodic
                0x08005038       0x34 contiki-mbxxx.a(uip-ds6-route.o)
                0x08005038                uip_ds6_defrt_periodic
 .text.uip_ds6_nbr_rm
                0x0800506c       0x20 contiki-mbxxx.a(uip-ds6-nbr.o)
                0x0800506c                uip_ds6_nbr_rm
 .text.uip_ds6_neighbors_init
                0x0800508c       0x14 contiki-mbxxx.a(uip-ds6-nbr.o)
                0x0800508c                uip_ds6_neighbors_init
 .text.uip_ds6_nbr_add
                0x080050a0       0x58 contiki-mbxxx.a(uip-ds6-nbr.o)
                0x080050a0                uip_ds6_nbr_add
 .text.uip_ds6_nbr_get_ll
                0x080050f8       0x10 contiki-mbxxx.a(uip-ds6-nbr.o)
                0x080050f8                uip_ds6_nbr_get_ll
 .text.uip_ds6_nbr_lookup
                0x08005108       0x38 contiki-mbxxx.a(uip-ds6-nbr.o)
                0x08005108                uip_ds6_nbr_lookup
 .text.uip_ds6_nbr_ll_lookup
                0x08005140       0x10 contiki-mbxxx.a(uip-ds6-nbr.o)
                0x08005140                uip_ds6_nbr_ll_lookup
 .text.uip_ds6_nbr_ipaddr_from_lladdr
                0x08005150        0x8 contiki-mbxxx.a(uip-ds6-nbr.o)
                0x08005150                uip_ds6_nbr_ipaddr_from_lladdr
 .text.uip_ds6_nbr_lladdr_from_ipaddr
                0x08005158       0x12 contiki-mbxxx.a(uip-ds6-nbr.o)
                0x08005158                uip_ds6_nbr_lladdr_from_ipaddr
 *fill*         0x0800516a        0x2 00
 .text.uip_ds6_link_neighbor_callback
                0x0800516c       0x2c contiki-mbxxx.a(uip-ds6-nbr.o)
                0x0800516c                uip_ds6_link_neighbor_callback
 .text.uip_ds6_neighbor_periodic
                0x08005198       0xf0 contiki-mbxxx.a(uip-ds6-nbr.o)
                0x08005198                uip_ds6_neighbor_periodic
 .text.uip_ds6_list_loop
                0x08005288       0x48 contiki-mbxxx.a(uip-ds6.o)
                0x08005288                uip_ds6_list_loop
 .text.uip_ds6_prefix_add
                0x080052d0       0x5c contiki-mbxxx.a(uip-ds6.o)
                0x080052d0                uip_ds6_prefix_add
 .text.uip_ds6_is_addr_onlink
                0x0800532c       0x40 contiki-mbxxx.a(uip-ds6.o)
                0x0800532c                uip_ds6_is_addr_onlink
 .text.uip_ds6_addr_lookup
                0x0800536c       0x2c contiki-mbxxx.a(uip-ds6.o)
                0x0800536c                uip_ds6_addr_lookup
 .text.uip_ds6_get_link_local
                0x08005398       0x48 contiki-mbxxx.a(uip-ds6.o)
                0x08005398                uip_ds6_get_link_local
 .text.uip_ds6_maddr_add
                0x080053e0       0x48 contiki-mbxxx.a(uip-ds6.o)
                0x080053e0                uip_ds6_maddr_add
 .text.uip_ds6_addr_add
                0x08005428       0x94 contiki-mbxxx.a(uip-ds6.o)
                0x08005428                uip_ds6_addr_add
 .text.uip_ds6_maddr_rm
                0x080054bc        0x8 contiki-mbxxx.a(uip-ds6.o)
                0x080054bc                uip_ds6_maddr_rm
 .text.uip_ds6_maddr_lookup
                0x080054c4       0x2c contiki-mbxxx.a(uip-ds6.o)
                0x080054c4                uip_ds6_maddr_lookup
 .text.uip_ds6_addr_rm
                0x080054f0       0x44 contiki-mbxxx.a(uip-ds6.o)
                0x080054f0                uip_ds6_addr_rm
 .text.uip_ds6_periodic
                0x08005534       0x50 contiki-mbxxx.a(uip-ds6.o)
                0x08005534                uip_ds6_periodic
 .text.uip_ds6_set_addr_iid
                0x08005584       0x12 contiki-mbxxx.a(uip-ds6.o)
                0x08005584                uip_ds6_set_addr_iid
 .text.get_match_length
                0x08005596       0x3a contiki-mbxxx.a(uip-ds6.o)
                0x08005596                get_match_length
 .text.uip_ds6_select_src
                0x080055d0       0x9c contiki-mbxxx.a(uip-ds6.o)
                0x080055d0                uip_ds6_select_src
 .text.uip_ds6_compute_reachable_time
                0x0800566c       0x28 contiki-mbxxx.a(uip-ds6.o)
                0x0800566c                uip_ds6_compute_reachable_time
 .text.uip_ds6_init
                0x08005694       0xe4 contiki-mbxxx.a(uip-ds6.o)
                0x08005694                uip_ds6_init
 .text.uip_icmp6_echo_request_input
                0x08005778      0x118 contiki-mbxxx.a(uip-icmp6.o)
                0x08005778                uip_icmp6_echo_request_input
 .text.uip_icmp6_error_output
                0x08005890      0x164 contiki-mbxxx.a(uip-icmp6.o)
                0x08005890                uip_icmp6_error_output
 .text.uip_icmp6_send
                0x080059f4       0x8c contiki-mbxxx.a(uip-icmp6.o)
                0x080059f4                uip_icmp6_send
 .text.create_llao
                0x08005a80       0x24 contiki-mbxxx.a(uip-nd6.o)
 .text.uip_nd6_ns_input
                0x08005aa4      0x278 contiki-mbxxx.a(uip-nd6.o)
                0x08005aa4                uip_nd6_ns_input
 .text.uip_nd6_ns_output
                0x08005d1c      0x164 contiki-mbxxx.a(uip-nd6.o)
                0x08005d1c                uip_nd6_ns_output
 .text.uip_nd6_na_input
                0x08005e80      0x1b0 contiki-mbxxx.a(uip-nd6.o)
                0x08005e80                uip_nd6_na_input
 .text.chksum   0x08006030       0x38 contiki-mbxxx.a(uip6.o)
 .text.uip_add_rcv_nxt
                0x08006068       0x2c contiki-mbxxx.a(uip6.o)
 .text.ext_hdr_options_process
                0x08006094       0xa8 contiki-mbxxx.a(uip6.o)
 .text.uip_init
                0x0800613c       0x68 contiki-mbxxx.a(uip6.o)
                0x0800613c                uip_init
 .text.remove_ext_hdr
                0x080061a4       0x5c contiki-mbxxx.a(uip6.o)
                0x080061a4                remove_ext_hdr
 .text.uip_unlisten
                0x08006200       0x30 contiki-mbxxx.a(uip6.o)
                0x08006200                uip_unlisten
 .text.uip_listen
                0x08006230       0x2c contiki-mbxxx.a(uip6.o)
                0x08006230                uip_listen
 .text.uip_htons
                0x0800625c        0xa contiki-mbxxx.a(uip6.o)
                0x0800625c                uip_htons
 *fill*         0x08006266        0x2 00
 .text.upper_layer_chksum
                0x08006268       0x54 contiki-mbxxx.a(uip6.o)
 .text.uip_udpchksum
                0x080062bc        0x6 contiki-mbxxx.a(uip6.o)
                0x080062bc                uip_udpchksum
 .text.uip_tcpchksum
                0x080062c2        0x6 contiki-mbxxx.a(uip6.o)
                0x080062c2                uip_tcpchksum
 .text.uip_icmp6chksum
                0x080062c8        0x6 contiki-mbxxx.a(uip6.o)
                0x080062c8                uip_icmp6chksum
 *fill*         0x080062ce        0x2 00
 .text.uip_process
                0x080062d0      0xd54 contiki-mbxxx.a(uip6.o)
                0x080062d0                uip_process
 .text.uip_htonl
                0x08007024       0x18 contiki-mbxxx.a(uip6.o)
                0x08007024                uip_htonl
 .text.uip_send
                0x0800703c       0x34 contiki-mbxxx.a(uip6.o)
                0x0800703c                uip_send
 .text.get_sensor_index
                0x08007070       0x28 contiki-mbxxx.a(sensors.o)
 .text.process_thread_sensors_process
                0x08007098       0xc8 contiki-mbxxx.a(sensors.o)
 .text.sensors_changed
                0x08007160       0x24 contiki-mbxxx.a(sensors.o)
                0x08007160                sensors_changed
 .text.status   0x08007184       0x18 contiki-mbxxx.a(button-sensor.o)
 .text.configure
                0x0800719c       0x84 contiki-mbxxx.a(button-sensor.o)
 .text.value    0x08007220       0x3c contiki-mbxxx.a(button-sensor.o)
 .text.halIrqCIsr
                0x0800725c       0x38 contiki-mbxxx.a(button-sensor.o)
                0x0800725c                halIrqCIsr
 .text.main     0x08007294      0x198 contiki-mbxxx.a(contiki-main.o)
                0x08007294                main
 .text.halBoardInit
                0x0800742c       0x68 contiki-mbxxx.a(board.o)
                0x0800742c                halBoardInit
 .text.halBoardPowerUp
                0x08007494      0x10c contiki-mbxxx.a(board.o)
                0x08007494                halBoardPowerUp
 .text.printLeds
                0x080075a0       0x60 contiki-mbxxx.a(board.o)
                0x080075a0                printLeds
 .text.printButtons
                0x08007600       0x60 contiki-mbxxx.a(board.o)
                0x08007600                printButtons
 .text.boardPrintStringDescription
                0x08007660      0x124 contiki-mbxxx.a(board.o)
                0x08007660                boardPrintStringDescription
 .text.show_leds.clone.0
                0x08007784       0x10 contiki-mbxxx.a(leds.o)
 .text.leds_init
                0x08007794       0x14 contiki-mbxxx.a(leds.o)
                0x08007794                leds_init
 .text.leds_on  0x080077a8       0x14 contiki-mbxxx.a(leds.o)
                0x080077a8                leds_on
 .text.leds_off
                0x080077bc       0x14 contiki-mbxxx.a(leds.o)
                0x080077bc                leds_off
 .text.SysTick_Handler
                0x080077d0       0x34 contiki-mbxxx.a(clock.o)
                0x080077d0                SysTick_Handler
 .text.clock_init
                0x08007804       0x38 contiki-mbxxx.a(clock.o)
                0x08007804                clock_init
 .text.clock_time
                0x0800783c        0xc contiki-mbxxx.a(clock.o)
                0x0800783c                clock_time
 .text.clock_wait
                0x08007848       0x16 contiki-mbxxx.a(clock.o)
                0x08007848                clock_wait
 *fill*         0x0800785e        0x2 00
 .text.clock_seconds
                0x08007860        0xc contiki-mbxxx.a(clock.o)
                0x08007860                clock_seconds
 .text.watchdog_start
                0x0800786c        0x4 contiki-mbxxx.a(watchdog.o)
                0x0800786c                watchdog_start
 .text.watchdog_periodic
                0x08007870        0x4 contiki-mbxxx.a(watchdog.o)
                0x08007870                watchdog_periodic
 .text.uart1_set_input
                0x08007874        0xc contiki-mbxxx.a(uart1.o)
                0x08007874                uart1_set_input
 .text.uart1_writeb
                0x08007880       0x24 contiki-mbxxx.a(uart1.o)
                0x08007880                uart1_writeb
 .text.uart1_init
                0x080078a4       0xa8 contiki-mbxxx.a(uart1.o)
                0x080078a4                uart1_init
 .text.uart1_rx_interrupt
                0x0800794c       0x1c contiki-mbxxx.a(uart1.o)
                0x0800794c                uart1_rx_interrupt
 .text.halSc1Isr
                0x08007968       0x1c contiki-mbxxx.a(uart1.o)
                0x08007968                halSc1Isr
 .text.slip_arch_init
                0x08007984        0xc contiki-mbxxx.a(slip-uart1.o)
                0x08007984                slip_arch_init
 .text.slip_arch_writeb
                0x08007990        0x4 contiki-mbxxx.a(slip-uart1.o)
                0x08007990                slip_arch_writeb
 .text.rxbuf_init
                0x08007994       0x14 contiki-mbxxx.a(slip.o)
 .text.process_thread_slip_process
                0x080079a8      0x120 contiki-mbxxx.a(slip.o)
 .text.slip_set_input_callback
                0x08007ac8        0xc contiki-mbxxx.a(slip.o)
                0x08007ac8                slip_set_input_callback
 .text.slip_send
                0x08007ad4       0x58 contiki-mbxxx.a(slip.o)
                0x08007ad4                slip_send
 .text.slip_input_byte
                0x08007b2c       0xb0 contiki-mbxxx.a(slip.o)
                0x08007b2c                slip_input_byte
 .text.RELEASE_LOCK
                0x08007bdc       0x10 contiki-mbxxx.a(stm32w-radio.o)
 .text.stm32w_radio_receiving_packet
                0x08007bec        0xc contiki-mbxxx.a(stm32w-radio.o)
 .text.stm32w_radio_pending_packet
                0x08007bf8       0x14 contiki-mbxxx.a(stm32w-radio.o)
 .text.stm32w_radio_off
                0x08007c0c       0x48 contiki-mbxxx.a(stm32w-radio.o)
 .text.stm32w_radio_on
                0x08007c54       0x20 contiki-mbxxx.a(stm32w-radio.o)
 .text.stm32w_radio_channel_clear
                0x08007c74        0x8 contiki-mbxxx.a(stm32w-radio.o)
 .text.stm32w_radio_prepare
                0x08007c7c       0x24 contiki-mbxxx.a(stm32w-radio.o)
 .text.stm32w_radio_read
                0x08007ca0       0x9c contiki-mbxxx.a(stm32w-radio.o)
 .text.stm32w_radio_transmit
                0x08007d3c       0xe8 contiki-mbxxx.a(stm32w-radio.o)
 .text.stm32w_radio_send
                0x08007e24       0x18 contiki-mbxxx.a(stm32w-radio.o)
 .text.stm32w_radio_init
                0x08007e3c       0x50 contiki-mbxxx.a(stm32w-radio.o)
 .text.process_thread_stm32w_radio_process
                0x08007e8c       0x68 contiki-mbxxx.a(stm32w-radio.o)
 .text.RXBUFS_FULL
                0x08007ef4       0x1c contiki-mbxxx.a(stm32w-radio.o)
                0x08007ef4                RXBUFS_FULL
 .text.ST_RadioReceiveIsrCallback
                0x08007f10       0xac contiki-mbxxx.a(stm32w-radio.o)
                0x08007f10                ST_RadioReceiveIsrCallback
 .text.ST_RadioTransmitCompleteIsrCallback
                0x08007fbc       0x5c contiki-mbxxx.a(stm32w-radio.o)
                0x08007fbc                ST_RadioTransmitCompleteIsrCallback
 .text.ST_RadioDataPendingShortIdIsrCallback
                0x08008018       0x10 contiki-mbxxx.a(stm32w-radio.o)
                0x08008018                ST_RadioDataPendingShortIdIsrCallback
 .text.ST_RadioDataPendingLongIdIsrCallback
                0x08008028       0x10 contiki-mbxxx.a(stm32w-radio.o)
                0x08008028                ST_RadioDataPendingLongIdIsrCallback
 .text.ST_RadioOverflowIsrCallback
                0x08008038        0x2 contiki-mbxxx.a(stm32w-radio.o)
                0x08008038                ST_RadioOverflowIsrCallback
 .text.ST_RadioSfdSentIsrCallback
                0x0800803a        0x2 contiki-mbxxx.a(stm32w-radio.o)
                0x0800803a                ST_RadioSfdSentIsrCallback
 .text.ST_RadioMacTimerCompareIsrCallback
                0x0800803c        0x2 contiki-mbxxx.a(stm32w-radio.o)
                0x0800803c                ST_RadioMacTimerCompareIsrCallback
 *fill*         0x0800803e        0x2 00
 .text.SysTick_CLKSourceConfig
                0x08008040       0x18 contiki-mbxxx.a(stm32w-systick.)
                0x08008040                SysTick_CLKSourceConfig
 .text.SysTick_SetReload
                0x08008058        0xc contiki-mbxxx.a(stm32w-systick.)
                0x08008058                SysTick_SetReload
 .text.SysTick_CounterCmd
                0x08008064       0x28 contiki-mbxxx.a(stm32w-systick.)
                0x08008064                SysTick_CounterCmd
 .text.SysTick_ITConfig
                0x0800808c       0x1c contiki-mbxxx.a(stm32w-systick.)
                0x0800808c                SysTick_ITConfig
 .text.uip_add32
                0x080080a8       0x2c contiki-mbxxx.a(uip-arch.o)
                0x080080a8                uip_add32
 .text.halTimer1Isr
                0x080080d4       0x74 contiki-mbxxx.a(rtimer-arch.o)
                0x080080d4                halTimer1Isr
 .text.rtimer_arch_init
                0x08008148       0x40 contiki-mbxxx.a(rtimer-arch.o)
                0x08008148                rtimer_arch_init
 .text.rtimer_arch_now
                0x08008188       0x24 contiki-mbxxx.a(rtimer-arch.o)
                0x08008188                rtimer_arch_now
 .text.rtimer_arch_schedule
                0x080081ac       0x3c contiki-mbxxx.a(rtimer-arch.o)
                0x080081ac                rtimer_arch_schedule
 .text.shift    0x080081e8       0x12 contiki-mbxxx.a(micro.o)
 .text.halPowerUp
                0x080081fa       0x16 contiki-mbxxx.a(micro.o)
                0x080081fa                halPowerUp
 .text.halInit  0x08008210       0x2c contiki-mbxxx.a(micro.o)
                0x08008210                halInit
 .text.halCommonGetRandom
                0x0800823c       0x24 contiki-mbxxx.a(micro.o)
                0x0800823c                halCommonGetRandom
 .text.halCommonMemCopy
                0x08008260        0x4 contiki-mbxxx.a(micro.o)
                0x08008260                halCommonMemCopy
 .text.halCommonMemCompare
                0x08008264        0xa contiki-mbxxx.a(micro.o)
                0x08008264                halCommonMemCompare
 *fill*         0x0800826e        0x2 00
 .text.halInternalSleep
                0x08008270      0x60c contiki-mbxxx.a(sleep.o)
                0x08008270                halInternalSleep
 .text.halSleepWithOptions
                0x0800887c       0x6c contiki-mbxxx.a(sleep.o)
                0x0800887c                halSleepWithOptions
 .text.halInternalEnableWatchDog
                0x080088e8       0x18 contiki-mbxxx.a(micro-common.o)
                0x080088e8                halInternalEnableWatchDog
 .text.halInternalResetWatchDog
                0x08008900        0xc contiki-mbxxx.a(micro-common.o)
                0x08008900                halInternalResetWatchDog
 .text.halInternalDisableWatchDog
                0x0800890c       0x18 contiki-mbxxx.a(micro-common.o)
                0x0800890c                halInternalDisableWatchDog
 .text.halInternalWatchDogEnabled
                0x08008924       0x10 contiki-mbxxx.a(micro-common.o)
                0x08008924                halInternalWatchDogEnabled
 .text.halGpioConfig
                0x08008934       0x28 contiki-mbxxx.a(micro-common.o)
                0x08008934                halGpioConfig
 .text.halGpioSet
                0x0800895c       0x30 contiki-mbxxx.a(micro-common.o)
                0x0800895c                halGpioSet
 .text.halInternalStartSystemTimer
                0x0800898c       0x40 contiki-mbxxx.a(micro-common.o)
                0x0800898c                halInternalStartSystemTimer
 .text.stCalibrateVref
                0x080089cc       0x6c contiki-mbxxx.a(micro-common-in)
                0x080089cc                stCalibrateVref
 .text.calDisableAdc
                0x08008a38       0x10 contiki-mbxxx.a(micro-common-in)
                0x08008a38                calDisableAdc
 .text.calStartAdcConversion
                0x08008a48       0x44 contiki-mbxxx.a(micro-common-in)
                0x08008a48                calStartAdcConversion
 .text.calReadAdcBlocking
                0x08008a8c       0x20 contiki-mbxxx.a(micro-common-in)
                0x08008a8c                calReadAdcBlocking
 .text.stMeasureVddFast
                0x08008aac       0xa4 contiki-mbxxx.a(micro-common-in)
                0x08008aac                stMeasureVddFast
 .text.halCommonCalibratePads
                0x08008b50       0x24 contiki-mbxxx.a(micro-common-in)
                0x08008b50                halCommonCalibratePads
 .text.halInternalSetRegTrim
                0x08008b74       0x4c contiki-mbxxx.a(micro-common-in)
                0x08008b74                halInternalSetRegTrim
 .text.halCommonDelayMicroseconds
                0x08008bc0       0x40 contiki-mbxxx.a(micro-common-in)
                0x08008bc0                halCommonDelayMicroseconds
 .text.setBiasCheckLow
                0x08008c00       0x28 contiki-mbxxx.a(clocks.o)
 .text.halInternalCalibrateSlowRc
                0x08008c28       0x98 contiki-mbxxx.a(clocks.o)
                0x08008c28                halInternalCalibrateSlowRc
 .text.halInternalCalibrateFastRc
                0x08008cc0       0x34 contiki-mbxxx.a(clocks.o)
                0x08008cc0                halInternalCalibrateFastRc
 .text.halInternalSearchForBiasTrim
                0x08008cf4       0x5c contiki-mbxxx.a(clocks.o)
                0x08008cf4                halInternalSearchForBiasTrim
 .text.halInternalSwitchToXtal
                0x08008d50       0xb4 contiki-mbxxx.a(clocks.o)
                0x08008d50                halInternalSwitchToXtal
 .text.halInternalGetMfgTokenData
                0x08008e04       0x58 contiki-mbxxx.a(mfg-token.o)
                0x08008e04                halInternalGetMfgTokenData
 .text.verifyFib
                0x08008e5c       0x2c contiki-mbxxx.a(flash.o)
 .text.halInternalFlashErase
                0x08008e88       0x60 contiki-mbxxx.a(flash.o)
                0x08008e88                halInternalFlashErase
 .text.halInternalFlashWrite
                0x08008ee8       0x5c contiki-mbxxx.a(flash.o)
                0x08008ee8                halInternalFlashWrite
 .text.rand     0x08008f44       0x12 contiki-mbxxx.a(rand.o)
                0x08008f44                rand
 .text.setStackPointer.clone.0
                0x08008f56        0x4 contiki-mbxxx.a(crt-stm32w108.o)
 *fill*         0x08008f5a        0x2 00
 .text.Reset_Handler
                0x08008f5c      0x15c contiki-mbxxx.a(crt-stm32w108.o)
                0x08008f5c                Reset_Handler
 .text.Default_Handler
                0x080090b8        0x2 contiki-mbxxx.a(crt-stm32w108.o)
                0x080090b8                halSleepTimerIsr
                0x080090b8                HardFault_Handler
                0x080090b8                NMI_Handler
                0x080090b8                UsageFault_Handler
                0x080090b8                Default_Handler
                0x080090b8                halTimer2Isr
                0x080090b8                MemManage_Handler
                0x080090b8                halManagementIsr
                0x080090b8                SVC_Handler
                0x080090b8                halSc2Isr
                0x080090b8                halDebugIsr
                0x080090b8                halIrqBIsr
                0x080090b8                halSecurityIsr
                0x080090b8                halBaseBandIsr
                0x080090b8                BusFault_Handler
                0x080090b8                halIrqDIsr
                0x080090b8                DebugMonitor_Handler
 .text.rimeaddr_copy
                0x080090ba        0xa contiki-mbxxx.a(rimeaddr.o)
                0x080090ba                rimeaddr_copy
 .text.rimeaddr_cmp
                0x080090c4       0x12 contiki-mbxxx.a(rimeaddr.o)
                0x080090c4                rimeaddr_cmp
 *fill*         0x080090d6        0x2 00
 .text.rimeaddr_set_node_addr
                0x080090d8        0xc contiki-mbxxx.a(rimeaddr.o)
                0x080090d8                rimeaddr_set_node_addr
 .text.addr_len
                0x080090e4       0x14 contiki-mbxxx.a(frame802154.o)
 .text.field_len
                0x080090f8       0x68 contiki-mbxxx.a(frame802154.o)
 .text.frame802154_hdrlen
                0x08009160       0x28 contiki-mbxxx.a(frame802154.o)
                0x08009160                frame802154_hdrlen
 .text.frame802154_create
                0x08009188       0xe8 contiki-mbxxx.a(frame802154.o)
                0x08009188                frame802154_create
 .text.frame802154_parse
                0x08009270      0x138 contiki-mbxxx.a(frame802154.o)
                0x08009270                frame802154_parse
 .text.parse    0x080093a8       0x94 contiki-mbxxx.a(framer-802154.o)
 .text.create   0x0800943c      0x114 contiki-mbxxx.a(framer-802154.o)
 .text.rpl_purge_routes
                0x08009550       0x68 contiki-mbxxx.a(rpl.o)
                0x08009550                rpl_purge_routes
 .text.rpl_remove_routes
                0x080095b8       0x20 contiki-mbxxx.a(rpl.o)
                0x080095b8                rpl_remove_routes
 .text.rpl_remove_routes_by_nexthop
                0x080095d8       0x38 contiki-mbxxx.a(rpl.o)
                0x080095d8                rpl_remove_routes_by_nexthop
 .text.rpl_add_route
                0x08009610       0x28 contiki-mbxxx.a(rpl.o)
                0x08009610                rpl_add_route
 .text.rpl_link_neighbor_callback
                0x08009638       0x64 contiki-mbxxx.a(rpl.o)
                0x08009638                rpl_link_neighbor_callback
 .text.rpl_ipv6_neighbor_callback
                0x0800969c       0x24 contiki-mbxxx.a(rpl.o)
                0x0800969c                rpl_ipv6_neighbor_callback
 .text.rpl_init
                0x080096c0       0x44 contiki-mbxxx.a(rpl.o)
                0x080096c0                rpl_init
 .text.rpl_verify_header
                0x08009704       0xa4 contiki-mbxxx.a(rpl-ext-header.)
                0x08009704                rpl_verify_header
 .text.rpl_update_header_empty
                0x080097a8      0x11c contiki-mbxxx.a(rpl-ext-header.)
                0x080097a8                rpl_update_header_empty
 .text.rpl_update_header_final
                0x080098c4       0x8c contiki-mbxxx.a(rpl-ext-header.)
                0x080098c4                rpl_update_header_final
 .text.rpl_invert_header
                0x08009950       0x50 contiki-mbxxx.a(rpl-ext-header.)
                0x08009950                rpl_invert_header
 .text.rpl_insert_header
                0x080099a0       0x24 contiki-mbxxx.a(rpl-ext-header.)
                0x080099a0                rpl_insert_header
 .text.procinit_init
                0x080099c4       0x1c contiki-mbxxx.a(procinit.o)
                0x080099c4                procinit_init
 .text.autostart_start
                0x080099e0       0x16 contiki-mbxxx.a(autostart.o)
                0x080099e0                autostart_start
 *fill*         0x080099f6        0x2 00
 .text.process_thread_serial_line_process
                0x080099f8       0x9c contiki-mbxxx.a(serial-line.o)
 .text.serial_line_input_byte
                0x08009a94       0x44 contiki-mbxxx.a(serial-line.o)
                0x08009a94                serial_line_input_byte
 .text.serial_line_init
                0x08009ad8       0x24 contiki-mbxxx.a(serial-line.o)
                0x08009ad8                serial_line_init
 .text.energest_init
                0x08009afc        0x2 contiki-mbxxx.a(energest.o)
                0x08009afc                energest_init
 .text.rtimer_init
                0x08009afe        0x4 contiki-mbxxx.a(rtimer.o)
                0x08009afe                rtimer_init
 *fill*         0x08009b02        0x2 00
 .text.rtimer_run_next
                0x08009b04       0x28 contiki-mbxxx.a(rtimer.o)
                0x08009b04                rtimer_run_next
 .text.ringbuf_init
                0x08009b2c        0xe contiki-mbxxx.a(ringbuf.o)
                0x08009b2c                ringbuf_init
 .text.ringbuf_put
                0x08009b3a       0x26 contiki-mbxxx.a(ringbuf.o)
                0x08009b3a                ringbuf_put
 .text.ringbuf_get
                0x08009b60       0x22 contiki-mbxxx.a(ringbuf.o)
                0x08009b60                ringbuf_get
 *fill*         0x08009b82        0x2 00
 .text.netstack_init
                0x08009b84       0x2c contiki-mbxxx.a(netstack.o)
                0x08009b84                netstack_init
 .text.status   0x08009bb0       0x24 contiki-mbxxx.a(acc-sensor.o)
 .text.configure
                0x08009bd4       0x5e contiki-mbxxx.a(acc-sensor.o)
 .text.value    0x08009c32       0x44 contiki-mbxxx.a(acc-sensor.o)
 .text.status   0x08009c76        0xc contiki-mbxxx.a(temperature-sen)
 .text.configure
                0x08009c82       0x20 contiki-mbxxx.a(temperature-sen)
 *fill*         0x08009ca2        0x2 00
 .text.value    0x08009ca4       0x64 contiki-mbxxx.a(temperature-sen)
 .text.I2C_Send_Frame
                0x08009d08       0xd4 contiki-mbxxx.a(mems.o)
 .text.i2c_write_reg.clone.0
                0x08009ddc       0x16 contiki-mbxxx.a(mems.o)
 *fill*         0x08009df2        0x2 00
 .text.Mems_Init
                0x08009df4       0x9c contiki-mbxxx.a(mems.o)
                0x08009df4                Mems_Init
 .text.i2c_write_reg
                0x08009e90       0x14 contiki-mbxxx.a(mems.o)
                0x08009e90                i2c_write_reg
 .text.i2c_read_reg
                0x08009ea4      0x180 contiki-mbxxx.a(mems.o)
                0x08009ea4                i2c_read_reg
 .text.MEMS_On  0x0800a024        0x8 contiki-mbxxx.a(mems.o)
                0x0800a024                MEMS_On
 .text.MEMS_Off
                0x0800a02c        0x8 contiki-mbxxx.a(mems.o)
                0x0800a02c                MEMS_Off
 .text.MEMS_SetFullScale
                0x0800a034       0x40 contiki-mbxxx.a(mems.o)
                0x0800a034                MEMS_SetFullScale
 .text.MEMS_GetFullScale
                0x0800a074        0xc contiki-mbxxx.a(mems.o)
                0x0800a074                MEMS_GetFullScale
 .text.value    0x0800a080       0x10 contiki-mbxxx.a(contact-sensor.)
 .text.status   0x0800a090        0xc contiki-mbxxx.a(contact-sensor.)
 .text.halIrqAIsr
                0x0800a09c       0x34 contiki-mbxxx.a(contact-sensor.)
                0x0800a09c                halIrqAIsr
 .text.configure
                0x0800a0d0       0x60 contiki-mbxxx.a(contact-sensor.)
 .text.leds_arch_init
                0x0800a130       0x60 contiki-mbxxx.a(leds-arch.o)
                0x0800a130                leds_arch_init
 .text.leds_arch_set
                0x0800a190       0x50 contiki-mbxxx.a(leds-arch.o)
                0x0800a190                leds_arch_set
 .text.halAdcSetRange
                0x0800a1e0       0x1c contiki-mbxxx.a(adc.o)
                0x0800a1e0                halAdcSetRange
 .text.halAdcGetRange
                0x0800a1fc       0x14 contiki-mbxxx.a(adc.o)
                0x0800a1fc                halAdcGetRange
 .text.halAdcIsr
                0x0800a210       0x80 contiki-mbxxx.a(adc.o)
                0x0800a210                halAdcIsr
 .text.startNextConversion
                0x0800a290       0x70 contiki-mbxxx.a(adc.o)
                0x0800a290                startNextConversion
 .text.halInternalInitAdc
                0x0800a300       0x68 contiki-mbxxx.a(adc.o)
                0x0800a300                halInternalInitAdc
 .text.halStartAdcConversion
                0x0800a368       0x5c contiki-mbxxx.a(adc.o)
                0x0800a368                halStartAdcConversion
 .text.halRequestAdcData
                0x0800a3c4       0x9c contiki-mbxxx.a(adc.o)
                0x0800a3c4                halRequestAdcData
 .text.halReadAdcBlocking
                0x0800a460       0x18 contiki-mbxxx.a(adc.o)
                0x0800a460                halReadAdcBlocking
 .text.halAdcCalibrate
                0x0800a478       0x98 contiki-mbxxx.a(adc.o)
                0x0800a478                halAdcCalibrate
 .text.halConvertValueToVolts
                0x0800a510       0x84 contiki-mbxxx.a(adc.o)
                0x0800a510                halConvertValueToVolts
 .text.halGetADCChannelFromGPIO
                0x0800a594       0x18 contiki-mbxxx.a(adc.o)
                0x0800a594                halGetADCChannelFromGPIO
 .text.ST_RadioGetEui64
                0x0800a5ac        0x8 ../../../cpu/stm32w108/simplemac/library/simplemac-library-gnu.a(phy-library-min.o)
                0x0800a5ac                ST_RadioGetEui64
 .text.stmPacketReceivedInternalIsrCallback
                0x0800a5b4       0x48 ../../../cpu/stm32w108/simplemac/library/simplemac-library-gnu.a(phy-library-min.o)
                0x0800a5b4                stmPacketReceivedInternalIsrCallback
 .text.halStackMacTimerIsr
                0x0800a5fc       0x24 ../../../cpu/stm32w108/simplemac/library/simplemac-library-gnu.a(phy-library-min.o)
                0x0800a5fc                halStackMacTimerIsr
 .text.ST_RadioChannelIsClear
                0x0800a620       0x10 ../../../cpu/stm32w108/simplemac/library/simplemac-library-gnu.a(phy-library-min.o)
                0x0800a620                ST_RadioChannelIsClear
 .text.ST_RadioGetRandomNumbers
                0x0800a630        0x4 ../../../cpu/stm32w108/simplemac/library/simplemac-library-gnu.a(phy-library-min.o)
                0x0800a630                ST_RadioGetRandomNumbers
 .text.stmLongIdDataPendingForDevice
                0x0800a634        0x4 ../../../cpu/stm32w108/simplemac/library/simplemac-library-gnu.a(phy-library-min.o)
                0x0800a634                stmLongIdDataPendingForDevice
 .text.ST_RadioSetPanId
                0x0800a638        0x4 ../../../cpu/stm32w108/simplemac/library/simplemac-library-gnu.a(phy-library-min.o)
                0x0800a638                ST_RadioSetPanId
 .text.ST_RadioEnableAutoAck
                0x0800a63c        0x4 ../../../cpu/stm32w108/simplemac/library/simplemac-library-gnu.a(phy-library-min.o)
                0x0800a63c                ST_RadioEnableAutoAck
 .text.ST_RadioEnableAddressFiltering
                0x0800a640        0x4 ../../../cpu/stm32w108/simplemac/library/simplemac-library-gnu.a(phy-library-min.o)
                0x0800a640                ST_RadioEnableAddressFiltering
 .text.ST_RadioSetEdCcaThreshold
                0x0800a644        0x4 ../../../cpu/stm32w108/simplemac/library/simplemac-library-gnu.a(phy-library-min.o)
                0x0800a644                ST_RadioSetEdCcaThreshold
 .text.stmRadioTransmitCompleteCallback
                0x0800a648        0x4 ../../../cpu/stm32w108/simplemac/library/simplemac-library-gnu.a(phy-library-min.o)
                0x0800a648                stmRadioTransmitCompleteCallback
 .text.ST_RadioTransmit
                0x0800a64c        0x4 ../../../cpu/stm32w108/simplemac/library/simplemac-library-gnu.a(phy-library-min.o)
                0x0800a64c                ST_RadioTransmit
 .text.ST_RadioSetChannel
                0x0800a650        0x4 ../../../cpu/stm32w108/simplemac/library/simplemac-library-gnu.a(phy-library-min.o)
                0x0800a650                ST_RadioSetChannel
 .text.ST_RadioSleep
                0x0800a654        0x4 ../../../cpu/stm32w108/simplemac/library/simplemac-library-gnu.a(phy-library-min.o)
                0x0800a654                ST_RadioSleep
 .text.ST_RadioWake
                0x0800a658        0x4 ../../../cpu/stm32w108/simplemac/library/simplemac-library-gnu.a(phy-library-min.o)
                0x0800a658                ST_RadioWake
 .text.ST_RadioInit
                0x0800a65c       0x1c ../../../cpu/stm32w108/simplemac/library/simplemac-library-gnu.a(phy-library-min.o)
                0x0800a65c                ST_RadioInit
 .text.stmLoadKeyIntoCore
                0x0800a678       0x4c ../../../cpu/stm32w108/simplemac/library/simplemac-library-gnu.a(aes-min.o)
                0x0800a678                stmLoadKeyIntoCore
 .text.stmStandAloneEncryptBlock
                0x0800a6c4       0x68 ../../../cpu/stm32w108/simplemac/library/simplemac-library-gnu.a(aes-min.o)
                0x0800a6c4                stmStandAloneEncryptBlock
 .text.stmGetKeyFromCore
                0x0800a72c       0x4c ../../../cpu/stm32w108/simplemac/library/simplemac-library-gnu.a(aes-min.o)
                0x0800a72c                stmGetKeyFromCore
 .text.stmAesEncrypt
                0x0800a778       0x32 ../../../cpu/stm32w108/simplemac/library/simplemac-library-gnu.a(aes-min.o)
                0x0800a778                stmAesEncrypt
 *fill*         0x0800a7aa        0x2 00
 .text.stmInitEui64
                0x0800a7ac       0x18 ../../../cpu/stm32w108/simplemac/library/simplemac-library-gnu.a(eui64-min.o)
                0x0800a7ac                stmInitEui64
 .text.stmStoreInt32u
                0x0800a7c4       0x22 ../../../cpu/stm32w108/simplemac/library/simplemac-library-gnu.a(misc-min.o)
                0x0800a7c4                stmStoreInt32u
 .text.stmFetchInt32u
                0x0800a7e6       0x2a ../../../cpu/stm32w108/simplemac/library/simplemac-library-gnu.a(misc-min.o)
                0x0800a7e6                stmFetchInt32u
 .text.stmRadioResetAndEnableReceive
                0x0800a810       0x48 ../../../cpu/stm32w108/simplemac/library/simplemac-library-gnu.a(phy-min.o)
                0x0800a810                stmRadioResetAndEnableReceive
 .text.stmGetMacTimer
                0x0800a858        0xc ../../../cpu/stm32w108/simplemac/library/simplemac-library-gnu.a(phy-min.o)
                0x0800a858                stmGetMacTimer
 .text.readAdcTemperatureChannel
                0x0800a864       0x28 ../../../cpu/stm32w108/simplemac/library/simplemac-library-gnu.a(phy-min.o)
 .text.stmRadioBootPhySpecific
                0x0800a88c       0x90 ../../../cpu/stm32w108/simplemac/library/simplemac-library-gnu.a(phy-min.o)
                0x0800a88c                stmRadioBootPhySpecific
 .text.stmRadioGetRandomNumbers
                0x0800a91c       0x86 ../../../cpu/stm32w108/simplemac/library/simplemac-library-gnu.a(phy-min.o)
                0x0800a91c                stmRadioGetRandomNumbers
 *fill*         0x0800a9a2        0x2 00
 .text.processRxAddressReceiveCompleteIsr
                0x0800a9a4       0xec ../../../cpu/stm32w108/simplemac/library/simplemac-library-gnu.a(phy-min.o)
 .text.processRxPacketCompleteIsr
                0x0800aa90      0x170 ../../../cpu/stm32w108/simplemac/library/simplemac-library-gnu.a(phy-min.o)
 .text.stmRadioReceiveIsr
                0x0800ac00       0xf8 ../../../cpu/stm32w108/simplemac/library/simplemac-library-gnu.a(phy-min.o)
                0x0800ac00                stmRadioReceiveIsr
 .text.stmRadioReadSerialReg
                0x0800acf8       0x34 ../../../cpu/stm32w108/simplemac/library/simplemac-library-gnu.a(analogue-min.o)
                0x0800acf8                stmRadioReadSerialReg
 .text.stmRadioWriteSerialReg
                0x0800ad2c       0x50 ../../../cpu/stm32w108/simplemac/library/simplemac-library-gnu.a(analogue-min.o)
                0x0800ad2c                stmRadioWriteSerialReg
 .text.setTxStepTime
                0x0800ad7c       0x4c ../../../cpu/stm32w108/simplemac/library/simplemac-library-gnu.a(analogue-min.o)
 .text.stGetTxPowerMode
                0x0800adc8        0xc ../../../cpu/stm32w108/simplemac/library/simplemac-library-gnu.a(analogue-min.o)
                0x0800adc8                stGetTxPowerMode
 .text.stSetRadioPower
                0x0800add4       0xfc ../../../cpu/stm32w108/simplemac/library/simplemac-library-gnu.a(analogue-min.o)
                0x0800add4                stSetRadioPower
 .text.stmRadioSetChannel
                0x0800aed0      0x1b0 ../../../cpu/stm32w108/simplemac/library/simplemac-library-gnu.a(analogue-min.o)
                0x0800aed0                stmRadioSetChannel
 .text.stSetTxPowerMode
                0x0800b080       0xc4 ../../../cpu/stm32w108/simplemac/library/simplemac-library-gnu.a(analogue-min.o)
                0x0800b080                stSetTxPowerMode
 .text.stmRadioCalibrateCellBias
                0x0800b144       0xbc ../../../cpu/stm32w108/simplemac/library/simplemac-library-gnu.a(analogue-cell-bias-min.o)
                0x0800b144                stmRadioCalibrateCellBias
 .text.stmRadioCalibrateChannelFilter
                0x0800b200       0x2c ../../../cpu/stm32w108/simplemac/library/simplemac-library-gnu.a(analogue-filter-min.o)
                0x0800b200                stmRadioCalibrateChannelFilter
 .text.adjustLna
                0x0800b22c       0x12 ../../../cpu/stm32w108/simplemac/library/simplemac-library-gnu.a(analogue-lna-min.o)
 *fill*         0x0800b23e        0x2 00
 .text.stmRadioCalibrateLna
                0x0800b240      0x2fc ../../../cpu/stm32w108/simplemac/library/simplemac-library-gnu.a(analogue-lna-min.o)
                0x0800b240                stmRadioCalibrateLna
 .text.vcoTuneModDacError
                0x0800b53c       0x6c ../../../cpu/stm32w108/simplemac/library/simplemac-library-gnu.a(analogue-mod-dac-min.o)
 .text.adjustModulationDac
                0x0800b5a8       0x14 ../../../cpu/stm32w108/simplemac/library/simplemac-library-gnu.a(analogue-mod-dac-min.o)
                0x0800b5a8                adjustModulationDac
 .text.stmRadioCalibrateModulationDac
                0x0800b5bc      0x128 ../../../cpu/stm32w108/simplemac/library/simplemac-library-gnu.a(analogue-mod-dac-min.o)
                0x0800b5bc                stmRadioCalibrateModulationDac
 .text.adjustVco
                0x0800b6e4       0x28 ../../../cpu/stm32w108/simplemac/library/simplemac-library-gnu.a(analogue-vco-min.o)
 .text.stmRadioCalibrateVco
                0x0800b70c       0x98 ../../../cpu/stm32w108/simplemac/library/simplemac-library-gnu.a(analogue-vco-min.o)
                0x0800b70c                stmRadioCalibrateVco
 .text.getTxSfdTime
                0x0800b7a4       0x14 ../../../cpu/stm32w108/simplemac/library/simplemac-library-gnu.a(phy-common-min.o)
 .text.stmRadioUnpackChipErrors
                0x0800b7b8       0x12 ../../../cpu/stm32w108/simplemac/library/simplemac-library-gnu.a(phy-common-min.o)
                0x0800b7b8                stmRadioUnpackChipErrors
 *fill*         0x0800b7ca        0x2 00
 .text.stmRadioGetPowerStatus
                0x0800b7cc        0xc ../../../cpu/stm32w108/simplemac/library/simplemac-library-gnu.a(phy-common-min.o)
                0x0800b7cc                stmRadioGetPowerStatus
 .text.stmRadioEnableAddressMatching
                0x0800b7d8       0x28 ../../../cpu/stm32w108/simplemac/library/simplemac-library-gnu.a(phy-common-min.o)
                0x0800b7d8                stmRadioEnableAddressMatching
 .text.stmRadioEnableAutoAck
                0x0800b800       0x28 ../../../cpu/stm32w108/simplemac/library/simplemac-library-gnu.a(phy-common-min.o)
                0x0800b800                stmRadioEnableAutoAck
 .text.stmPhySetEui64
                0x0800b828       0x48 ../../../cpu/stm32w108/simplemac/library/simplemac-library-gnu.a(phy-common-min.o)
                0x0800b828                stmPhySetEui64
 .text.stmPhySetCoordinator
                0x0800b870       0x28 ../../../cpu/stm32w108/simplemac/library/simplemac-library-gnu.a(phy-common-min.o)
                0x0800b870                stmPhySetCoordinator
 .text.stmSetNodeId
                0x0800b898       0x14 ../../../cpu/stm32w108/simplemac/library/simplemac-library-gnu.a(phy-common-min.o)
                0x0800b898                stmSetNodeId
 .text.stmSetPanId
                0x0800b8ac       0x14 ../../../cpu/stm32w108/simplemac/library/simplemac-library-gnu.a(phy-common-min.o)
                0x0800b8ac                stmSetPanId
 .text.stmRadioEnableReceiveCrc
                0x0800b8c0        0xc ../../../cpu/stm32w108/simplemac/library/simplemac-library-gnu.a(phy-common-min.o)
                0x0800b8c0                stmRadioEnableReceiveCrc
 .text.stmRadioReceiveCrcEnabled
                0x0800b8cc        0xc ../../../cpu/stm32w108/simplemac/library/simplemac-library-gnu.a(phy-common-min.o)
                0x0800b8cc                stmRadioReceiveCrcEnabled
 .text.stmRadioEnableOverflowNotification
                0x0800b8d8       0x28 ../../../cpu/stm32w108/simplemac/library/simplemac-library-gnu.a(phy-common-min.o)
                0x0800b8d8                stmRadioEnableOverflowNotification
 .text.stmRadioEnableSfdSentNotification
                0x0800b900       0x30 ../../../cpu/stm32w108/simplemac/library/simplemac-library-gnu.a(phy-common-min.o)
                0x0800b900                stmRadioEnableSfdSentNotification
 .text.stmRadioEnablePacketTrace
                0x0800b930       0x28 ../../../cpu/stm32w108/simplemac/library/simplemac-library-gnu.a(phy-common-min.o)
                0x0800b930                stmRadioEnablePacketTrace
 .text.stmRadioSetEdCcaThreshold
                0x0800b958       0x1c ../../../cpu/stm32w108/simplemac/library/simplemac-library-gnu.a(phy-common-min.o)
                0x0800b958                stmRadioSetEdCcaThreshold
 .text.stmRadioGetCca
                0x0800b974       0x44 ../../../cpu/stm32w108/simplemac/library/simplemac-library-gnu.a(phy-common-min.o)
                0x0800b974                stmRadioGetCca
 .text.stmRadioWakeUp
                0x0800b9b8       0x78 ../../../cpu/stm32w108/simplemac/library/simplemac-library-gnu.a(phy-common-min.o)
                0x0800b9b8                stmRadioWakeUp
 .text.stmRadioSleep
                0x0800ba30       0x94 ../../../cpu/stm32w108/simplemac/library/simplemac-library-gnu.a(phy-common-min.o)
                0x0800ba30                stmRadioSleep
 .text.stmRadioInit
                0x0800bac4      0x148 ../../../cpu/stm32w108/simplemac/library/simplemac-library-gnu.a(phy-common-min.o)
                0x0800bac4                stmRadioInit
 .text.stmDroppedAckStallWorkaround
                0x0800bc0c       0x3c ../../../cpu/stm32w108/simplemac/library/simplemac-library-gnu.a(phy-common-min.o)
                0x0800bc0c                stmDroppedAckStallWorkaround
 .text.getRandomBackoff
                0x0800bc48       0x3c ../../../cpu/stm32w108/simplemac/library/simplemac-library-gnu.a(phy-common-min.o)
                0x0800bc48                getRandomBackoff
 .text.stmRadioTransmitIsr
                0x0800bc84      0x154 ../../../cpu/stm32w108/simplemac/library/simplemac-library-gnu.a(phy-common-min.o)
                0x0800bc84                stmRadioTransmitIsr
 .text.stmRadioTransmit
                0x0800bdd8       0xd8 ../../../cpu/stm32w108/simplemac/library/simplemac-library-gnu.a(phy-common-min.o)
                0x0800bdd8                stmRadioTransmit
 .text.printf   0x0800beb0       0x1c ../../../cpu/stm32w108/lib/e_stdio_intonly_thumb2.a(_SP_printf.o)
                0x0800beb0                printf
 .text._vfiprintf_r
                0x0800becc      0x678 ../../../cpu/stm32w108/lib/e_stdio_intonly_thumb2.a(_SP_vfprintf.o)
                0x0800becc                _vfiprintf_r
 .text.vfiprintf
                0x0800c544       0x1c ../../../cpu/stm32w108/lib/e_stdio_intonly_thumb2.a(_SP_vfprintf.o)
                0x0800c544                vfiprintf
 .text.puts     0x0800c560       0x24 ../../../cpu/stm32w108/lib/e_stdio_intonly_thumb2.a(_SP_puts.o)
                0x0800c560                puts
 .text._SMALL_PRINTF_puts
                0x0800c584       0x4c ../../../cpu/stm32w108/lib/e_stdio_intonly_thumb2.a(_SP_puts.o)
                0x0800c584                _SMALL_PRINTF_puts
 .text.snprintf
                0x0800c5d0       0x64 ../../../cpu/stm32w108/lib/e_stdio_intonly_thumb2.a(_SP_snprintf.o)
                0x0800c5d0                snprintf
 .text._wcsrtombs_r
                0x0800c634       0x5c ../../../cpu/stm32w108/lib/e_stdio_intonly_thumb2.a(small_wcsrtombs.o)
                0x0800c634                _wcsrtombs_r
 .text._wcrtomb_r
                0x0800c690        0x4 ../../../cpu/stm32w108/lib/e_stdio_intonly_thumb2.a(small_wcrtomb.o)
                0x0800c690                _wcrtomb_r
 .text.__io_putchar
                0x0800c694        0x4 contiki-mbxxx.a(uart1-putchar.o)
                0x0800c694                __io_putchar
 .text.determineState
                0x0800c698       0x8c contiki-mbxxx.a(nvm.o)
 .text.erasePage
                0x0800c724       0x2a contiki-mbxxx.a(nvm.o)
 *fill*         0x0800c74e        0x2 00
 .text.halCommonReadFromNvm
                0x0800c750       0xb4 contiki-mbxxx.a(nvm.o)
                0x0800c750                halCommonReadFromNvm
 .text.halCommonWriteToNvm
                0x0800c804      0x288 contiki-mbxxx.a(nvm.o)
                0x0800c804                halCommonWriteToNvm
 *(.rodata)
 .rodata        0x0800ca8c        0xc border-router.co
                0x0800ca8c                autostart_processes
 .rodata        0x0800ca98        0x8 obj_mbxxx/slip-bridge.o
                0x0800ca98                rpl_interface
 .rodata        0x0800caa0       0xe0 obj_mbxxx/httpd-simple.o
                0x0800caa0                http_content_type_html
                0x0800cabc                http_get
                0x0800cac1                http_header_404
                0x0800cb1e                http_header_200
                0x0800cb74                http_index_html
 .rodata        0x0800cb80       0x1c contiki-mbxxx.a(nullmac.o)
                0x0800cb80                nullmac_driver
 .rodata        0x0800cb9c       0x20 contiki-mbxxx.a(sicslowmac.o)
                0x0800cb9c                sicslowmac_driver
 .rodata        0x0800cbbc       0x20 contiki-mbxxx.a(sicslowpan.o)
                0x0800cbc0                unc_ctxconf
                0x0800cbc4                unc_llconf
                0x0800cbc8                llprefix
                0x0800cbcc                unc_mxconf
                0x0800cbd0                sicslowpan_driver
 .rodata        0x0800cbdc       0x10 contiki-mbxxx.a(button-sensor.o)
                0x0800cbdc                button_sensor
 .rodata        0x0800cbec      0x1f8 contiki-mbxxx.a(board.o)
                0x0800cc14                IDZ401V1
                0x0800cc30                LedsMB851A
                0x0800cc40                infraRedLedMB851A
                0x0800cc48                LedsMB954A
                0x0800cc58                LedsIDZ401V1
                0x0800cc60                ButtonsMB851A
                0x0800cc68                ButtonsMB954A
                0x0800cc70                ButtonsMB950A
                0x0800cc98                ButtonsMB951A
                0x0800cca0                stlm20PB7noDiv
                0x0800cca0                ButtonsIDZ401V1
                0x0800cca8                stlm20PA4noDiv
                0x0800ccb0                stlm20PA4withDiv
                0x0800ccb8                memsSensor
                0x0800ccc0                ioMB851A
                0x0800ccc8                ioMB954A
                0x0800ccd0                ioMB950A
                0x0800ccd8                ioMB951A
                0x0800cce0                ioIDZ401V1
                0x0800cce8                MB851A
                0x0800cd04                MB851B
                0x0800cd20                MB851C
                0x0800cd3c                MB851D
                0x0800cd58                MB954A
                0x0800cd74                MB954B
                0x0800cd90                MB954C
                0x0800cdac                MB950A
                0x0800cdc8                MB951A
 .rodata        0x0800cde4       0x30 contiki-mbxxx.a(stm32w-radio.o)
                0x0800cde4                radioTransmitConfig
                0x0800cdec                stm32w_radio_driver
 .rodata        0x0800ce14       0x18 contiki-mbxxx.a(micro-common.o)
 .rodata        0x0800ce2c       0x40 contiki-mbxxx.a(mfg-token.o)
                0x0800ce34                TOKEN_MFG_CHIP_DATA
                0x0800ce36                TOKEN_MFG_PART_DATA
                0x0800ce38                TOKEN_MFG_TESTER_DATA
                0x0800ce3a                TOKEN_MFG_ST_EUI_64
                0x0800ce3c                TOKEN_MFG_ANALOG_TRIM_NORMAL
                0x0800ce3e                TOKEN_MFG_ANALOG_TRIM_BOOST
                0x0800ce40                TOKEN_MFG_ANALOG_TRIM_BOTH
                0x0800ce42                TOKEN_MFG_REG_TRIM
                0x0800ce44                TOKEN_MFG_1V8_REG_VOLTAGE
                0x0800ce46                TOKEN_MFG_VREF_VOLTAGE
                0x0800ce48                TOKEN_MFG_TEMP_CAL
                0x0800ce4a                TOKEN_MFG_FIB_VERSION
                0x0800ce4c                TOKEN_MFG_FIB_CHECKSUM
                0x0800ce4e                TOKEN_MFG_FIB_OBS
                0x0800ce50                TOKEN_MFG_CIB_OBS
                0x0800ce52                TOKEN_MFG_CUSTOM_VERSION
                0x0800ce54                TOKEN_MFG_CUSTOM_EUI_64
                0x0800ce56                TOKEN_MFG_STRING
                0x0800ce58                TOKEN_MFG_BOARD_NAME
                0x0800ce5a                TOKEN_MFG_MANUF_ID
                0x0800ce5c                TOKEN_MFG_PHY_CONFIG
                0x0800ce5e                TOKEN_MFG_BOOTLOAD_AES_KEY
                0x0800ce60                TOKEN_MFG_EZSP_STORAGE
                0x0800ce62                TOKEN_MFG_ASH_CONFIG
                0x0800ce64                TOKEN_MFG_CBKE_DATA
                0x0800ce66                TOKEN_MFG_INSTALLATION_CODE
                0x0800ce68                TOKEN_MFG_OSC24M_BIAS_TRIM
                0x0800ce6a                TOKEN_MFG_EUI_64
 .rodata        0x0800ce6c        0x8 contiki-mbxxx.a(flash.o)
 .rodata        0x0800ce74        0x4 contiki-mbxxx.a(crt-stm32w108.o)
 .rodata        0x0800ce78        0x8 contiki-mbxxx.a(rimeaddr.o)
                0x0800ce78                rimeaddr_null
 .rodata        0x0800ce80        0x2 contiki-mbxxx.a(frame802154.o)
 *fill*         0x0800ce82        0x2 00
 .rodata        0x0800ce84        0x8 contiki-mbxxx.a(framer-802154.o)
                0x0800ce84                framer_802154
 .rodata        0x0800ce8c       0x10 contiki-mbxxx.a(acc-sensor.o)
                0x0800ce8c                acc_sensor
 .rodata        0x0800ce9c       0x10 contiki-mbxxx.a(temperature-sen)
                0x0800ce9c                temperature_sensor
 .rodata        0x0800ceac       0x10 contiki-mbxxx.a(contact-sensor.)
                0x0800ceac                contact_sensor
 .rodata        0x0800cebc        0xe contiki-mbxxx.a(adc.o)
 .rodata        0x0800ceca       0x20 ../../../cpu/stm32w108/lib/e_stdio_intonly_thumb2.a(_SP_vfprintf.o)
 *(.rodata*)
 .rodata.str1.1
                0x0800ceea       0xbc border-router.co
                                 0xc0 (size before relaxing)
 .rodata.str1.1
                0x0800cfa6       0xa1 obj_mbxxx/slip-bridge.o
 .rodata.str1.1
                0x0800d047       0x59 obj_mbxxx/httpd-simple.o
 .rodata.str1.1
                0x0800d0a0        0x8 contiki-mbxxx.a(nullmac.o)
 .rodata.str1.1
                0x0800d0a8        0xb contiki-mbxxx.a(sicslowmac.o)
 .rodata.str1.1
                0x0800d0b3        0xc contiki-mbxxx.a(etimer.o)
 .rodata.str1.1
                0x0800d0bf        0xf contiki-mbxxx.a(ctimer.o)
 .rodata.str1.1
                0x0800d0ce        0xb contiki-mbxxx.a(sicslowpan.o)
 .rodata.str1.1
                0x0800d0d9        0xd contiki-mbxxx.a(tcpip.o)
 .rodata.str1.1
                0x0800d0e6       0x14 contiki-mbxxx.a(uip-debug.o)
                                 0x1a (size before relaxing)
 .rodata.str1.1
                0x0800d0fa        0x8 contiki-mbxxx.a(sensors.o)
 .rodata.str1.1
                0x0800d102        0x7 contiki-mbxxx.a(button-sensor.o)
 .rodata.str1.1
                0x0800d109       0xcb contiki-mbxxx.a(contiki-main.o)
                                 0xd1 (size before relaxing)
 .rodata.str1.1
                0x0800d1d4      0x1b6 contiki-mbxxx.a(board.o)
                                0x1bc (size before relaxing)
 .rodata.str1.1
                0x0800d38a       0x21 contiki-mbxxx.a(slip.o)
 .rodata.str1.1
                0x0800d3ab       0x14 contiki-mbxxx.a(stm32w-radio.o)
 .rodata.str1.1
                0x0800d3bf        0xe contiki-mbxxx.a(serial-line.o)
 .rodata.str1.1
                0x0800d3cd        0x4 contiki-mbxxx.a(acc-sensor.o)
 .rodata.str1.1
                0x0800d3d1        0xc contiki-mbxxx.a(temperature-sen)
 .rodata.str1.1
                0x0800d3dd        0x8 contiki-mbxxx.a(contact-sensor.)
 *fill*         0x0800d3e5        0x3 00
 .rodata.stmPowerLevel
                0x0800d3e8       0x20 ../../../cpu/stm32w108/simplemac/library/simplemac-library-gnu.a(analogue-min.o)
                0x0800d3e8                stmPowerLevel
 .rodata.powerLevelSettings
                0x0800d408        0x8 ../../../cpu/stm32w108/simplemac/library/simplemac-library-gnu.a(analogue-min.o)
                0x0800d408                powerLevelSettings
 .rodata.stmChannelSettings
                0x0800d410       0x40 ../../../cpu/stm32w108/simplemac/library/simplemac-library-gnu.a(analogue-min.o)
                0x0800d410                stmChannelSettings
 .rodata.bothTokSerialRegAddress
                0x0800d450        0x8 ../../../cpu/stm32w108/simplemac/library/simplemac-library-gnu.a(analogue-cell-bias-min.o)
                0x0800d450                bothTokSerialRegAddress
 .rodata.normalOrBoostTokSerialRegAddress
                0x0800d458        0xc ../../../cpu/stm32w108/simplemac/library/simplemac-library-gnu.a(analogue-cell-bias-min.o)
                0x0800d458                normalOrBoostTokSerialRegAddress
 .rodata.str1.1
                0x0800d464       0x32 ../../../cpu/stm32w108/lib/e_stdio_intonly_thumb2.a(_SP_vfprintf.o)
                                 0x43 (size before relaxing)
 *fill*         0x0800d496        0x2 00
 .rodata.str1.4
                0x0800d498        0x4 /home/prabha/Sourcery_G++_Lite/bin/../lib/gcc/arm-none-eabi/4.5.2/../../../../arm-none-eabi/lib/thumb2/libc.a(lib_a-impure.o)
 *(.glue_7)
 .glue_7        0x00000000        0x0 linker stubs
 *(.glue_7t)
 .glue_7t       0x00000000        0x0 linker stubs
                0x0800d49c                . = ALIGN (0x4)
                0x0800d49c                _etext = .
                0x0800d49c                _sidata = _etext

.vfp11_veneer   0x0800d49c        0x0
 .vfp11_veneer  0x00000000        0x0 linker stubs

.v4_bx          0x0800d49c        0x0
 .v4_bx         0x00000000        0x0 linker stubs

NVM             0x0801f800      0x800
 *(NVM)
 NVM            0x0801f800      0x800 contiki-mbxxx.a(nvm.o)
                0x0801f800                nvmStorageLeft
                0x0801fc00                nvmStorageRight

FAT             0x08040000       0x2c
                0x08040000                . = ALIGN (0x4)
 *(FAT)
 FAT            0x08040000       0x2c contiki-mbxxx.a(crt-stm32w108.o)
                0x08040000                halFixedAddressTable
                0x0804002c                . = ALIGN (0x4)

.data           0x20000500      0x288 load address 0x0800d49c
                0x20000500                . = ALIGN (0x4)
                0x20000500                _sdata = .
 *(.data)
 .data          0x20000500       0x30 border-router.co
                0x20000500                dag_id
                0x20000510                border_router_process
                0x20000520                webserver_nogui_process
 .data          0x20000530        0xc obj_mbxxx/httpd-simple.o
 .data          0x2000053c       0x10 contiki-mbxxx.a(rpl-dag.o)
 .data          0x2000054c        0x1 contiki-mbxxx.a(rpl-icmp6.o)
 *fill*         0x2000054d        0x3 00
 .data          0x20000550       0x1c contiki-mbxxx.a(rpl-mrhof.o)
                0x20000550                rpl_mrhof
 .data          0x2000056c       0x10 contiki-mbxxx.a(etimer.o)
                0x2000056c                etimer_process
 .data          0x2000057c       0x10 contiki-mbxxx.a(ctimer.o)
                0x2000057c                ctimer_process
 .data          0x2000058c        0xc contiki-mbxxx.a(nbr-table.o)
 .data          0x20000598       0x24 contiki-mbxxx.a(queuebuf.o)
 .data          0x200005bc       0x10 contiki-mbxxx.a(tcpip.o)
                0x200005bc                tcpip_process
 .data          0x200005cc       0x28 contiki-mbxxx.a(uip-ds6-route.o)
 .data          0x200005f4       0x14 contiki-mbxxx.a(uip-ds6-nbr.o)
                0x200005f4                ds6_neighbors
 .data          0x20000608       0x10 contiki-mbxxx.a(sensors.o)
                0x20000608                sensors_process
 .data          0x20000618       0x20 contiki-mbxxx.a(contiki-main.o)
                0x20000618                procinit
                0x20000624                sensors
 .data          0x20000638        0x4 contiki-mbxxx.a(clock.o)
 .data          0x2000063c       0x10 contiki-mbxxx.a(slip.o)
                0x2000063c                slip_process
 .data          0x2000064c       0x14 contiki-mbxxx.a(stm32w-radio.o)
                0x20000650                stm32w_radio_process
 .data          0x20000660        0x4 contiki-mbxxx.a(micro.o)
 .data          0x20000664        0x2 contiki-mbxxx.a(clocks.o)
                0x20000664                biasTrim
 *fill*         0x20000666        0x2 00
 .data          0x20000668       0x10 contiki-mbxxx.a(serial-line.o)
                0x20000668                serial_line_process
 .data          0x20000678       0xf4 /home/prabha/Sourcery_G++_Lite/bin/../lib/gcc/arm-none-eabi/4.5.2/../../../../arm-none-eabi/lib/thumb2/libc.a(lib_a-impure.o)
                0x20000678                _impure_ptr
 *(.data.*)
 .data.stmRadioPower
                0x2000076c        0x1 ../../../cpu/stm32w108/simplemac/library/simplemac-library-gnu.a(analogue-min.o)
                0x2000076c                stmRadioPower
 *fill*         0x2000076d        0x1 00
 .data.stmRadioTxPowerMode
                0x2000076e        0x2 ../../../cpu/stm32w108/simplemac/library/simplemac-library-gnu.a(analogue-min.o)
                0x2000076e                stmRadioTxPowerMode
 .data.stmRadioChannel
                0x20000770        0x1 ../../../cpu/stm32w108/simplemac/library/simplemac-library-gnu.a(analogue-min.o)
                0x20000770                stmRadioChannel
 .data.stmVcoAutoTuneEnabled
                0x20000771        0x1 ../../../cpu/stm32w108/simplemac/library/simplemac-library-gnu.a(analogue-min.o)
                0x20000771                stmVcoAutoTuneEnabled
 *fill*         0x20000772        0x2 00
 .data.boostTxPowerMax
                0x20000774        0x8 ../../../cpu/stm32w108/simplemac/library/simplemac-library-gnu.a(analogue-min.o)
                0x20000774                boostTxPowerMax
 .data.stmTxStepTimeAltRfPath
                0x2000077c        0x1 ../../../cpu/stm32w108/simplemac/library/simplemac-library-gnu.a(analogue-min.o)
                0x2000077c                stmTxStepTimeAltRfPath
 .data.edCcaThreshold
                0x2000077d        0x1 ../../../cpu/stm32w108/simplemac/library/simplemac-library-gnu.a(phy-common-min.o)
 .data.stmLocalPanId
                0x2000077e        0x2 ../../../cpu/stm32w108/simplemac/library/simplemac-library-gnu.a(phy-common-min.o)
 .data.autoAckEnabled
                0x20000780        0x1 ../../../cpu/stm32w108/simplemac/library/simplemac-library-gnu.a(phy-common-min.o)
 .data.radioCheckCrc
                0x20000781        0x1 ../../../cpu/stm32w108/simplemac/library/simplemac-library-gnu.a(phy-common-min.o)
                0x20000781                radioCheckCrc
 .data.addressMatchingEnabled